Archive member included to satisfy reference by file (symbol)

app/libapp.a(main.c.obj)      (--whole-archive)
zephyr/libzephyr.a(getopt.c.obj)
                              (--whole-archive)
zephyr/libzephyr.a(getopt_common.c.obj)
                              (--whole-archive)
zephyr/libzephyr.a(cbprintf_packaged.c.obj)
                              (--whole-archive)
zephyr/libzephyr.a(dec.c.obj)
                              (--whole-archive)
zephyr/libzephyr.a(hex.c.obj)
                              (--whole-archive)
zephyr/libzephyr.a(printk.c.obj)
                              (--whole-archive)
zephyr/libzephyr.a(rb.c.obj)  (--whole-archive)
zephyr/libzephyr.a(sem.c.obj)
                              (--whole-archive)
zephyr/libzephyr.a(thread_entry.c.obj)
                              (--whole-archive)
zephyr/libzephyr.a(timeutil.c.obj)
                              (--whole-archive)
zephyr/libzephyr.a(heap.c.obj)
                              (--whole-archive)
zephyr/libzephyr.a(heap-validate.c.obj)
                              (--whole-archive)
zephyr/libzephyr.a(bitarray.c.obj)
                              (--whole-archive)
zephyr/libzephyr.a(multi_heap.c.obj)
                              (--whole-archive)
zephyr/libzephyr.a(cbprintf_complete.c.obj)
                              (--whole-archive)
zephyr/libzephyr.a(ring_buffer.c.obj)
                              (--whole-archive)
zephyr/libzephyr.a(assert.c.obj)
                              (--whole-archive)
zephyr/libzephyr.a(configs.c.obj)
                              (--whole-archive)
zephyr/libzephyr.a(soc.c.obj)
                              (--whole-archive)
zephyr/libzephyr.a(stm32cube_hal.c.obj)
                              (--whole-archive)
zephyr/libzephyr.a(soc_config.c.obj)
                              (--whole-archive)
zephyr/libzephyr.a(mem_attr.c.obj)
                              (--whole-archive)
zephyr/libzephyr.a(tracing_none.c.obj)
                              (--whole-archive)
zephyr/libzephyr.a(kernel_service.c.obj)
                              (--whole-archive)
zephyr/libzephyr.a(device_service.c.obj)
                              (--whole-archive)
zephyr/libzephyr.a(devmem_service.c.obj)
                              (--whole-archive)
zephyr/libzephyr.a(shell_uart.c.obj)
                              (--whole-archive)
zephyr/libzephyr.a(shell.c.obj)
                              (--whole-archive)
zephyr/libzephyr.a(shell_fprintf.c.obj)
                              (--whole-archive)
zephyr/libzephyr.a(shell_utils.c.obj)
                              (--whole-archive)
zephyr/libzephyr.a(shell_ops.c.obj)
                              (--whole-archive)
zephyr/libzephyr.a(shell_help.c.obj)
                              (--whole-archive)
zephyr/libzephyr.a(shell_cmds.c.obj)
                              (--whole-archive)
zephyr/libzephyr.a(shell_history.c.obj)
                              (--whole-archive)
zephyr/libzephyr.a(shell_wildcard.c.obj)
                              (--whole-archive)
zephyr/arch/common/libarch__common.a(sw_isr_common.c.obj)
                              (--whole-archive)
zephyr/arch/arch/arm/core/libarch__arm__core.a(fatal.c.obj)
                              (--whole-archive)
zephyr/arch/arch/arm/core/libarch__arm__core.a(nmi.c.obj)
                              (--whole-archive)
zephyr/arch/arch/arm/core/libarch__arm__core.a(nmi_on_reset.S.obj)
                              (--whole-archive)
zephyr/arch/arch/arm/core/libarch__arm__core.a(tls.c.obj)
                              (--whole-archive)
zephyr/arch/arch/arm/core/cortex_m/libarch__arm__core__cortex_m.a(exc_exit.S.obj)
                              (--whole-archive)
zephyr/arch/arch/arm/core/cortex_m/libarch__arm__core__cortex_m.a(fault.c.obj)
                              (--whole-archive)
zephyr/arch/arch/arm/core/cortex_m/libarch__arm__core__cortex_m.a(fault_s.S.obj)
                              (--whole-archive)
zephyr/arch/arch/arm/core/cortex_m/libarch__arm__core__cortex_m.a(fpu.c.obj)
                              (--whole-archive)
zephyr/arch/arch/arm/core/cortex_m/libarch__arm__core__cortex_m.a(reset.S.obj)
                              (--whole-archive)
zephyr/arch/arch/arm/core/cortex_m/libarch__arm__core__cortex_m.a(scb.c.obj)
                              (--whole-archive)
zephyr/arch/arch/arm/core/cortex_m/libarch__arm__core__cortex_m.a(thread_abort.c.obj)
                              (--whole-archive)
zephyr/arch/arch/arm/core/cortex_m/libarch__arm__core__cortex_m.a(vector_table.S.obj)
                              (--whole-archive)
zephyr/arch/arch/arm/core/cortex_m/libarch__arm__core__cortex_m.a(swap.c.obj)
                              (--whole-archive)
zephyr/arch/arch/arm/core/cortex_m/libarch__arm__core__cortex_m.a(swap_helper.S.obj)
                              (--whole-archive)
zephyr/arch/arch/arm/core/cortex_m/libarch__arm__core__cortex_m.a(irq_manage.c.obj)
[...]
Memory Configuration

Name             Origin             Length             Attributes
FLASH            0x0000000008000000 0x0000000000080000 xr
RAM              0x0000000020000000 0x0000000000020000 xw
IDT_LIST         0x00000000fffff7ff 0x0000000000000800 xw
*default*        0x0000000000000000 0xffffffffffffffff

Linker script and memory map

LOAD zephyr/CMakeFiles/zephyr_pre0.dir/misc/empty_file.c.obj
LOAD zephyr/CMakeFiles/offsets.dir/./arch/arm/core/offsets/offsets.c.obj
LOAD app/libapp.a
LOAD zephyr/libzephyr.a
LOAD zephyr/arch/common/libarch__common.a
LOAD zephyr/arch/arch/arm/core/libarch__arm__core.a
LOAD zephyr/arch/arch/arm/core/cortex_m/libarch__arm__core__cortex_m.a
LOAD zephyr/arch/arch/arm/core/mpu/libarch__arm__core__mpu.a
LOAD zephyr/lib/libc/picolibc/liblib__libc__picolibc.a
LOAD zephyr/lib/libc/common/liblib__libc__common.a
LOAD zephyr/lib/posix/liblib__posix.a
LOAD zephyr/drivers/interrupt_controller/libdrivers__interrupt_controller.a
LOAD zephyr/drivers/clock_control/libdrivers__clock_control.a
LOAD zephyr/drivers/console/libdrivers__console.a
LOAD zephyr/drivers/gpio/libdrivers__gpio.a
LOAD zephyr/drivers/pinctrl/libdrivers__pinctrl.a
LOAD zephyr/drivers/reset/libdrivers__reset.a
LOAD zephyr/drivers/serial/libdrivers__serial.a
LOAD zephyr/drivers/timer/libdrivers__timer.a
LOAD modules/stm32/stm32cube/lib..__modules__hal__stm32__stm32cube.a
LOAD zephyr/kernel/libkernel.a
LOAD /home/gustavo/zephyr-sdk-0.16.3/arm-zephyr-eabi/bin/../lib/gcc/arm-zephyr-eabi/12.2.0/thumb/v7e-m/nofp/libgcc.a
LOAD zephyr/arch/common/libisr_tables.a
LOAD /home/gustavo/zephyr-sdk-0.16.3/arm-zephyr-eabi/bin/../lib/gcc/../../picolibc/arm-zephyr-eabi/lib/thumb/v7e-m/nofp/libc.a
LOAD /home/gustavo/zephyr-sdk-0.16.3/arm-zephyr-eabi/bin/../lib/gcc/arm-zephyr-eabi/12.2.0/thumb/v7e-m/nofp/libgcc.a
                0x0000000000000020                _region_min_align = 0x20

.rel.plt        0x0000000008000000        0x0
 *(SORT_BY_ALIGNMENT(.rel.plt))
                [!provide]                        PROVIDE (__rel_iplt_start = .)
 *(SORT_BY_ALIGNMENT(.rel.iplt))
 .rel.iplt      0x0000000008000000        0x0 app/libapp.a(main.c.obj)
                [!provide]                        PROVIDE (__rel_iplt_end = .)

.rela.plt       0x0000000000000000        0x0
 *(SORT_BY_ALIGNMENT(.rela.plt))
                [!provide]                        PROVIDE (__rela_iplt_start = .)
 *(SORT_BY_ALIGNMENT(.rela.iplt))
                [!provide]                        PROVIDE (__rela_iplt_end = .)

.rel.dyn
 *(SORT_BY_ALIGNMENT(.rel.*))

.rela.dyn
 *(SORT_BY_ALIGNMENT(.rela.*))

/DISCARD/
 *(SORT_BY_ALIGNMENT(.plt))

/DISCARD/
 *(SORT_BY_ALIGNMENT(.iplt))
                0x0000000008000000                __rom_region_start = 0x8000000

rom_start       0x0000000008000000      0x1d8
                0x0000000008000000                __rom_start_address = .
 FILL mask 0x00
                0x0000000008000000                . = (. + (0x0 - (. - __rom_start_address)))
                0x0000000008000000                . = ALIGN (0x4)
                0x0000000008000000                . = ALIGN (0x80)
                0x0000000008000000                . = ALIGN (0x200)
                0x0000000008000000                _vector_start = .
 *(SORT_BY_ALIGNMENT(.exc_vector_table))
 *(SORT_BY_ALIGNMENT(.exc_vector_table.*))
 .exc_vector_table._vector_table_section
                0x0000000008000000       0x40 zephyr/arch/arch/arm/core/cortex_m/libarch__arm__core__cortex_m.a(vector_table.S.obj)
                0x0000000008000000                _vector_table
 *(SORT_BY_ALIGNMENT(.vectors))
                0x00000000080001d8                _vector_end = .
                0x0000000008000040                . = ALIGN (0x4)
 *(SORT_BY_ALIGNMENT(.gnu.linkonce.irq_vector_table*))
 .gnu.linkonce.irq_vector_table
                0x0000000008000040      0x198 zephyr/arch/common/libisr_tables.a(isr_tables.c.obj)
                0x0000000008000040                _irq_vector_table
                0x00000000080001d8                _vector_end = .

text            0x00000000080001d8     0x9380
                0x00000000080001d8                __text_region_start = .
 *(SORT_BY_ALIGNMENT(.text))
 .text          0x00000000080001d8       0xa0 /home/gustavo/zephyr-sdk-0.16.3/arm-zephyr-eabi/bin/../lib/gcc/arm-zephyr-eabi/12.2.0/thumb/v7e-m/nofp/libgcc.a(_aeabi_ldivmod.o)
                0x00000000080001d8                __aeabi_ldivmod
 .text          0x0000000008000278       0x30 /home/gustavo/zephyr-sdk-0.16.3/arm-zephyr-eabi/bin/../lib/gcc/arm-zephyr-eabi/12.2.0/thumb/v7e-m/nofp/libgcc.a(_aeabi_uldivmod.o)
                0x0000000008000278                __aeabi_uldivmod
 .text          0x00000000080002a8        0x4 /home/gustavo/zephyr-sdk-0.16.3/arm-zephyr-eabi/bin/../lib/gcc/arm-zephyr-eabi/12.2.0/thumb/v7e-m/nofp/libgcc.a(_dvmd_tls.o)
                0x00000000080002a8                __aeabi_ldiv0
                0x00000000080002a8                __aeabi_idiv0
 .text          0x00000000080002ac      0x2a0 /home/gustavo/zephyr-sdk-0.16.3/arm-zephyr-eabi/bin/../lib/gcc/arm-zephyr-eabi/12.2.0/thumb/v7e-m/nofp/libgcc.a(_udivmoddi4.o)
                0x00000000080002ac                __udivmoddi4
 .text          0x000000000800054c       0x14 /home/gustavo/zephyr-sdk-0.16.3/arm-zephyr-eabi/bin/../lib/gcc/../../picolibc/arm-zephyr-eabi/lib/thumb/v7e-m/nofp/libc.a(strcmp.S.o)
                0x000000000800054c                strcmp
 .text          0x0000000008000560       0x10 /home/gustavo/zephyr-sdk-0.16.3/arm-zephyr-eabi/bin/../lib/gcc/../../picolibc/arm-zephyr-eabi/lib/thumb/v7e-m/nofp/libc.a(strcpy.S.o)
                0x0000000008000560                strcpy
 .text          0x0000000008000570       0x10 /home/gustavo/zephyr-sdk-0.16.3/arm-zephyr-eabi/bin/../lib/gcc/../../picolibc/arm-zephyr-eabi/lib/thumb/v7e-m/nofp/libc.a(strlen.S.o)
                0x0000000008000570                strlen
 *(SORT_BY_ALIGNMENT(.text.*))
 .text.cmd_kernel_uptime
                0x0000000008000580       0xe8 zephyr/libzephyr.a(kernel_service.c.obj)
 .text.cmd_hello
                0x0000000008000668       0x14 app/libapp.a(main.c.obj)
 .text.button_pressed
                0x000000000800067c       0x18 app/libapp.a(main.c.obj)
 .text.blink    0x0000000008000694       0x84 app/libapp.a(main.c.obj)
                0x0000000008000694                blink
 .text.blink_handler
                0x0000000008000718       0x10 app/libapp.a(main.c.obj)
                0x0000000008000718                blink_handler
 .text.blink_scheduler
                0x0000000008000728       0x1c app/libapp.a(main.c.obj)
                0x0000000008000728                blink_scheduler
 .text.button_thread
                0x0000000008000744       0xb4 app/libapp.a(main.c.obj)
                0x0000000008000744                button_thread
 .text.blink0_work_init
                0x00000000080007f8       0x10 app/libapp.a(main.c.obj)
                0x00000000080007f8                blink0_work_init
 .text.main     0x0000000008000808       0x28 app/libapp.a(main.c.obj)
                0x0000000008000808                main
 .text.getopt   0x0000000008000830       0xf8 zephyr/libzephyr.a(getopt.c.obj)
                0x0000000008000830                getopt
 .text.z_getopt_global_state_update
                0x0000000008000928       0x34 zephyr/libzephyr.a(getopt_common.c.obj)
                0x0000000008000928                z_getopt_global_state_update
 .text.getopt_state_get
                0x000000000800095c        0x8 zephyr/libzephyr.a(getopt_common.c.obj)
                0x000000000800095c                getopt_state_get
 .text.char_out
                0x0000000008000964        0xc zephyr/libzephyr.a(printk.c.obj)
 .text.__printk_hook_install
                0x0000000008000970        0xc zephyr/libzephyr.a(printk.c.obj)
                0x0000000008000970                __printk_hook_install
 .text.vprintk  0x000000000800097c       0x30 zephyr/libzephyr.a(printk.c.obj)
                0x000000000800097c                vprintk
 .text.z_thread_entry
                0x00000000080009ac       0x34 zephyr/libzephyr.a(thread_entry.c.obj)
                0x00000000080009ac                z_thread_entry
 .text.stm32g4_init
                0x00000000080009e0       0x4c zephyr/libzephyr.a(soc.c.obj)
 .text.st_stm32_common_config
                0x0000000008000a2c       0x14 zephyr/libzephyr.a(soc_config.c.obj)
 .text.mem_attr_get_regions
                0x0000000008000a40        0xc zephyr/libzephyr.a(mem_attr.c.obj)
                0x0000000008000a40                mem_attr_get_regions
 .text.cmd_kernel_version
                0x0000000008000a4c       0x2c zephyr/libzephyr.a(kernel_service.c.obj)
 .text.cmd_kernel_threads
                0x0000000008000a78       0x38 zephyr/libzephyr.a(kernel_service.c.obj)
 .text.shell_tdata_dump
                0x0000000008000ab0      0x120 zephyr/libzephyr.a(kernel_service.c.obj)
 .text.cmd_kernel_stacks
                0x0000000008000bd0       0x74 zephyr/libzephyr.a(kernel_service.c.obj)
 .text.cmd_kernel_cycles
                0x0000000008000c44       0x1c zephyr/libzephyr.a(kernel_service.c.obj)
 .text.cmd_kernel_sleep
                0x0000000008000c60       0x40 zephyr/libzephyr.a(kernel_service.c.obj)
 .text.shell_stack_dump
                0x0000000008000ca0       0x64 zephyr/libzephyr.a(kernel_service.c.obj)
 .text.cmd_device_list
                0x0000000008000d04       0x8c zephyr/libzephyr.a(device_service.c.obj)
 .text.cmd_devmem
                0x0000000008000d90       0xcc zephyr/libzephyr.a(devmem_service.c.obj)
 .text.cmd_dump
                0x0000000008000e5c      0x190 zephyr/libzephyr.a(devmem_service.c.obj)
 .text.set_bypass.isra.0
                0x0000000008000fec       0x50 zephyr/libzephyr.a(devmem_service.c.obj)
 .text.bypass_cb
                0x000000000800103c      0x118 zephyr/libzephyr.a(devmem_service.c.obj)
 .text.cmd_load
                0x0000000008001154       0xd8 zephyr/libzephyr.a(devmem_service.c.obj)
 .text.enable_shell_uart
                0x000000000800122c       0x34 zephyr/libzephyr.a(shell_uart.c.obj)
 .text.init     0x0000000008001260       0x64 zephyr/libzephyr.a(shell_uart.c.obj)
 .text.shell_internal_help_print
                0x00000000080012c4       0x20 zephyr/libzephyr.a(shell.c.obj)
 .text.kill_handler
                0x00000000080012e4       0x50 zephyr/libzephyr.a(shell.c.obj)
 .text.z_cursor_next_line_move.isra.0
                0x0000000008001334        0xc zephyr/libzephyr.a(shell.c.obj)
 .text.history_handle
                0x0000000008001340       0xa8 zephyr/libzephyr.a(shell.c.obj)
 .text.execute  0x00000000080013e8      0x2c0 zephyr/libzephyr.a(shell.c.obj)
 .text.state_set.constprop.0
                0x00000000080016a8       0x4c zephyr/libzephyr.a(shell.c.obj)
 .text.shell_process
                0x00000000080016f4      0x6c8 zephyr/libzephyr.a(shell.c.obj)
                0x00000000080016f4                shell_process
 .text.shell_init
                0x0000000008001dbc       0xf8 zephyr/libzephyr.a(shell.c.obj)
                0x0000000008001dbc                shell_init
 .text.shell_start
                0x0000000008001eb4       0x54 zephyr/libzephyr.a(shell.c.obj)
                0x0000000008001eb4                shell_start
 .text.shell_thread
                0x0000000008001f08       0xa0 zephyr/libzephyr.a(shell.c.obj)
                0x0000000008001f08                shell_thread
 .text.cmd_help
                0x0000000008001fa8       0x4c zephyr/libzephyr.a(shell.c.obj)
 .text.shell_hexdump_line
                0x0000000008001ff4       0xe8 zephyr/libzephyr.a(shell.c.obj)
                0x0000000008001ff4                shell_hexdump_line
 .text.z_shell_fprintf_fmt
                0x00000000080020dc       0x28 zephyr/libzephyr.a(shell_fprintf.c.obj)
                0x00000000080020dc                z_shell_fprintf_fmt
 .text.z_shell_make_argv
                0x0000000008002104      0x1b8 zephyr/libzephyr.a(shell_utils.c.obj)
                0x0000000008002104                z_shell_make_argv
 .text.z_shell_cmd_get
                0x00000000080022bc       0x74 zephyr/libzephyr.a(shell_utils.c.obj)
                0x00000000080022bc                z_shell_cmd_get
 .text.z_shell_spaces_trim
                0x0000000008002330       0x6c zephyr/libzephyr.a(shell_utils.c.obj)
                0x0000000008002330                z_shell_spaces_trim
 .text.z_shell_cmd_trim
                0x000000000800239c       0x70 zephyr/libzephyr.a(shell_utils.c.obj)
                0x000000000800239c                z_shell_cmd_trim
 .text.shell_strtoul
                0x000000000800240c       0x54 zephyr/libzephyr.a(shell_utils.c.obj)
                0x000000000800240c                shell_strtoul
 .text.z_clear_eos
                0x0000000008002460       0x18 zephyr/libzephyr.a(shell_ops.c.obj)
 .text.z_cursor_next_line_move.isra.0
                0x0000000008002478        0xc zephyr/libzephyr.a(shell_ops.c.obj)
 .text.z_shell_op_cursor_vert_move
                0x0000000008002484       0x2c zephyr/libzephyr.a(shell_ops.c.obj)
                0x0000000008002484                z_shell_op_cursor_vert_move
 .text.z_shell_op_cursor_horiz_move
                0x00000000080024b0       0x2c zephyr/libzephyr.a(shell_ops.c.obj)
                0x00000000080024b0                z_shell_op_cursor_horiz_move
 .text.z_shell_op_cursor_word_move
                0x00000000080024dc       0x78 zephyr/libzephyr.a(shell_ops.c.obj)
                0x00000000080024dc                z_shell_op_cursor_word_move
 .text.z_shell_print_cmd
                0x0000000008002554       0x78 zephyr/libzephyr.a(shell_ops.c.obj)
                0x0000000008002554                z_shell_print_cmd
 .text.z_shell_vt100_color_set
                0x00000000080025cc       0x40 zephyr/libzephyr.a(shell_ops.c.obj)
                0x00000000080025cc                z_shell_vt100_color_set
 .text.z_shell_vt100_colors_restore
                0x000000000800260c       0x3c zephyr/libzephyr.a(shell_ops.c.obj)
                0x000000000800260c                z_shell_vt100_colors_restore
 .text.z_shell_op_word_remove
                0x0000000008002648       0xc0 zephyr/libzephyr.a(shell_ops.c.obj)
                0x0000000008002648                z_shell_op_word_remove
 .text.reprint_from_cursor
                0x0000000008002708       0x74 zephyr/libzephyr.a(shell_ops.c.obj)
 .text.z_shell_op_char_insert
                0x000000000800277c       0x6c zephyr/libzephyr.a(shell_ops.c.obj)
                0x000000000800277c                z_shell_op_char_insert
 .text.z_shell_print_prompt_and_cmd
                0x00000000080027e8       0x30 zephyr/libzephyr.a(shell_ops.c.obj)
                0x00000000080027e8                z_shell_print_prompt_and_cmd
 .text.z_cursor_next_line_move.isra.0
                0x0000000008002818        0xc zephyr/libzephyr.a(shell_help.c.obj)
 .text.formatted_text_print.constprop.0
                0x0000000008002824       0xe4 zephyr/libzephyr.a(shell_help.c.obj)
 .text.z_shell_help_subcmd_print
                0x0000000008002908       0xb4 zephyr/libzephyr.a(shell_help.c.obj)
                0x0000000008002908                z_shell_help_subcmd_print
 .text.z_shell_help_cmd_print
                0x00000000080029bc       0x40 zephyr/libzephyr.a(shell_help.c.obj)
                0x00000000080029bc                z_shell_help_cmd_print
 .text.z_shell_help_request
                0x00000000080029fc       0x28 zephyr/libzephyr.a(shell_help.c.obj)
                0x00000000080029fc                z_shell_help_request
 .text.cmd_resize_default
                0x0000000008002a24       0x2c zephyr/libzephyr.a(shell_cmds.c.obj)
 .text.cmd_shell_stats_show
                0x0000000008002a50       0x18 zephyr/libzephyr.a(shell_cmds.c.obj)
 .text.cmd_backends
                0x0000000008002a68       0x54 zephyr/libzephyr.a(shell_cmds.c.obj)
 .text.cmd_prompt_off
                0x0000000008002abc       0x10 zephyr/libzephyr.a(shell_cmds.c.obj)
 .text.cmd_history
                0x0000000008002acc       0x44 zephyr/libzephyr.a(shell_cmds.c.obj)
 .text.cmd_get_retval
                0x0000000008002b10       0x1c zephyr/libzephyr.a(shell_cmds.c.obj)
 .text.cmd_echo
                0x0000000008002b2c       0x58 zephyr/libzephyr.a(shell_cmds.c.obj)
 .text.cmd_clear
                0x0000000008002b84       0x34 zephyr/libzephyr.a(shell_cmds.c.obj)
 .text.cmd_resize
                0x0000000008002bb8      0x1a8 zephyr/libzephyr.a(shell_cmds.c.obj)
 .text.z_shell_wildcard_process
                0x0000000008002d60       0xe4 zephyr/libzephyr.a(shell_wildcard.c.obj)
                0x0000000008002d60                z_shell_wildcard_process
 .text.z_SysNmiOnReset
                0x0000000008002e44        0x8 zephyr/arch/arch/arm/core/libarch__arm__core.a(nmi_on_reset.S.obj)
                0x0000000008002e44                z_SysNmiOnReset
 .text.arch_tls_stack_setup
                0x0000000008002e4c       0x60 zephyr/arch/arch/arm/core/libarch__arm__core.a(tls.c.obj)
                0x0000000008002e4c                arch_tls_stack_setup
 .text._HandlerModeExit
                0x0000000008002eac       0x1c zephyr/arch/arch/arm/core/cortex_m/libarch__arm__core__cortex_m.a(exc_exit.S.obj)
                0x0000000008002eac                z_arm_exc_exit
                0x0000000008002eac                z_arm_int_exit
 .text.mem_manage_fault
                0x0000000008002ec8       0xa0 zephyr/arch/arch/arm/core/cortex_m/libarch__arm__core__cortex_m.a(fault.c.obj)
 .text.usage_fault.constprop.0
                0x0000000008002f68       0x54 zephyr/arch/arch/arm/core/cortex_m/libarch__arm__core__cortex_m.a(fault.c.obj)
 .text.bus_fault.constprop.0
                0x0000000008002fbc       0x6c zephyr/arch/arch/arm/core/cortex_m/libarch__arm__core__cortex_m.a(fault.c.obj)
 .text.z_arm_fault
                0x0000000008003028      0x128 zephyr/arch/arch/arm/core/cortex_m/libarch__arm__core__cortex_m.a(fault.c.obj)
                0x0000000008003028                z_arm_fault
 .text.z_arm_fault_init
                0x0000000008003150       0x10 zephyr/arch/arch/arm/core/cortex_m/libarch__arm__core__cortex_m.a(fault.c.obj)
                0x0000000008003150                z_arm_fault_init
 .text.__fault  0x0000000008003160       0x14 zephyr/arch/arch/arm/core/cortex_m/libarch__arm__core__cortex_m.a(fault_s.S.obj)
                0x0000000008003160                z_arm_bus_fault
                0x0000000008003160                z_arm_usage_fault
                0x0000000008003160                z_arm_mpu_fault
                0x0000000008003160                z_arm_exc_spurious
                0x0000000008003160                z_arm_debug_monitor
                0x0000000008003160                z_arm_hard_fault
 .text._reset_section
                0x0000000008003174       0x38 zephyr/arch/arch/arm/core/cortex_m/libarch__arm__core__cortex_m.a(reset.S.obj)
                0x0000000008003174                z_arm_reset
                0x0000000008003174                __start
 .text.z_impl_k_thread_abort
                0x00000000080031ac       0x2c zephyr/arch/arch/arm/core/cortex_m/libarch__arm__core__cortex_m.a(thread_abort.c.obj)
                0x00000000080031ac                z_impl_k_thread_abort
 .text.arch_swap
                0x00000000080031d8       0x34 zephyr/arch/arch/arm/core/cortex_m/libarch__arm__core__cortex_m.a(swap.c.obj)
                0x00000000080031d8                arch_swap
 .text.z_arm_pendsv
                0x000000000800320c       0x7c zephyr/arch/arch/arm/core/cortex_m/libarch__arm__core__cortex_m.a(swap_helper.S.obj)
                0x000000000800320c                z_arm_pendsv
 .text.z_arm_svc
                0x0000000008003288       0x20 zephyr/arch/arch/arm/core/cortex_m/libarch__arm__core__cortex_m.a(swap_helper.S.obj)
                0x0000000008003288                z_arm_svc
 .text.arch_irq_enable
                0x00000000080032a8       0x1c zephyr/arch/arch/arm/core/cortex_m/libarch__arm__core__cortex_m.a(irq_manage.c.obj)
                0x00000000080032a8                arch_irq_enable
 .text.z_arm_irq_priority_set
                0x00000000080032c4       0x30 zephyr/arch/arch/arm/core/cortex_m/libarch__arm__core__cortex_m.a(irq_manage.c.obj)
                0x00000000080032c4                z_arm_irq_priority_set
 .text.z_arm_prep_c
                0x00000000080032f4       0x48 zephyr/arch/arch/arm/core/cortex_m/libarch__arm__core__cortex_m.a(prep_c.c.obj)
                0x00000000080032f4                z_arm_prep_c
 .text.arch_new_thread
                0x000000000800333c       0x38 zephyr/arch/arch/arm/core/cortex_m/libarch__arm__core__cortex_m.a(thread.c.obj)
                0x000000000800333c                arch_new_thread
 .text.z_check_thread_stack_fail
                0x0000000008003374       0x30 zephyr/arch/arch/arm/core/cortex_m/libarch__arm__core__cortex_m.a(thread.c.obj)
                0x0000000008003374                z_check_thread_stack_fail
 .text.arch_switch_to_main_thread
                0x00000000080033a4       0x40 zephyr/arch/arch/arm/core/cortex_m/libarch__arm__core__cortex_m.a(thread.c.obj)
                0x00000000080033a4                arch_switch_to_main_thread
 .text.z_arm_cpu_idle_init
                0x00000000080033e4        0xc zephyr/arch/arch/arm/core/cortex_m/libarch__arm__core__cortex_m.a(cpu_idle.S.obj)
                0x00000000080033e4                z_arm_cpu_idle_init
 .text.arch_cpu_idle
                0x00000000080033f0       0x1c zephyr/arch/arch/arm/core/cortex_m/libarch__arm__core__cortex_m.a(cpu_idle.S.obj)
                0x00000000080033f0                arch_cpu_idle
 .text.z_arm_interrupt_init
                0x000000000800340c       0x18 zephyr/arch/arch/arm/core/cortex_m/libarch__arm__core__cortex_m.a(irq_init.c.obj)
                0x000000000800340c                z_arm_interrupt_init
 .text._isr_wrapper
                0x0000000008003424       0x28 zephyr/arch/arch/arm/core/cortex_m/libarch__arm__core__cortex_m.a(isr_wrapper.S.obj)
                0x0000000008003424                _isr_wrapper
 .text.z_arm_configure_static_mpu_regions
                0x000000000800344c       0x18 zephyr/arch/arch/arm/core/mpu/libarch__arm__core__mpu.a(arm_core_mpu.c.obj)
                0x000000000800344c                z_arm_configure_static_mpu_regions
 .text.z_arm_configure_dynamic_mpu_regions
                0x0000000008003464       0x24 zephyr/arch/arch/arm/core/mpu/libarch__arm__core__mpu.a(arm_core_mpu.c.obj)
                0x0000000008003464                z_arm_configure_dynamic_mpu_regions
 .text.region_init
                0x0000000008003488       0x28 zephyr/arch/arch/arm/core/mpu/libarch__arm__core__mpu.a(arm_mpu.c.obj)
 .text.arm_core_mpu_enable
                0x00000000080034b0       0x18 zephyr/arch/arch/arm/core/mpu/libarch__arm__core__mpu.a(arm_mpu.c.obj)
                0x00000000080034b0                arm_core_mpu_enable
 .text.arm_core_mpu_disable
                0x00000000080034c8       0x14 zephyr/arch/arch/arm/core/mpu/libarch__arm__core__mpu.a(arm_mpu.c.obj)
                0x00000000080034c8                arm_core_mpu_disable
 .text.arm_core_mpu_configure_static_mpu_regions
                0x00000000080034dc       0x14 zephyr/arch/arch/arm/core/mpu/libarch__arm__core__mpu.a(arm_mpu.c.obj)
                0x00000000080034dc                arm_core_mpu_configure_static_mpu_regions
 .text.arm_core_mpu_configure_dynamic_mpu_regions
                0x00000000080034f0       0x30 zephyr/arch/arch/arm/core/mpu/libarch__arm__core__mpu.a(arm_mpu.c.obj)
                0x00000000080034f0                arm_core_mpu_configure_dynamic_mpu_regions
 .text.z_arm_mpu_init
                0x0000000008003520      0x124 zephyr/arch/arch/arm/core/mpu/libarch__arm__core__mpu.a(arm_mpu.c.obj)
                0x0000000008003520                z_arm_mpu_init
 .text.z_impl_zephyr_fputc
                0x0000000008003644       0x10 zephyr/lib/libc/picolibc/liblib__libc__picolibc.a(libc-hooks.c.obj)
                0x0000000008003644                z_impl_zephyr_fputc
 .text.__stdout_hook_install
                0x0000000008003654       0x18 zephyr/lib/libc/picolibc/liblib__libc__picolibc.a(libc-hooks.c.obj)
                0x0000000008003654                __stdout_hook_install
 .text.cbvprintf
                0x000000000800366c       0x38 zephyr/lib/libc/picolibc/liblib__libc__picolibc.a(libc-hooks.c.obj)
                0x000000000800366c                cbvprintf
 .text.malloc_prepare
                0x00000000080036a4       0x24 zephyr/lib/libc/common/liblib__libc__common.a(malloc.c.obj)
 .text.foldcase
                0x00000000080036c8       0x18 zephyr/lib/posix/liblib__posix.a(fnmatch.c.obj)
 .text.stm32_exti_isr
                0x00000000080036e0       0x4c zephyr/drivers/interrupt_controller/libdrivers__interrupt_controller.a(intc_exti_stm32.c.obj)
 .text.stm32_fill_irq_table
                0x000000000800372c       0x18 zephyr/drivers/interrupt_controller/libdrivers__interrupt_controller.a(intc_exti_stm32.c.obj)
 .text.stm32_exti_enable
                0x0000000008003744       0x24 zephyr/drivers/interrupt_controller/libdrivers__interrupt_controller.a(intc_exti_stm32.c.obj)
                0x0000000008003744                stm32_exti_enable
 .text.stm32_exti_disable
                0x0000000008003768       0x18 zephyr/drivers/interrupt_controller/libdrivers__interrupt_controller.a(intc_exti_stm32.c.obj)
                0x0000000008003768                stm32_exti_disable
 .text.stm32_exti_trigger
                0x0000000008003780       0x60 zephyr/drivers/interrupt_controller/libdrivers__interrupt_controller.a(intc_exti_stm32.c.obj)
                0x0000000008003780                stm32_exti_trigger
 .text.stm32_exti_set_callback
                0x00000000080037e0       0x30 zephyr/drivers/interrupt_controller/libdrivers__interrupt_controller.a(intc_exti_stm32.c.obj)
                0x00000000080037e0                stm32_exti_set_callback
 .text.stm32_exti_unset_callback
                0x0000000008003810       0x14 zephyr/drivers/interrupt_controller/libdrivers__interrupt_controller.a(intc_exti_stm32.c.obj)
                0x0000000008003810                stm32_exti_unset_callback
 .text.stm32_clock_control_get_subsys_rate
                0x0000000008003824       0x94 zephyr/drivers/clock_control/libdrivers__clock_control.a(clock_stm32_ll_common.c.obj)
 .text.stm32_clock_control_init
                0x00000000080038b8      0x13c zephyr/drivers/clock_control/libdrivers__clock_control.a(clock_stm32_ll_common.c.obj)
                0x00000000080038b8                stm32_clock_control_init
 .text.get_pllsrc_frequency
                0x00000000080039f4        0x8 zephyr/drivers/clock_control/libdrivers__clock_control.a(clock_stm32g4.c.obj)
                0x00000000080039f4                get_pllsrc_frequency
 .text.config_pll_sysclock
                0x00000000080039fc       0x34 zephyr/drivers/clock_control/libdrivers__clock_control.a(clock_stm32g4.c.obj)
                0x00000000080039fc                config_pll_sysclock
 .text.config_enable_default_clocks
                0x0000000008003a30       0x20 zephyr/drivers/clock_control/libdrivers__clock_control.a(clock_stm32g4.c.obj)
                0x0000000008003a30                config_enable_default_clocks
 .text.uart_console_init
                0x0000000008003a50       0x28 zephyr/drivers/console/libdrivers__console.a(uart_console.c.obj)
 .text.console_out
                0x0000000008003a78       0x28 zephyr/drivers/console/libdrivers__console.a(uart_console.c.obj)
 .text.gpio_stm32_init
                0x0000000008003aa0       0x30 zephyr/drivers/gpio/libdrivers__gpio.a(gpio_stm32.c.obj)
 .text.gpio_stm32_pin_interrupt_configure
                0x0000000008003ad0      0x110 zephyr/drivers/gpio/libdrivers__gpio.a(gpio_stm32.c.obj)
 .text.pinctrl_configure_pins
                0x0000000008003be0       0x84 zephyr/drivers/pinctrl/libdrivers__pinctrl.a(pinctrl_stm32.c.obj)
                0x0000000008003be0                pinctrl_configure_pins
 .text.uart_stm32_cfg2ll_stopbits
                0x0000000008003c64       0x38 zephyr/drivers/serial/libdrivers__serial.a(uart_stm32.c.obj)
 .text.uart_stm32_irq_err_enable
                0x0000000008003c9c       0x64 zephyr/drivers/serial/libdrivers__serial.a(uart_stm32.c.obj)
 .text.uart_stm32_irq_err_disable
                0x0000000008003d00       0x64 zephyr/drivers/serial/libdrivers__serial.a(uart_stm32.c.obj)
 .text.lpuartdiv_calc
                0x0000000008003d64       0x30 zephyr/drivers/serial/libdrivers__serial.a(uart_stm32.c.obj)
                0x0000000008003d64                lpuartdiv_calc
 .text.uart_stm32_set_baudrate
                0x0000000008003d94       0xbc zephyr/drivers/serial/libdrivers__serial.a(uart_stm32.c.obj)
 .text.uart_stm32_configure
                0x0000000008003e50      0x108 zephyr/drivers/serial/libdrivers__serial.a(uart_stm32.c.obj)
 .text.uart_stm32_init
                0x0000000008003f58      0x160 zephyr/drivers/serial/libdrivers__serial.a(uart_stm32.c.obj)
 .text.elapsed  0x00000000080040b8       0x4c zephyr/drivers/timer/libdrivers__timer.a(cortex_m_systick.c.obj)
 .text.sys_clock_driver_init
                0x0000000008004104       0x38 zephyr/drivers/timer/libdrivers__timer.a(cortex_m_systick.c.obj)
 .text.sys_clock_isr
                0x000000000800413c       0x54 zephyr/drivers/timer/libdrivers__timer.a(cortex_m_systick.c.obj)
                0x000000000800413c                sys_clock_isr
 .text.sys_clock_set_timeout
                0x0000000008004190       0xfc zephyr/drivers/timer/libdrivers__timer.a(cortex_m_systick.c.obj)
                0x0000000008004190                sys_clock_set_timeout
 .text.sys_clock_elapsed
                0x000000000800428c       0x3c zephyr/drivers/timer/libdrivers__timer.a(cortex_m_systick.c.obj)
                0x000000000800428c                sys_clock_elapsed
 .text.sys_clock_cycle_get_32
                0x00000000080042c8       0x2c zephyr/drivers/timer/libdrivers__timer.a(cortex_m_systick.c.obj)
                0x00000000080042c8                sys_clock_cycle_get_32
 .text.HAL_RCC_GetSysClockFreq
                0x00000000080042f4       0x6c modules/stm32/stm32cube/lib..__modules__hal__stm32__stm32cube.a(stm32g4xx_hal_rcc.c.obj)
                0x00000000080042f4                HAL_RCC_GetSysClockFreq
 .text.LL_SetFlashLatency
                0x0000000008004360       0xcc modules/stm32/stm32cube/lib..__modules__hal__stm32__stm32cube.a(stm32g4xx_ll_utils.c.obj)
                0x0000000008004360                LL_SetFlashLatency
 .text.z_impl_k_busy_wait
                0x000000000800442c       0x30 zephyr/kernel/libkernel.a(busy_wait.c.obj)
                0x000000000800442c                z_impl_k_busy_wait
 .text.z_device_get_all_static
                0x000000000800445c       0x18 zephyr/kernel/libkernel.a(device.c.obj)
                0x000000000800445c                z_device_get_all_static
 .text.z_fatal_error
                0x0000000008004474       0x30 zephyr/kernel/libkernel.a(fatal.c.obj)
                0x0000000008004474                z_fatal_error
 .text.z_sys_init_run_level
                0x00000000080044a4       0x48 zephyr/kernel/libkernel.a(init.c.obj)
 .text.bg_thread_main
                0x00000000080044ec       0x34 zephyr/kernel/libkernel.a(init.c.obj)
 .text.z_bss_zero
                0x0000000008004520       0x18 zephyr/kernel/libkernel.a(init.c.obj)
                0x0000000008004520                z_bss_zero
 .text.z_init_cpu
                0x0000000008004538       0xa8 zephyr/kernel/libkernel.a(init.c.obj)
                0x0000000008004538                z_init_cpu
 .text.z_cstart
                0x00000000080045e0       0xdc zephyr/kernel/libkernel.a(init.c.obj)
                0x00000000080045e0                z_cstart
 .text.k_thread_foreach
                0x00000000080046bc       0x38 zephyr/kernel/libkernel.a(thread.c.obj)
                0x00000000080046bc                k_thread_foreach
 .text.z_thread_monitor_exit
                0x00000000080046f4       0x44 zephyr/kernel/libkernel.a(thread.c.obj)
                0x00000000080046f4                z_thread_monitor_exit
 .text.z_impl_k_thread_name_set
                0x0000000008004738       0x20 zephyr/kernel/libkernel.a(thread.c.obj)
                0x0000000008004738                z_impl_k_thread_name_set
 .text.k_thread_state_str
                0x0000000008004758       0x90 zephyr/kernel/libkernel.a(thread.c.obj)
                0x0000000008004758                k_thread_state_str
 .text.z_setup_new_thread
                0x00000000080047e8       0xfc zephyr/kernel/libkernel.a(thread.c.obj)
                0x00000000080047e8                z_setup_new_thread
 .text.z_impl_k_thread_create
                0x00000000080048e4       0x58 zephyr/kernel/libkernel.a(thread.c.obj)
                0x00000000080048e4                z_impl_k_thread_create
 .text.z_init_static_threads
                0x000000000800493c       0x98 zephyr/kernel/libkernel.a(thread.c.obj)
                0x000000000800493c                z_init_static_threads
 .text.z_thread_mark_switched_in
                0x00000000080049d4        0xc zephyr/kernel/libkernel.a(thread.c.obj)
                0x00000000080049d4                z_thread_mark_switched_in
 .text.sys_kernel_version_get
                0x00000000080049e0        0x8 zephyr/kernel/libkernel.a(version.c.obj)
                0x00000000080049e0                sys_kernel_version_get
 .text.z_impl_k_mutex_lock
                0x00000000080049e8       0xf4 zephyr/kernel/libkernel.a(mutex.c.obj)
                0x00000000080049e8                z_impl_k_mutex_lock
 .text.z_impl_k_mutex_unlock
                0x0000000008004adc       0x7c zephyr/kernel/libkernel.a(mutex.c.obj)
                0x0000000008004adc                z_impl_k_mutex_unlock
 .text.z_impl_k_sem_give
                0x0000000008004b58       0x4c zephyr/kernel/libkernel.a(sem.c.obj)
                0x0000000008004b58                z_impl_k_sem_give
 .text.work_queue_main
                0x0000000008004ba4      0x138 zephyr/kernel/libkernel.a(work.c.obj)
 .text.submit_to_queue_locked
                0x0000000008004cdc       0xb4 zephyr/kernel/libkernel.a(work.c.obj)
 .text.k_work_submit
                0x0000000008004d90        0xc zephyr/kernel/libkernel.a(work.c.obj)
                0x0000000008004d90                k_work_submit
 .text.k_work_queue_start
                0x0000000008004d9c       0x70 zephyr/kernel/libkernel.a(work.c.obj)
                0x0000000008004d9c                k_work_queue_start
 .text.k_work_reschedule_for_queue
                0x0000000008004e0c       0x5c zephyr/kernel/libkernel.a(work.c.obj)
                0x0000000008004e0c                k_work_reschedule_for_queue
 .text.k_work_reschedule
                0x0000000008004e68        0xc zephyr/kernel/libkernel.a(work.c.obj)
                0x0000000008004e68                k_work_reschedule
 .text.sliceable
                0x0000000008004e74       0x3c zephyr/kernel/libkernel.a(sched.c.obj)
 .text.slice_timeout
                0x0000000008004eb0       0x20 zephyr/kernel/libkernel.a(sched.c.obj)
 .text.z_reset_time_slice
                0x0000000008004ed0       0x50 zephyr/kernel/libkernel.a(sched.c.obj)
                0x0000000008004ed0                z_reset_time_slice
 .text.update_cache
                0x0000000008004f20       0x3c zephyr/kernel/libkernel.a(sched.c.obj)
 .text.move_thread_to_end_of_prio_q
                0x0000000008004f5c       0x74 zephyr/kernel/libkernel.a(sched.c.obj)
 .text.ready_thread
                0x0000000008004fd0       0x68 zephyr/kernel/libkernel.a(sched.c.obj)
 .text.unready_thread
                0x0000000008005038       0x30 zephyr/kernel/libkernel.a(sched.c.obj)
 .text.pend_locked
                0x0000000008005068       0x30 zephyr/kernel/libkernel.a(sched.c.obj)
 .text.z_thread_halt
                0x0000000008005098       0xac zephyr/kernel/libkernel.a(sched.c.obj)
 .text.z_time_slice
                0x0000000008005144       0x60 zephyr/kernel/libkernel.a(sched.c.obj)
                0x0000000008005144                z_time_slice
 .text.z_pend_curr
                0x00000000080051a4       0x3c zephyr/kernel/libkernel.a(sched.c.obj)
                0x00000000080051a4                z_pend_curr
 .text.z_set_prio
                0x00000000080051e0       0x8c zephyr/kernel/libkernel.a(sched.c.obj)
                0x00000000080051e0                z_set_prio
 .text.z_reschedule
                0x000000000800526c       0x24 zephyr/kernel/libkernel.a(sched.c.obj)
                0x000000000800526c                z_reschedule
 .text.z_sched_start
                0x0000000008005290       0x3c zephyr/kernel/libkernel.a(sched.c.obj)
                0x0000000008005290                z_sched_start
 .text.k_sched_lock
                0x00000000080052cc       0x28 zephyr/kernel/libkernel.a(sched.c.obj)
                0x00000000080052cc                k_sched_lock
 .text.k_sched_unlock
                0x00000000080052f4       0x38 zephyr/kernel/libkernel.a(sched.c.obj)
                0x00000000080052f4                k_sched_unlock
 .text.z_sched_init
                0x000000000800532c       0x10 zephyr/kernel/libkernel.a(sched.c.obj)
                0x000000000800532c                z_sched_init
 .text.z_impl_k_yield
                0x000000000800533c       0x7c zephyr/kernel/libkernel.a(sched.c.obj)
                0x000000000800533c                z_impl_k_yield
 .text.z_tick_sleep
                0x00000000080053b8       0x88 zephyr/kernel/libkernel.a(sched.c.obj)
 .text.z_impl_k_sleep
                0x0000000008005440       0x30 zephyr/kernel/libkernel.a(sched.c.obj)
                0x0000000008005440                z_impl_k_sleep
 .text.z_impl_k_sched_current_thread_query
                0x0000000008005470        0xc zephyr/kernel/libkernel.a(sched.c.obj)
                0x0000000008005470                z_impl_k_sched_current_thread_query
 .text.z_sched_wait
                0x000000000800547c       0x24 zephyr/kernel/libkernel.a(sched.c.obj)
                0x000000000800547c                z_sched_wait
 .text.z_data_copy
                0x00000000080054a0       0x34 zephyr/kernel/libkernel.a(xip.c.obj)
                0x00000000080054a0                z_data_copy
 .text.elapsed  0x00000000080054d4       0x14 zephyr/kernel/libkernel.a(timeout.c.obj)
 .text.next_timeout
                0x00000000080054e8       0x40 zephyr/kernel/libkernel.a(timeout.c.obj)
 .text.remove_timeout
                0x0000000008005528       0x38 zephyr/kernel/libkernel.a(timeout.c.obj)
 .text.z_add_timeout
                0x0000000008005560       0xec zephyr/kernel/libkernel.a(timeout.c.obj)
                0x0000000008005560                z_add_timeout
 .text.sys_clock_announce
                0x000000000800564c       0xd4 zephyr/kernel/libkernel.a(timeout.c.obj)
                0x000000000800564c                sys_clock_announce
 .text.sys_clock_tick_get
                0x0000000008005720       0x34 zephyr/kernel/libkernel.a(timeout.c.obj)
                0x0000000008005720                sys_clock_tick_get
 .text.z_impl_k_poll
                0x0000000008005754       0xb8 zephyr/kernel/libkernel.a(poll.c.obj)
                0x0000000008005754                z_impl_k_poll
 .text.z_impl_k_poll_signal_raise
                0x000000000800580c       0x50 zephyr/kernel/libkernel.a(poll.c.obj)
                0x000000000800580c                z_impl_k_poll_signal_raise
 .text.z_sched_usage_start
                0x000000000800585c       0x18 zephyr/kernel/libkernel.a(usage.c.obj)
                0x000000000800585c                z_sched_usage_start
 .text.z_sched_usage_stop
                0x0000000008005874       0x58 zephyr/kernel/libkernel.a(usage.c.obj)
                0x0000000008005874                z_sched_usage_stop
 .text.z_sched_cpu_usage
                0x00000000080058cc       0x88 zephyr/kernel/libkernel.a(usage.c.obj)
                0x00000000080058cc                z_sched_cpu_usage
 .text.z_sched_thread_usage
                0x0000000008005954       0x80 zephyr/kernel/libkernel.a(usage.c.obj)
                0x0000000008005954                z_sched_thread_usage
 .text.k_thread_system_pool_assign
                0x00000000080059d4        0xc zephyr/kernel/libkernel.a(mempool.c.obj)
                0x00000000080059d4                k_thread_system_pool_assign
 .text.boot_banner
                0x00000000080059e0        0xc zephyr/kernel/libkernel.a(banner.c.obj)
                0x00000000080059e0                boot_banner
 .text.statics_init
                0x00000000080059ec       0x24 zephyr/kernel/libkernel.a(kheap.c.obj)
 .text.k_sys_work_q_init
                0x0000000008005a10       0x34 zephyr/kernel/libkernel.a(system_work_q.c.obj)
 .text.snprintf
                0x0000000008005a44       0x58 /home/gustavo/zephyr-sdk-0.16.3/arm-zephyr-eabi/bin/../lib/gcc/../../picolibc/arm-zephyr-eabi/lib/thumb/v7e-m/nofp/libc.a(libc_tinystdio_snprintf.c.o)
                0x0000000008005a44                snprintf
 .text.strtol   0x0000000008005a9c       0xe0 /home/gustavo/zephyr-sdk-0.16.3/arm-zephyr-eabi/bin/../lib/gcc/../../picolibc/arm-zephyr-eabi/lib/thumb/v7e-m/nofp/libc.a(libc_tinystdio_strtol.c.o)
                0x0000000008005a9c                strtol
 .text.strtoul  0x0000000008005b7c       0xc8 /home/gustavo/zephyr-sdk-0.16.3/arm-zephyr-eabi/bin/../lib/gcc/../../picolibc/arm-zephyr-eabi/lib/thumb/v7e-m/nofp/libc.a(libc_tinystdio_strtoul.c.o)
                0x0000000008005b7c                strtoul
 .text.skip_to_arg
                0x0000000008005c44      0x138 /home/gustavo/zephyr-sdk-0.16.3/arm-zephyr-eabi/bin/../lib/gcc/../../picolibc/arm-zephyr-eabi/lib/thumb/v7e-m/nofp/libc.a(libc_tinystdio_vfprintf.c.o)
 .text.vfprintf
                0x0000000008005d7c      0xbac /home/gustavo/zephyr-sdk-0.16.3/arm-zephyr-eabi/bin/../lib/gcc/../../picolibc/arm-zephyr-eabi/lib/thumb/v7e-m/nofp/libc.a(libc_tinystdio_vfprintf.c.o)
                0x0000000008005d7c                __d_vfprintf
                0x0000000008005d7c                vfprintf
 .text.div10    0x0000000008006928       0x28 /home/gustavo/zephyr-sdk-0.16.3/arm-zephyr-eabi/bin/../lib/gcc/../../picolibc/arm-zephyr-eabi/lib/thumb/v7e-m/nofp/libc.a(libc_tinystdio_dtoa_ryu.c.o)
 .text.__dtoa_engine
                0x0000000008006950      0x4a4 /home/gustavo/zephyr-sdk-0.16.3/arm-zephyr-eabi/bin/../lib/gcc/../../picolibc/arm-zephyr-eabi/lib/thumb/v7e-m/nofp/libc.a(libc_tinystdio_dtoa_ryu.c.o)
                0x0000000008006950                __dtoa_engine
 .text.__pow5Factor
                0x0000000008006df4       0x30 /home/gustavo/zephyr-sdk-0.16.3/arm-zephyr-eabi/bin/../lib/gcc/../../picolibc/arm-zephyr-eabi/lib/thumb/v7e-m/nofp/libc.a(libc_tinystdio_ryu_table.c.o)
                0x0000000008006df4                __pow5Factor
 .text.__double_computePow5
                0x0000000008006e24       0xe8 /home/gustavo/zephyr-sdk-0.16.3/arm-zephyr-eabi/bin/../lib/gcc/../../picolibc/arm-zephyr-eabi/lib/thumb/v7e-m/nofp/libc.a(libc_tinystdio_ryu_table.c.o)
                0x0000000008006e24                __double_computePow5
 .text.__double_computeInvPow5
                0x0000000008006f0c       0xf8 /home/gustavo/zephyr-sdk-0.16.3/arm-zephyr-eabi/bin/../lib/gcc/../../picolibc/arm-zephyr-eabi/lib/thumb/v7e-m/nofp/libc.a(libc_tinystdio_ryu_table.c.o)
                0x0000000008006f0c                __double_computeInvPow5
 .text.__log10Pow2
                0x0000000008007004        0xc /home/gustavo/zephyr-sdk-0.16.3/arm-zephyr-eabi/bin/../lib/gcc/../../picolibc/arm-zephyr-eabi/lib/thumb/v7e-m/nofp/libc.a(libc_tinystdio_ryu_log10.c.o)
                0x0000000008007004                __log10Pow2
 .text.__log10Pow5
                0x0000000008007010        0xc /home/gustavo/zephyr-sdk-0.16.3/arm-zephyr-eabi/bin/../lib/gcc/../../picolibc/arm-zephyr-eabi/lib/thumb/v7e-m/nofp/libc.a(libc_tinystdio_ryu_log10.c.o)
                0x0000000008007010                __log10Pow5
 .text.__pow5bits
                0x000000000800701c       0x10 /home/gustavo/zephyr-sdk-0.16.3/arm-zephyr-eabi/bin/../lib/gcc/../../picolibc/arm-zephyr-eabi/lib/thumb/v7e-m/nofp/libc.a(libc_tinystdio_ryu_pow5bits.c.o)
                0x000000000800701c                __pow5bits
 .text._OffsetAbsSyms
                0x000000000800702c        0x2 zephyr/CMakeFiles/offsets.dir/./arch/arm/core/offsets/offsets.c.obj
                0x000000000800702c                _OffsetAbsSyms
 .text.gpio_pin_configure_dt
                0x000000000800702e       0x2a app/libapp.a(main.c.obj)
 .text.arch_printk_char_out
                0x0000000008007058        0x4 zephyr/libzephyr.a(printk.c.obj)
                0x0000000008007058                arch_printk_char_out
 .text.printk   0x000000000800705c       0x1a zephyr/libzephyr.a(printk.c.obj)
                0x000000000800705c                printk
 .text.chunk_size
                0x0000000008007076        0xa zephyr/libzephyr.a(heap.c.obj)
 .text.free_list_add
                0x0000000008007080       0x4e zephyr/libzephyr.a(heap.c.obj)
 .text.sys_heap_init
                0x00000000080070ce       0x7a zephyr/libzephyr.a(heap.c.obj)
                0x00000000080070ce                sys_heap_init
 .text.ring_buf_put_claim
                0x0000000008007148       0x3e zephyr/libzephyr.a(ring_buffer.c.obj)
                0x0000000008007148                ring_buf_put_claim
 .text.ring_buf_put_finish
                0x0000000008007186       0x2a zephyr/libzephyr.a(ring_buffer.c.obj)
                0x0000000008007186                ring_buf_put_finish
 .text.ring_buf_put
                0x00000000080071b0       0x3e zephyr/libzephyr.a(ring_buffer.c.obj)
                0x00000000080071b0                ring_buf_put
 .text.ring_buf_get_claim
                0x00000000080071ee       0x40 zephyr/libzephyr.a(ring_buffer.c.obj)
                0x00000000080071ee                ring_buf_get_claim
 .text.ring_buf_get_finish
                0x000000000800722e       0x2a zephyr/libzephyr.a(ring_buffer.c.obj)
                0x000000000800722e                ring_buf_get_finish
 .text.ring_buf_get
                0x0000000008007258       0x40 zephyr/libzephyr.a(ring_buffer.c.obj)
                0x0000000008007258                ring_buf_get
 .text._ConfigAbsSyms
                0x0000000008007298        0x2 zephyr/libzephyr.a(configs.c.obj)
                0x0000000008007298                _ConfigAbsSyms
 .text.uart_irq_tx_disable
                0x000000000800729a        0xa zephyr/libzephyr.a(shell_uart.c.obj)
 .text.enable   0x00000000080072a4       0x12 zephyr/libzephyr.a(shell_uart.c.obj)
 .text.read     0x00000000080072b6       0x12 zephyr/libzephyr.a(shell_uart.c.obj)
 .text.uninit   0x00000000080072c8       0x20 zephyr/libzephyr.a(shell_uart.c.obj)
 .text.write    0x00000000080072e8       0x6c zephyr/libzephyr.a(shell_uart.c.obj)
 .text.uart_callback
                0x0000000008007354       0xe2 zephyr/libzephyr.a(shell_uart.c.obj)
 .text.cmd_buffer_clear
                0x0000000008007436       0x12 zephyr/libzephyr.a(shell.c.obj)
 .text.atomic_or
                0x0000000008007448       0x1e zephyr/libzephyr.a(shell.c.obj)
 .text.atomic_and
                0x0000000008007466       0x1e zephyr/libzephyr.a(shell.c.obj)
 .text.shell_signal_handle
                0x0000000008007484       0x2c zephyr/libzephyr.a(shell.c.obj)
 .text.z_shell_strlen
                0x00000000080074b0        0xc zephyr/libzephyr.a(shell.c.obj)
 .text.z_shell_raw_fprintf
                0x00000000080074bc       0x1a zephyr/libzephyr.a(shell.c.obj)
 .text.k_mutex_lock.constprop.0.isra.0
                0x00000000080074d6        0x4 zephyr/libzephyr.a(shell.c.obj)
 .text.transport_evt_handler
                0x00000000080074da       0x14 zephyr/libzephyr.a(shell.c.obj)
 .text.z_flag_cmd_ctx_set.isra.0
                0x00000000080074ee       0x16 zephyr/libzephyr.a(shell.c.obj)
 .text.z_flag_history_exit_set.isra.0
                0x0000000008007504       0x14 zephyr/libzephyr.a(shell.c.obj)
 .text.z_flag_insert_mode_set.isra.0
                0x0000000008007518       0x1e zephyr/libzephyr.a(shell.c.obj)
 .text.k_mutex_unlock.isra.0
                0x0000000008007536        0x4 zephyr/libzephyr.a(shell.c.obj)
 .text.shell_vfprintf
                0x000000000800753a       0x8a zephyr/libzephyr.a(shell.c.obj)
                0x000000000800753a                shell_vfprintf
 .text.shell_fprintf
                0x00000000080075c4       0x1a zephyr/libzephyr.a(shell.c.obj)
                0x00000000080075c4                shell_fprintf
 .text.shell_prompt_change
                0x00000000080075de       0x20 zephyr/libzephyr.a(shell.c.obj)
                0x00000000080075de                shell_prompt_change
 .text.shell_get_return_value
                0x00000000080075fe       0x10 zephyr/libzephyr.a(shell.c.obj)
                0x00000000080075fe                shell_get_return_value
 .text.shell_set_bypass
                0x000000000800760e        0xc zephyr/libzephyr.a(shell.c.obj)
                0x000000000800760e                shell_set_bypass
 .text.z_shell_fprintf_buffer_flush
                0x000000000800761a       0x18 zephyr/libzephyr.a(shell_fprintf.c.obj)
                0x000000000800761a                z_shell_fprintf_buffer_flush
 .text.out_func
                0x0000000008007632       0x3c zephyr/libzephyr.a(shell_fprintf.c.obj)
 .text.z_shell_strlen
                0x000000000800766e        0xc zephyr/libzephyr.a(shell_utils.c.obj)
 .text.z_column_span_with_buffer_offsets_get
                0x000000000800767a       0x1e zephyr/libzephyr.a(shell_utils.c.obj)
                0x000000000800767a                z_column_span_with_buffer_offsets_get
 .text.z_row_span_with_buffer_offsets_get
                0x0000000008007698       0x16 zephyr/libzephyr.a(shell_utils.c.obj)
                0x0000000008007698                z_row_span_with_buffer_offsets_get
 .text.z_shell_multiline_data_calc
                0x00000000080076ae       0x2c zephyr/libzephyr.a(shell_utils.c.obj)
                0x00000000080076ae                z_shell_multiline_data_calc
 .text.z_shell_pattern_remove
                0x00000000080076da       0x4e zephyr/libzephyr.a(shell_utils.c.obj)
                0x00000000080076da                z_shell_pattern_remove
 .text.z_shell_find_cmd
                0x0000000008007728       0x56 zephyr/libzephyr.a(shell_utils.c.obj)
                0x0000000008007728                z_shell_find_cmd
 .text.z_shell_get_last_command
                0x000000000800777e       0x5c zephyr/libzephyr.a(shell_utils.c.obj)
                0x000000000800777e                z_shell_get_last_command
 .text.z_shell_raw_fprintf
                0x00000000080077da       0x1a zephyr/libzephyr.a(shell_ops.c.obj)
 .text.full_line_cmd.isra.0
                0x00000000080077f4       0x24 zephyr/libzephyr.a(shell_ops.c.obj)
 .text.z_shell_cursor_in_empty_line
                0x0000000008007818       0x2e zephyr/libzephyr.a(shell_ops.c.obj)
                0x0000000008007818                z_shell_cursor_in_empty_line
 .text.z_shell_op_cond_next_line
                0x0000000008007846       0x1e zephyr/libzephyr.a(shell_ops.c.obj)
                0x0000000008007846                z_shell_op_cond_next_line
 .text.z_shell_op_cursor_position_synchronize
                0x0000000008007864       0x46 zephyr/libzephyr.a(shell_ops.c.obj)
                0x0000000008007864                z_shell_op_cursor_position_synchronize
 .text.z_shell_op_cursor_move
                0x00000000080078aa       0x48 zephyr/libzephyr.a(shell_ops.c.obj)
                0x00000000080078aa                z_shell_op_cursor_move
 .text.z_shell_op_cursor_home_move
                0x00000000080078f2        0xc zephyr/libzephyr.a(shell_ops.c.obj)
                0x00000000080078f2                z_shell_op_cursor_home_move
 .text.z_shell_op_cursor_end_move
                0x00000000080078fe        0xe zephyr/libzephyr.a(shell_ops.c.obj)
                0x00000000080078fe                z_shell_op_cursor_end_move
 .text.z_shell_op_left_arrow
                0x000000000800790c       0x10 zephyr/libzephyr.a(shell_ops.c.obj)
                0x000000000800790c                z_shell_op_left_arrow
 .text.z_shell_op_right_arrow
                0x000000000800791c       0x12 zephyr/libzephyr.a(shell_ops.c.obj)
                0x000000000800791c                z_shell_op_right_arrow
 .text.z_shell_op_delete_from_cursor
                0x000000000800792e       0x16 zephyr/libzephyr.a(shell_ops.c.obj)
                0x000000000800792e                z_shell_op_delete_from_cursor
 .text.z_shell_cmd_line_erase
                0x0000000008007944       0x34 zephyr/libzephyr.a(shell_ops.c.obj)
                0x0000000008007944                z_shell_cmd_line_erase
 .text.z_shell_write
                0x0000000008007978       0x88 zephyr/libzephyr.a(shell_ops.c.obj)
                0x0000000008007978                z_shell_write
 .text.z_shell_print_stream
                0x0000000008007a00        0x4 zephyr/libzephyr.a(shell_ops.c.obj)
                0x0000000008007a00                z_shell_print_stream
 .text.z_shell_vfprintf
                0x0000000008007a04       0x4a zephyr/libzephyr.a(shell_ops.c.obj)
                0x0000000008007a04                z_shell_vfprintf
 .text.z_shell_fprintf
                0x0000000008007a4e       0x1a zephyr/libzephyr.a(shell_ops.c.obj)
                0x0000000008007a4e                z_shell_fprintf
 .text.data_insert
                0x0000000008007a68       0x66 zephyr/libzephyr.a(shell_ops.c.obj)
 .text.z_shell_op_completion_insert
                0x0000000008007ace        0x4 zephyr/libzephyr.a(shell_ops.c.obj)
                0x0000000008007ace                z_shell_op_completion_insert
 .text.z_shell_op_char_delete
                0x0000000008007ad2       0x36 zephyr/libzephyr.a(shell_ops.c.obj)
                0x0000000008007ad2                z_shell_op_char_delete
 .text.z_shell_op_char_backspace
                0x0000000008007b08       0x22 zephyr/libzephyr.a(shell_ops.c.obj)
                0x0000000008007b08                z_shell_op_char_backspace
 .text.z_shell_raw_fprintf
                0x0000000008007b2a       0x1a zephyr/libzephyr.a(shell_help.c.obj)
 .text.cmd_comment
                0x0000000008007b44        0x4 zephyr/libzephyr.a(shell_cmds.c.obj)
 .text.cmd_shell_stats_reset
                0x0000000008007b48        0x8 zephyr/libzephyr.a(shell_cmds.c.obj)
 .text.z_shell_raw_fprintf
                0x0000000008007b50       0x1a zephyr/libzephyr.a(shell_cmds.c.obj)
 .text.cmd_prompt_on
                0x0000000008007b6a        0xc zephyr/libzephyr.a(shell_cmds.c.obj)
 .text.cmd_vt100_off
                0x0000000008007b76       0x22 zephyr/libzephyr.a(shell_cmds.c.obj)
 .text.cmd_bacskpace_mode_delete
                0x0000000008007b98       0x22 zephyr/libzephyr.a(shell_cmds.c.obj)
 .text.cmd_colors_off
                0x0000000008007bba       0x22 zephyr/libzephyr.a(shell_cmds.c.obj)
 .text.cmd_bacskpace_mode_backspace
                0x0000000008007bdc       0x22 zephyr/libzephyr.a(shell_cmds.c.obj)
 .text.cmd_echo_off
                0x0000000008007bfe       0x22 zephyr/libzephyr.a(shell_cmds.c.obj)
 .text.cmd_colors_on
                0x0000000008007c20       0x22 zephyr/libzephyr.a(shell_cmds.c.obj)
 .text.cmd_vt100_on
                0x0000000008007c42       0x22 zephyr/libzephyr.a(shell_cmds.c.obj)
 .text.cmd_echo_on
                0x0000000008007c64       0x22 zephyr/libzephyr.a(shell_cmds.c.obj)
 .text.remove_from_tail.part.0
                0x0000000008007c86       0x24 zephyr/libzephyr.a(shell_history.c.obj)
 .text.z_shell_history_mode_exit
                0x0000000008007caa        0x6 zephyr/libzephyr.a(shell_history.c.obj)
                0x0000000008007caa                z_shell_history_mode_exit
 .text.z_shell_history_get
                0x0000000008007cb0       0x56 zephyr/libzephyr.a(shell_history.c.obj)
                0x0000000008007cb0                z_shell_history_get
 .text.z_shell_history_purge
                0x0000000008007d06       0x18 zephyr/libzephyr.a(shell_history.c.obj)
                0x0000000008007d06                z_shell_history_purge
 .text.z_shell_history_put
                0x0000000008007d1e       0xd0 zephyr/libzephyr.a(shell_history.c.obj)
                0x0000000008007d1e                z_shell_history_put
 .text.z_shell_history_init
                0x0000000008007dee        0xc zephyr/libzephyr.a(shell_history.c.obj)
                0x0000000008007dee                z_shell_history_init
 .text.z_shell_has_wildcard
                0x0000000008007dfa       0x28 zephyr/libzephyr.a(shell_wildcard.c.obj)
                0x0000000008007dfa                z_shell_has_wildcard
 .text.z_shell_wildcard_prepare
                0x0000000008007e22       0x40 zephyr/libzephyr.a(shell_wildcard.c.obj)
                0x0000000008007e22                z_shell_wildcard_prepare
 .text.z_shell_wildcard_finalize
                0x0000000008007e62       0x1e zephyr/libzephyr.a(shell_wildcard.c.obj)
                0x0000000008007e62                z_shell_wildcard_finalize
 .text.z_arm_fatal_error
                0x0000000008007e80        0x4 zephyr/arch/arch/arm/core/libarch__arm__core.a(fatal.c.obj)
                0x0000000008007e80                z_arm_fatal_error
 .text.z_do_kernel_oops
                0x0000000008007e84        0x8 zephyr/arch/arch/arm/core/libarch__arm__core.a(fatal.c.obj)
                0x0000000008007e84                z_do_kernel_oops
 .text.z_arm_nmi
                0x0000000008007e8c        0xe zephyr/arch/arch/arm/core/libarch__arm__core.a(nmi.c.obj)
                0x0000000008007e8c                z_arm_nmi
 .text.z_irq_spurious
                0x0000000008007e9a        0x8 zephyr/arch/arch/arm/core/cortex_m/libarch__arm__core__cortex_m.a(irq_manage.c.obj)
                0x0000000008007e9a                z_irq_spurious
 .text.size_to_mpu_rasr_size
                0x0000000008007ea2       0x20 zephyr/arch/arch/arm/core/mpu/libarch__arm__core__mpu.a(arm_mpu.c.obj)
 .text.mpu_configure_regions
                0x0000000008007ec2       0x5c zephyr/arch/arch/arm/core/mpu/libarch__arm__core__mpu.a(arm_mpu.c.obj)
 .text.cbputc   0x0000000008007f1e        0xc zephyr/lib/libc/picolibc/liblib__libc__picolibc.a(libc-hooks.c.obj)
 .text.picolibc_put
                0x0000000008007f2a        0xa zephyr/lib/libc/picolibc/liblib__libc__picolibc.a(libc-hooks.c.obj)
 .text.fnmatchx
                0x0000000008007f34      0x23c zephyr/lib/posix/liblib__posix.a(fnmatch.c.obj)
 .text.fnmatch  0x0000000008008170        0x6 zephyr/lib/posix/liblib__posix.a(fnmatch.c.obj)
                0x0000000008008170                fnmatch
 .text.stm32_exti_init
                0x0000000008008176       0x92 zephyr/drivers/interrupt_controller/libdrivers__interrupt_controller.a(intc_exti_stm32.c.obj)
 .text.stm32_clock_control_on
                0x0000000008008208       0x24 zephyr/drivers/clock_control/libdrivers__clock_control.a(clock_stm32_ll_common.c.obj)
 .text.stm32_clock_control_off
                0x000000000800822c       0x24 zephyr/drivers/clock_control/libdrivers__clock_control.a(clock_stm32_ll_common.c.obj)
 .text.stm32_clock_control_configure
                0x0000000008008250       0x5c zephyr/drivers/clock_control/libdrivers__clock_control.a(clock_stm32_ll_common.c.obj)
 .text.stm32_clock_control_get_status
                0x00000000080082ac       0x36 zephyr/drivers/clock_control/libdrivers__clock_control.a(clock_stm32_ll_common.c.obj)
 .text.gpio_stm32_port_get_raw
                0x00000000080082e2        0xc zephyr/drivers/gpio/libdrivers__gpio.a(gpio_stm32.c.obj)
 .text.gpio_stm32_port_set_masked_raw
                0x00000000080082ee       0x12 zephyr/drivers/gpio/libdrivers__gpio.a(gpio_stm32.c.obj)
 .text.gpio_stm32_port_set_bits_raw
                0x0000000008008300        0xa zephyr/drivers/gpio/libdrivers__gpio.a(gpio_stm32.c.obj)
 .text.gpio_stm32_port_clear_bits_raw
                0x000000000800830a        0xa zephyr/drivers/gpio/libdrivers__gpio.a(gpio_stm32.c.obj)
 .text.gpio_stm32_port_toggle_bits
                0x0000000008008314        0xe zephyr/drivers/gpio/libdrivers__gpio.a(gpio_stm32.c.obj)
 .text.gpio_stm32_manage_callback
                0x0000000008008322       0x52 zephyr/drivers/gpio/libdrivers__gpio.a(gpio_stm32.c.obj)
 .text.gpio_stm32_configure_raw.isra.0
                0x0000000008008374      0x106 zephyr/drivers/gpio/libdrivers__gpio.a(gpio_stm32.c.obj)
 .text.gpio_stm32_config
                0x000000000800847a       0x72 zephyr/drivers/gpio/libdrivers__gpio.a(gpio_stm32.c.obj)
 .text.gpio_stm32_isr
                0x00000000080084ec       0x2e zephyr/drivers/gpio/libdrivers__gpio.a(gpio_stm32.c.obj)
 .text.gpio_stm32_configure
                0x000000000800851a       0x2a zephyr/drivers/gpio/libdrivers__gpio.a(gpio_stm32.c.obj)
                0x000000000800851a                gpio_stm32_configure
 .text.pinctrl_lookup_state
                0x0000000008008544       0x26 zephyr/drivers/pinctrl/libdrivers__pinctrl.a(common.c.obj)
                0x0000000008008544                pinctrl_lookup_state
 .text.reset_stm32_status
                0x000000000800856a       0x20 zephyr/drivers/reset/libdrivers__reset.a(reset_stm32.c.obj)
 .text.reset_stm32_line_assert
                0x000000000800858a       0x1c zephyr/drivers/reset/libdrivers__reset.a(reset_stm32.c.obj)
 .text.reset_stm32_line_deassert
                0x00000000080085a6       0x1e zephyr/drivers/reset/libdrivers__reset.a(reset_stm32.c.obj)
 .text.reset_stm32_line_toggle
                0x00000000080085c4       0x16 zephyr/drivers/reset/libdrivers__reset.a(reset_stm32.c.obj)
 .text.uart_stm32_ll2cfg_databits
                0x00000000080085da       0x2a zephyr/drivers/serial/libdrivers__serial.a(uart_stm32.c.obj)
 .text.uart_stm32_err_check
                0x0000000008008604       0x62 zephyr/drivers/serial/libdrivers__serial.a(uart_stm32.c.obj)
 .text.uart_stm32_irq_tx_enable
                0x0000000008008666       0x16 zephyr/drivers/serial/libdrivers__serial.a(uart_stm32.c.obj)
 .text.uart_stm32_irq_tx_disable
                0x000000000800867c       0x16 zephyr/drivers/serial/libdrivers__serial.a(uart_stm32.c.obj)
 .text.uart_stm32_irq_rx_enable
                0x0000000008008692       0x16 zephyr/drivers/serial/libdrivers__serial.a(uart_stm32.c.obj)
 .text.uart_stm32_irq_rx_disable
                0x00000000080086a8       0x16 zephyr/drivers/serial/libdrivers__serial.a(uart_stm32.c.obj)
 .text.uart_stm32_irq_rx_ready
                0x00000000080086be        0xc zephyr/drivers/serial/libdrivers__serial.a(uart_stm32.c.obj)
 .text.uart_stm32_irq_update
                0x00000000080086ca        0x4 zephyr/drivers/serial/libdrivers__serial.a(uart_stm32.c.obj)
 .text.uart_stm32_irq_callback_set
                0x00000000080086ce        0x8 zephyr/drivers/serial/libdrivers__serial.a(uart_stm32.c.obj)
 .text.uart_stm32_isr
                0x00000000080086d6        0xc zephyr/drivers/serial/libdrivers__serial.a(uart_stm32.c.obj)
 .text.uart_stm32_irq_config_func_0
                0x00000000080086e2       0x16 zephyr/drivers/serial/libdrivers__serial.a(uart_stm32.c.obj)
 .text.uart_stm32_irq_config_func_1
                0x00000000080086f8       0x16 zephyr/drivers/serial/libdrivers__serial.a(uart_stm32.c.obj)
 .text.uart_stm32_irq_tx_complete
                0x000000000800870e        0xc zephyr/drivers/serial/libdrivers__serial.a(uart_stm32.c.obj)
 .text.uart_stm32_irq_tx_ready
                0x000000000800871a       0x14 zephyr/drivers/serial/libdrivers__serial.a(uart_stm32.c.obj)
 .text.uart_stm32_config_get
                0x000000000800872e       0x92 zephyr/drivers/serial/libdrivers__serial.a(uart_stm32.c.obj)
 .text.uart_stm32_fifo_fill
                0x00000000080087c0       0x64 zephyr/drivers/serial/libdrivers__serial.a(uart_stm32.c.obj)
 .text.uart_stm32_poll_out
                0x0000000008008824       0x3a zephyr/drivers/serial/libdrivers__serial.a(uart_stm32.c.obj)
 .text.uart_stm32_irq_is_pending
                0x000000000800885e       0x24 zephyr/drivers/serial/libdrivers__serial.a(uart_stm32.c.obj)
 .text.uart_stm32_fifo_read
                0x0000000008008882       0x4c zephyr/drivers/serial/libdrivers__serial.a(uart_stm32.c.obj)
 .text.uart_stm32_poll_in
                0x00000000080088ce       0x22 zephyr/drivers/serial/libdrivers__serial.a(uart_stm32.c.obj)
 .text.uart_stm32_parameters_set
                0x00000000080088f0      0x136 zephyr/drivers/serial/libdrivers__serial.a(uart_stm32.c.obj)
 .text.z_device_state_init
                0x0000000008008a26        0x2 zephyr/kernel/libkernel.a(device.c.obj)
                0x0000000008008a26                z_device_state_init
 .text.z_device_is_ready
                0x0000000008008a28       0x16 zephyr/kernel/libkernel.a(device.c.obj)
                0x0000000008008a28                z_device_is_ready
 .text.arch_system_halt
                0x0000000008008a3e       0x12 zephyr/kernel/libkernel.a(fatal.c.obj)
                0x0000000008008a3e                arch_system_halt
 .text.k_sys_fatal_error_handler
                0x0000000008008a50        0x6 zephyr/kernel/libkernel.a(fatal.c.obj)
                0x0000000008008a50                k_sys_fatal_error_handler
 .text.z_early_memset
                0x0000000008008a56        0x4 zephyr/kernel/libkernel.a(init.c.obj)
                0x0000000008008a56                z_early_memset
 .text.z_early_memcpy
                0x0000000008008a5a        0x4 zephyr/kernel/libkernel.a(init.c.obj)
                0x0000000008008a5a                z_early_memcpy
 .text.k_is_in_isr
                0x0000000008008a5e        0xc zephyr/kernel/libkernel.a(thread.c.obj)
                0x0000000008008a5e                k_is_in_isr
 .text.k_thread_name_get
                0x0000000008008a6a        0x4 zephyr/kernel/libkernel.a(thread.c.obj)
                0x0000000008008a6a                k_thread_name_get
 .text.z_impl_k_thread_start
                0x0000000008008a6e        0x4 zephyr/kernel/libkernel.a(thread.c.obj)
                0x0000000008008a6e                z_impl_k_thread_start
 .text.z_stack_space_get
                0x0000000008008a72       0x18 zephyr/kernel/libkernel.a(thread.c.obj)
                0x0000000008008a72                z_stack_space_get
 .text.z_impl_k_thread_stack_space_get
                0x0000000008008a8a        0xa zephyr/kernel/libkernel.a(thread.c.obj)
                0x0000000008008a8a                z_impl_k_thread_stack_space_get
 .text.z_thread_mark_switched_out
                0x0000000008008a94        0x4 zephyr/kernel/libkernel.a(thread.c.obj)
                0x0000000008008a94                z_thread_mark_switched_out
 .text.k_thread_runtime_stats_get
                0x0000000008008a98       0x14 zephyr/kernel/libkernel.a(thread.c.obj)
                0x0000000008008a98                k_thread_runtime_stats_get
 .text.k_thread_runtime_stats_all_get
                0x0000000008008aac       0x5a zephyr/kernel/libkernel.a(thread.c.obj)
                0x0000000008008aac                k_thread_runtime_stats_all_get
 .text.idle     0x0000000008008b06       0x18 zephyr/kernel/libkernel.a(idle.c.obj)
                0x0000000008008b06                idle
 .text.adjust_owner_prio.isra.0
                0x0000000008008b1e       0x10 zephyr/kernel/libkernel.a(mutex.c.obj)
 .text.z_impl_k_mutex_init
                0x0000000008008b2e        0xe zephyr/kernel/libkernel.a(mutex.c.obj)
                0x0000000008008b2e                z_impl_k_mutex_init
 .text.flag_test_and_clear
                0x0000000008008b3c       0x16 zephyr/kernel/libkernel.a(work.c.obj)
 .text.unschedule_locked
                0x0000000008008b52       0x1e zephyr/kernel/libkernel.a(work.c.obj)
 .text.notify_queue_locked.isra.0
                0x0000000008008b70        0xe zephyr/kernel/libkernel.a(work.c.obj)
 .text.work_timeout
                0x0000000008008b7e       0x3e zephyr/kernel/libkernel.a(work.c.obj)
 .text.k_work_init
                0x0000000008008bbc       0x12 zephyr/kernel/libkernel.a(work.c.obj)
                0x0000000008008bbc                k_work_init
 .text.z_work_submit_to_queue
                0x0000000008008bce       0x28 zephyr/kernel/libkernel.a(work.c.obj)
                0x0000000008008bce                z_work_submit_to_queue
 .text.k_work_submit_to_queue
                0x0000000008008bf6       0x22 zephyr/kernel/libkernel.a(work.c.obj)
                0x0000000008008bf6                k_work_submit_to_queue
 .text.sys_dlist_remove
                0x0000000008008c18       0x10 zephyr/kernel/libkernel.a(sched.c.obj)
 .text.unpend_thread_no_timeout
                0x0000000008008c28       0x14 zephyr/kernel/libkernel.a(sched.c.obj)
 .text.z_sched_prio_cmp
                0x0000000008008c3c       0x12 zephyr/kernel/libkernel.a(sched.c.obj)
                0x0000000008008c3c                z_sched_prio_cmp
 .text.add_to_waitq_locked
                0x0000000008008c4e       0x50 zephyr/kernel/libkernel.a(sched.c.obj)
 .text.z_ready_thread
                0x0000000008008c9e       0x20 zephyr/kernel/libkernel.a(sched.c.obj)
                0x0000000008008c9e                z_ready_thread
 .text.z_impl_k_thread_suspend
                0x0000000008008cbe       0x36 zephyr/kernel/libkernel.a(sched.c.obj)
                0x0000000008008cbe                z_impl_k_thread_suspend
 .text.z_sched_wake_thread
                0x0000000008008cf4       0x44 zephyr/kernel/libkernel.a(sched.c.obj)
                0x0000000008008cf4                z_sched_wake_thread
 .text.z_thread_timeout
                0x0000000008008d38        0x8 zephyr/kernel/libkernel.a(sched.c.obj)
                0x0000000008008d38                z_thread_timeout
 .text.z_unpend1_no_timeout
                0x0000000008008d40       0x2e zephyr/kernel/libkernel.a(sched.c.obj)
                0x0000000008008d40                z_unpend1_no_timeout
 .text.z_unpend_first_thread
                0x0000000008008d6e       0x38 zephyr/kernel/libkernel.a(sched.c.obj)
                0x0000000008008d6e                z_unpend_first_thread
 .text.z_unpend_thread
                0x0000000008008da6       0x30 zephyr/kernel/libkernel.a(sched.c.obj)
                0x0000000008008da6                z_unpend_thread
 .text.z_reschedule_irqlock
                0x0000000008008dd6       0x18 zephyr/kernel/libkernel.a(sched.c.obj)
                0x0000000008008dd6                z_reschedule_irqlock
 .text.z_reschedule_unlocked
                0x0000000008008dee       0x14 zephyr/kernel/libkernel.a(sched.c.obj)
 .text.z_thread_abort
                0x0000000008008e02       0x42 zephyr/kernel/libkernel.a(sched.c.obj)
                0x0000000008008e02                z_thread_abort
 .text.z_sched_wake
                0x0000000008008e44       0x48 zephyr/kernel/libkernel.a(sched.c.obj)
                0x0000000008008e44                z_sched_wake
 .text.z_abort_timeout
                0x0000000008008e8c       0x2c zephyr/kernel/libkernel.a(timeout.c.obj)
                0x0000000008008e8c                z_abort_timeout
 .text.sys_clock_tick_get_32
                0x0000000008008eb8        0x8 zephyr/kernel/libkernel.a(timeout.c.obj)
                0x0000000008008eb8                sys_clock_tick_get_32
 .text.z_impl_k_uptime_ticks
                0x0000000008008ec0        0x4 zephyr/kernel/libkernel.a(timeout.c.obj)
                0x0000000008008ec0                z_impl_k_uptime_ticks
 .text.z_impl_k_timer_stop
                0x0000000008008ec4       0x3a zephyr/kernel/libkernel.a(timer.c.obj)
                0x0000000008008ec4                z_impl_k_timer_stop
 .text.clear_event_registrations
                0x0000000008008efe       0x5e zephyr/kernel/libkernel.a(poll.c.obj)
 .text.add_event
                0x0000000008008f5c       0x62 zephyr/kernel/libkernel.a(poll.c.obj)
 .text.register_events
                0x0000000008008fbe       0xee zephyr/kernel/libkernel.a(poll.c.obj)
 .text.signal_poll_event
                0x00000000080090ac       0x8c zephyr/kernel/libkernel.a(poll.c.obj)
 .text.k_poll_event_init
                0x0000000008009138       0x1e zephyr/kernel/libkernel.a(poll.c.obj)
                0x0000000008009138                k_poll_event_init
 .text.z_handle_obj_poll_events
                0x0000000008009156       0x36 zephyr/kernel/libkernel.a(poll.c.obj)
                0x0000000008009156                z_handle_obj_poll_events
 .text.z_impl_k_poll_signal_init
                0x000000000800918c        0xa zephyr/kernel/libkernel.a(poll.c.obj)
                0x000000000800918c                z_impl_k_poll_signal_init
 .text.z_impl_k_poll_signal_reset
                0x0000000008009196        0x6 zephyr/kernel/libkernel.a(poll.c.obj)
                0x0000000008009196                z_impl_k_poll_signal_reset
 .text.z_impl_k_poll_signal_check
                0x000000000800919c        0xa zephyr/kernel/libkernel.a(poll.c.obj)
                0x000000000800919c                z_impl_k_poll_signal_check
 .text.sched_cpu_update_usage
                0x00000000080091a6       0x20 zephyr/kernel/libkernel.a(usage.c.obj)
 .text.k_heap_init
                0x00000000080091c6       0x10 zephyr/kernel/libkernel.a(kheap.c.obj)
                0x00000000080091c6                k_heap_init
 .text.memcmp   0x00000000080091d6       0x20 /home/gustavo/zephyr-sdk-0.16.3/arm-zephyr-eabi/bin/../lib/gcc/../../picolibc/arm-zephyr-eabi/lib/thumb/v7e-m/nofp/libc.a(libc_string_memcmp.c.o)
                0x00000000080091d6                memcmp
 .text.strchr   0x00000000080091f6       0x1a /home/gustavo/zephyr-sdk-0.16.3/arm-zephyr-eabi/bin/../lib/gcc/../../picolibc/arm-zephyr-eabi/lib/thumb/v7e-m/nofp/libc.a(libc_string_strchr.c.o)
                0x00000000080091f6                strchr
 .text.strncmp  0x0000000008009210       0x24 /home/gustavo/zephyr-sdk-0.16.3/arm-zephyr-eabi/bin/../lib/gcc/../../picolibc/arm-zephyr-eabi/lib/thumb/v7e-m/nofp/libc.a(libc_string_strncmp.c.o)
                0x0000000008009210                strncmp
 .text.strncpy  0x0000000008009234       0x20 /home/gustavo/zephyr-sdk-0.16.3/arm-zephyr-eabi/bin/../lib/gcc/../../picolibc/arm-zephyr-eabi/lib/thumb/v7e-m/nofp/libc.a(libc_string_strncpy.c.o)
                0x0000000008009234                strncpy
 .text.strnlen  0x0000000008009254       0x18 /home/gustavo/zephyr-sdk-0.16.3/arm-zephyr-eabi/bin/../lib/gcc/../../picolibc/arm-zephyr-eabi/lib/thumb/v7e-m/nofp/libc.a(libc_string_strnlen.c.o)
                0x0000000008009254                strnlen
 .text.strstr   0x000000000800926c       0x2c /home/gustavo/zephyr-sdk-0.16.3/arm-zephyr-eabi/bin/../lib/gcc/../../picolibc/arm-zephyr-eabi/lib/thumb/v7e-m/nofp/libc.a(libc_string_strstr.c.o)
                0x000000000800926c                strstr
 .text.__ultoa_invert
                0x0000000008009298       0x58 /home/gustavo/zephyr-sdk-0.16.3/arm-zephyr-eabi/bin/../lib/gcc/../../picolibc/arm-zephyr-eabi/lib/thumb/v7e-m/nofp/libc.a(libc_tinystdio_vfprintf.c.o)
 .text.mulShiftAll64
                0x00000000080092f0      0x176 /home/gustavo/zephyr-sdk-0.16.3/arm-zephyr-eabi/bin/../lib/gcc/../../picolibc/arm-zephyr-eabi/lib/thumb/v7e-m/nofp/libc.a(libc_tinystdio_dtoa_ryu.c.o)
 .text.__umul128
                0x0000000008009466       0x36 /home/gustavo/zephyr-sdk-0.16.3/arm-zephyr-eabi/bin/../lib/gcc/../../picolibc/arm-zephyr-eabi/lib/thumb/v7e-m/nofp/libc.a(libc_tinystdio_ryu_umul128.c.o)
                0x0000000008009466                __umul128
 .text.__shiftright128
                0x000000000800949c       0x3e /home/gustavo/zephyr-sdk-0.16.3/arm-zephyr-eabi/bin/../lib/gcc/../../picolibc/arm-zephyr-eabi/lib/thumb/v7e-m/nofp/libc.a(libc_tinystdio_ryu_umul128.c.o)
                0x000000000800949c                __shiftright128
 .text.memcpy   0x00000000080094da       0x1c /home/gustavo/zephyr-sdk-0.16.3/arm-zephyr-eabi/bin/../lib/gcc/../../picolibc/arm-zephyr-eabi/lib/thumb/v7e-m/nofp/libc.a(memcpy.c.o)
                0x00000000080094da                memcpy
                0x00000000080094da                __aeabi_memcpy
                0x00000000080094da                __aeabi_memcpy4
                0x00000000080094da                __aeabi_memcpy8
 .text.memmove  0x00000000080094f6       0x34 /home/gustavo/zephyr-sdk-0.16.3/arm-zephyr-eabi/bin/../lib/gcc/../../picolibc/arm-zephyr-eabi/lib/thumb/v7e-m/nofp/libc.a(memmove.c.o)
                0x00000000080094f6                memmove
                0x00000000080094f6                __aeabi_memmove8
                0x00000000080094f6                __aeabi_memmove
                0x00000000080094f6                __aeabi_memmove4
 .text.memset   0x000000000800952a       0x10 /home/gustavo/zephyr-sdk-0.16.3/arm-zephyr-eabi/bin/../lib/gcc/../../picolibc/arm-zephyr-eabi/lib/thumb/v7e-m/nofp/libc.a(memset.c.o)
                0x000000000800952a                memset
 .text.__file_str_put
                0x000000000800953a       0x10 /home/gustavo/zephyr-sdk-0.16.3/arm-zephyr-eabi/bin/../lib/gcc/../../picolibc/arm-zephyr-eabi/lib/thumb/v7e-m/nofp/libc.a(libc_tinystdio_filestrput.c.o)
                0x000000000800953a                __file_str_put
 *(SORT_BY_ALIGNMENT(.TEXT.*))
 *fill*         0x000000000800954a        0x2 
 .TEXT.__aeabi_read_tp
                0x000000000800954c        0xc zephyr/arch/arch/arm/core/cortex_m/libarch__arm__core__cortex_m.a(__aeabi_read_tp.S.obj)
                0x000000000800954c                __aeabi_read_tp
 *(SORT_BY_ALIGNMENT(.gnu.linkonce.t.*))
 *(SORT_BY_ALIGNMENT(.glue_7t))
 .glue_7t       0x0000000008009558        0x0 linker stubs
 *(SORT_BY_ALIGNMENT(.glue_7))
 .glue_7        0x0000000008009558        0x0 linker stubs
 *(SORT_BY_ALIGNMENT(.vfp11_veneer))
 .vfp11_veneer  0x0000000008009558        0x0 linker stubs
 *(SORT_BY_ALIGNMENT(.v4_bx))
 .v4_bx         0x0000000008009558        0x0 linker stubs
                0x0000000008009558                . = ALIGN (0x4)
                0x0000000008009558                __text_region_end = .

.ARM.exidx      0x0000000008009558        0x8
                0x0000000008009558                __exidx_start = .
 *(SORT_BY_ALIGNMENT(.ARM.exidx*) SORT_BY_ALIGNMENT(gnu.linkonce.armexidx.*))
 .ARM.exidx     0x0000000008009558        0x8 /home/gustavo/zephyr-sdk-0.16.3/arm-zephyr-eabi/bin/../lib/gcc/arm-zephyr-eabi/12.2.0/thumb/v7e-m/nofp/libgcc.a(_udivmoddi4.o)
 .ARM.exidx     0x0000000008009560        0x0 /home/gustavo/zephyr-sdk-0.16.3/arm-zephyr-eabi/bin/../lib/gcc/../../picolibc/arm-zephyr-eabi/lib/thumb/v7e-m/nofp/libc.a(strcmp.S.o)
                                          0x8 (size before relaxing)
 .ARM.exidx     0x0000000008009560        0x0 /home/gustavo/zephyr-sdk-0.16.3/arm-zephyr-eabi/bin/../lib/gcc/../../picolibc/arm-zephyr-eabi/lib/thumb/v7e-m/nofp/libc.a(strcpy.S.o)
                                          0x8 (size before relaxing)
 .ARM.exidx     0x0000000008009560        0x0 /home/gustavo/zephyr-sdk-0.16.3/arm-zephyr-eabi/bin/../lib/gcc/../../picolibc/arm-zephyr-eabi/lib/thumb/v7e-m/nofp/libc.a(strlen.S.o)
                                          0x8 (size before relaxing)
                0x0000000008009560                __exidx_end = .
                0x0000000008009560                __rodata_region_start = .

initlevel       0x0000000008009560       0xa0
                0x0000000008009560                __init_start = .
                0x0000000008009560                __init_EARLY_start = .
 *(SORT_BY_NAME(SORT_BY_ALIGNMENT(.z_init_EARLY?_*)))
 *(SORT_BY_NAME(SORT_BY_ALIGNMENT(.z_init_EARLY??_*)))
                0x0000000008009560                __init_PRE_KERNEL_1_start = .
 *(SORT_BY_NAME(SORT_BY_ALIGNMENT(.z_init_PRE_KERNEL_1?_*)))
 .z_init_PRE_KERNEL_10_0_
                0x0000000008009560        0x8 zephyr/libzephyr.a(soc.c.obj)
 .z_init_PRE_KERNEL_11_00009_
                0x0000000008009568        0x8 zephyr/drivers/clock_control/libdrivers__clock_control.a(clock_stm32_ll_common.c.obj)
 .z_init_PRE_KERNEL_11_0_
                0x0000000008009570        0x8 zephyr/libzephyr.a(soc_config.c.obj)
 *(SORT_BY_NAME(SORT_BY_ALIGNMENT(.z_init_PRE_KERNEL_1??_*)))
 .z_init_PRE_KERNEL_130_0_
                0x0000000008009578        0x8 zephyr/kernel/libkernel.a(kheap.c.obj)
 .z_init_PRE_KERNEL_135_00035_
                0x0000000008009580        0x8 zephyr/drivers/reset/libdrivers__reset.a(reset_stm32.c.obj)
 .z_init_PRE_KERNEL_140_00017_
                0x0000000008009588        0x8 zephyr/drivers/gpio/libdrivers__gpio.a(gpio_stm32.c.obj)
 .z_init_PRE_KERNEL_140_00029_
                0x0000000008009590        0x8 zephyr/drivers/gpio/libdrivers__gpio.a(gpio_stm32.c.obj)
 .z_init_PRE_KERNEL_140_00064_
                0x0000000008009598        0x8 zephyr/drivers/interrupt_controller/libdrivers__interrupt_controller.a(intc_exti_stm32.c.obj)
 .z_init_PRE_KERNEL_140_00089_
                0x00000000080095a0        0x8 zephyr/drivers/gpio/libdrivers__gpio.a(gpio_stm32.c.obj)
 .z_init_PRE_KERNEL_140_00108_
                0x00000000080095a8        0x8 zephyr/drivers/gpio/libdrivers__gpio.a(gpio_stm32.c.obj)
 .z_init_PRE_KERNEL_140_00109_
                0x00000000080095b0        0x8 zephyr/drivers/gpio/libdrivers__gpio.a(gpio_stm32.c.obj)
 .z_init_PRE_KERNEL_140_00110_
                0x00000000080095b8        0x8 zephyr/drivers/gpio/libdrivers__gpio.a(gpio_stm32.c.obj)
 .z_init_PRE_KERNEL_140_00111_
                0x00000000080095c0        0x8 zephyr/drivers/gpio/libdrivers__gpio.a(gpio_stm32.c.obj)
 .z_init_PRE_KERNEL_155_00075_
                0x00000000080095c8        0x8 zephyr/drivers/serial/libdrivers__serial.a(uart_stm32.c.obj)
 .z_init_PRE_KERNEL_155_00078_
                0x00000000080095d0        0x8 zephyr/drivers/serial/libdrivers__serial.a(uart_stm32.c.obj)
 .z_init_PRE_KERNEL_160_0_
                0x00000000080095d8        0x8 zephyr/drivers/console/libdrivers__console.a(uart_console.c.obj)
                0x00000000080095e0                __init_PRE_KERNEL_2_start = .
 *(SORT_BY_NAME(SORT_BY_ALIGNMENT(.z_init_PRE_KERNEL_2?_*)))
 .z_init_PRE_KERNEL_20_0_
                0x00000000080095e0        0x8 zephyr/drivers/timer/libdrivers__timer.a(cortex_m_systick.c.obj)
 *(SORT_BY_NAME(SORT_BY_ALIGNMENT(.z_init_PRE_KERNEL_2??_*)))
                0x00000000080095e8                __init_POST_KERNEL_start = .
 *(SORT_BY_NAME(SORT_BY_ALIGNMENT(.z_init_POST_KERNEL?_*)))
 .z_init_POST_KERNEL0_0_
                0x00000000080095e8        0x8 zephyr/libzephyr.a(shell_uart.c.obj)
 *(SORT_BY_NAME(SORT_BY_ALIGNMENT(.z_init_POST_KERNEL??_*)))
 .z_init_POST_KERNEL40_0_
                0x00000000080095f0        0x8 zephyr/lib/libc/common/liblib__libc__common.a(malloc.c.obj)
 .z_init_POST_KERNEL40_0_
                0x00000000080095f8        0x8 zephyr/kernel/libkernel.a(system_work_q.c.obj)
                0x0000000008009600                __init_APPLICATION_start = .
 *(SORT_BY_NAME(SORT_BY_ALIGNMENT(.z_init_APPLICATION?_*)))
 *(SORT_BY_NAME(SORT_BY_ALIGNMENT(.z_init_APPLICATION??_*)))
                0x0000000008009600                __init_SMP_start = .
 *(SORT_BY_NAME(SORT_BY_ALIGNMENT(.z_init_SMP?_*)))
 *(SORT_BY_NAME(SORT_BY_ALIGNMENT(.z_init_SMP??_*)))
                0x0000000008009600                __init_end = .

device_area     0x0000000008009600       0xf0
                0x0000000008009600                _device_list_start = .
 *(SORT_BY_NAME(SORT_BY_ALIGNMENT(._device.static.*_?_*)))
 ._device.static.1_1_
                0x0000000008009600       0x14 zephyr/drivers/clock_control/libdrivers__clock_control.a(clock_stm32_ll_common.c.obj)
                0x0000000008009600                __device_dts_ord_9
 *(SORT_BY_NAME(SORT_BY_ALIGNMENT(._device.static.*_??_*)))
 ._device.static.1_35_
                0x0000000008009614       0x14 zephyr/drivers/reset/libdrivers__reset.a(reset_stm32.c.obj)
                0x0000000008009614                __device_dts_ord_35
 ._device.static.1_40_
                0x0000000008009628       0x14 zephyr/drivers/interrupt_controller/libdrivers__interrupt_controller.a(intc_exti_stm32.c.obj)
                0x0000000008009628                __device_dts_ord_64
 ._device.static.1_40_
                0x000000000800963c       0x8c zephyr/drivers/gpio/libdrivers__gpio.a(gpio_stm32.c.obj)
                0x000000000800963c                __device_dts_ord_111
                0x0000000008009650                __device_dts_ord_110
                0x0000000008009664                __device_dts_ord_109
                0x0000000008009678                __device_dts_ord_108
                0x000000000800968c                __device_dts_ord_29
                0x00000000080096a0                __device_dts_ord_89
                0x00000000080096b4                __device_dts_ord_17
 ._device.static.1_55_
                0x00000000080096c8       0x28 zephyr/drivers/serial/libdrivers__serial.a(uart_stm32.c.obj)
                0x00000000080096c8                __device_dts_ord_75
                0x00000000080096dc                __device_dts_ord_78
                0x00000000080096f0                _device_list_end = .

sw_isr_table    0x00000000080096f0      0x330
                0x00000000080096f0                . = ALIGN (0x4)
 *(SORT_BY_ALIGNMENT(.gnu.linkonce.sw_isr_table*))
 .gnu.linkonce.sw_isr_table
                0x00000000080096f0      0x330 zephyr/arch/common/libisr_tables.a(isr_tables.c.obj)
                0x00000000080096f0                _sw_isr_table

initlevel_error
                0x0000000008009560        0x0
 *(SORT_BY_NAME(SORT_BY_ALIGNMENT(.z_init_[_A-Z0-9]*)))
                0x0000000000000001                ASSERT ((SIZEOF (initlevel_error) == 0x0), Undefined initialization levels used.)

app_shmem_regions
                0x0000000008009a20        0x0
                0x0000000008009a20                __app_shmem_regions_start = .
 *(SORT_BY_NAME(SORT_BY_ALIGNMENT(.app_regions.*)))
                0x0000000008009a20                __app_shmem_regions_end = .

k_p4wq_initparam_area
                0x0000000008009a20        0x0
                0x0000000008009a20                _k_p4wq_initparam_list_start = .
 *(SORT_BY_NAME(SORT_BY_ALIGNMENT(._k_p4wq_initparam.static.*)))
                0x0000000008009a20                _k_p4wq_initparam_list_end = .

_static_thread_data_area
                0x0000000008009a20       0x30
                0x0000000008009a20                __static_thread_data_list_start = .
 *(SORT_BY_NAME(SORT_BY_ALIGNMENT(.__static_thread_data.static.*)))
 .__static_thread_data.static._k_thread_data_button_thread_id_
                0x0000000008009a20       0x30 app/libapp.a(main.c.obj)
                0x0000000008009a20                _k_thread_data_button_thread_id
                0x0000000008009a50                __static_thread_data_list_end = .

device_deps     0x0000000008009a50        0x0
                0x0000000008009a50                __device_deps_start = .
 *(SORT_BY_NAME(SORT_BY_ALIGNMENT(.__device_deps_pass2*)))
                0x0000000008009a50                __device_deps_end = .

ztest           0x0000000008009a50        0x0
                0x0000000008009a50                _ztest_expected_result_entry_list_start = .
 *(SORT_BY_NAME(SORT_BY_ALIGNMENT(._ztest_expected_result_entry.static.*)))
                0x0000000008009a50                _ztest_expected_result_entry_list_end = .
                0x0000000008009a50                _ztest_suite_node_list_start = .
 *(SORT_BY_NAME(SORT_BY_ALIGNMENT(._ztest_suite_node.static.*)))
                0x0000000008009a50                _ztest_suite_node_list_end = .
                0x0000000008009a50                _ztest_unit_test_list_start = .
 *(SORT_BY_NAME(SORT_BY_ALIGNMENT(._ztest_unit_test.static.*)))
                0x0000000008009a50                _ztest_unit_test_list_end = .
                0x0000000008009a50                _ztest_test_rule_list_start = .
 *(SORT_BY_NAME(SORT_BY_ALIGNMENT(._ztest_test_rule.static.*)))
                0x0000000008009a50                _ztest_test_rule_list_end = .

bt_l2cap_fixed_chan_area
                0x0000000008009a50        0x0
                0x0000000008009a50                _bt_l2cap_fixed_chan_list_start = .
 *(SORT_BY_NAME(SORT_BY_ALIGNMENT(._bt_l2cap_fixed_chan.static.*)))
                0x0000000008009a50                _bt_l2cap_fixed_chan_list_end = .

bt_gatt_service_static_area
                0x0000000008009a50        0x0
                0x0000000008009a50                _bt_gatt_service_static_list_start = .
 *(SORT_BY_NAME(SORT_BY_ALIGNMENT(._bt_gatt_service_static.static.*)))
                0x0000000008009a50                _bt_gatt_service_static_list_end = .

log_strings_area
                0x0000000008009a50        0x0
                0x0000000008009a50                _log_strings_list_start = .
 *(SORT_BY_NAME(SORT_BY_ALIGNMENT(._log_strings.static.*)))
                0x0000000008009a50                _log_strings_list_end = .

log_const_area  0x0000000008009a50        0x0
                0x0000000008009a50                _log_const_list_start = .
 *(SORT_BY_NAME(SORT_BY_ALIGNMENT(._log_const.static.*)))
                0x0000000008009a50                _log_const_list_end = .

log_backend_area
                0x0000000008009a50        0x0
                0x0000000008009a50                _log_backend_list_start = .
 *(SORT_BY_NAME(SORT_BY_ALIGNMENT(._log_backend.static.*)))
                0x0000000008009a50                _log_backend_list_end = .

log_link_area   0x0000000008009a50        0x0
                0x0000000008009a50                _log_link_list_start = .
 *(SORT_BY_NAME(SORT_BY_ALIGNMENT(._log_link.static.*)))
                0x0000000008009a50                _log_link_list_end = .

tracing_backend_area
                0x0000000008009a50        0x0
                0x0000000008009a50                _tracing_backend_list_start = .
 *(SORT_BY_NAME(SORT_BY_ALIGNMENT(._tracing_backend.static.*)))
                0x0000000008009a50                _tracing_backend_list_end = .

zephyr_dbg_info
 *(SORT_BY_ALIGNMENT(.dbg_thread_info))

symbol_to_keep  0x0000000008009a50        0x0
                0x0000000008009a50                __symbol_to_keep_start = .
 *(SORT_BY_NAME(SORT_BY_ALIGNMENT(.symbol_to_keep*)))
                0x0000000008009a50                __symbol_to_keep_end = .

shell_area      0x0000000008009a50       0x2c
                0x0000000008009a50                _shell_list_start = .
 *(SORT_BY_NAME(SORT_BY_ALIGNMENT(._shell.static.*)))
 ._shell.static.shell_uart_
                0x0000000008009a50       0x2c zephyr/libzephyr.a(shell_uart.c.obj)
                0x0000000008009a7c                _shell_list_end = .

shell_root_cmds_area
                0x0000000008009a7c       0x2c
                0x0000000008009a7c                _shell_root_cmds_list_start = .
 *(SORT_BY_NAME(SORT_BY_ALIGNMENT(._shell_root_cmds.static.*)))
 ._shell_root_cmds.static.shell_cmd_clear_
                0x0000000008009a7c        0x4 zephyr/libzephyr.a(shell_cmds.c.obj)
 ._shell_root_cmds.static.shell_cmd_device_
                0x0000000008009a80        0x4 zephyr/libzephyr.a(device_service.c.obj)
 ._shell_root_cmds.static.shell_cmd_devmem_
                0x0000000008009a84        0x4 zephyr/libzephyr.a(devmem_service.c.obj)
 ._shell_root_cmds.static.shell_cmd_hello_
                0x0000000008009a88        0x4 app/libapp.a(main.c.obj)
 ._shell_root_cmds.static.shell_cmd_help_
                0x0000000008009a8c        0x4 zephyr/libzephyr.a(shell.c.obj)
 ._shell_root_cmds.static.shell_cmd_history_
                0x0000000008009a90        0x4 zephyr/libzephyr.a(shell_cmds.c.obj)
 ._shell_root_cmds.static.shell_cmd_kernel_
                0x0000000008009a94        0x4 zephyr/libzephyr.a(kernel_service.c.obj)
 ._shell_root_cmds.static.shell_cmd_rem_
                0x0000000008009a98        0x4 zephyr/libzephyr.a(shell_cmds.c.obj)
 ._shell_root_cmds.static.shell_cmd_resize_
                0x0000000008009a9c        0x4 zephyr/libzephyr.a(shell_cmds.c.obj)
 ._shell_root_cmds.static.shell_cmd_retval_
                0x0000000008009aa0        0x4 zephyr/libzephyr.a(shell_cmds.c.obj)
 ._shell_root_cmds.static.shell_cmd_shell_
                0x0000000008009aa4        0x4 zephyr/libzephyr.a(shell_cmds.c.obj)
                0x0000000008009aa8                _shell_root_cmds_list_end = .

shell_subcmds_area
                0x0000000008009aa8       0x14
                0x0000000008009aa8                _shell_subcmds_list_start = .
 *(SORT_BY_NAME(SORT_BY_ALIGNMENT(._shell_subcmds.static.*)))
 ._shell_subcmds.static._999_
                0x0000000008009aa8       0x14 zephyr/libzephyr.a(shell_utils.c.obj)
                0x0000000008009abc                _shell_subcmds_list_end = .

shell_dynamic_subcmds_area
                0x0000000008009abc        0x0
                0x0000000008009abc                _shell_dynamic_subcmds_list_start = .
 *(SORT_BY_NAME(SORT_BY_ALIGNMENT(._shell_dynamic_subcmds.static.*)))
                0x0000000008009abc                _shell_dynamic_subcmds_list_end = .

cfb_font_area   0x0000000008009abc        0x0
                0x0000000008009abc                _cfb_font_list_start = .
 *(SORT_BY_NAME(SORT_BY_ALIGNMENT(._cfb_font.static.*)))
                0x0000000008009abc                _cfb_font_list_end = .

tdata           0x0000000008009abc        0x0
 *(SORT_BY_ALIGNMENT(.tdata) SORT_BY_ALIGNMENT(.tdata.*) SORT_BY_ALIGNMENT(.gnu.linkonce.td.*))

tbss            0x0000000008009abc        0x8
 *(SORT_BY_ALIGNMENT(.tbss) SORT_BY_ALIGNMENT(.tbss.*) SORT_BY_ALIGNMENT(.gnu.linkonce.tb.*) SORT_BY_ALIGNMENT(.tcommon))
 .tbss.z_tls_current
                0x0000000008009abc        0x4 zephyr/libzephyr.a(thread_entry.c.obj)
                0x0000000008009abc                z_tls_current
 .tbss.errno    0x0000000008009ac0        0x4 /home/gustavo/zephyr-sdk-0.16.3/arm-zephyr-eabi/bin/../lib/gcc/../../picolibc/arm-zephyr-eabi/lib/thumb/v7e-m/nofp/libc.a(libc_errno_errno.c.o)
                0x0000000008009ac0                errno
                0x0000000008009abc                PROVIDE (__tdata_start = LOADADDR (tdata))
                0x0000000000000000                PROVIDE (__tdata_size = SIZEOF (tdata))