Archive member included to satisfy reference by file (symbol)

app/libapp.a(main.c.obj)      (--whole-archive)
zephyr/libzephyr.a(getopt.c.obj)
                              (--whole-archive)
zephyr/libzephyr.a(getopt_common.c.obj)
                              (--whole-archive)
zephyr/libzephyr.a(cbprintf_packaged.c.obj)
                              (--whole-archive)
zephyr/libzephyr.a(dec.c.obj)
                              (--whole-archive)
zephyr/libzephyr.a(hex.c.obj)
                              (--whole-archive)
zephyr/libzephyr.a(printk.c.obj)
                              (--whole-archive)
zephyr/libzephyr.a(rb.c.obj)  (--whole-archive)
zephyr/libzephyr.a(sem.c.obj)
                              (--whole-archive)
zephyr/libzephyr.a(thread_entry.c.obj)
                              (--whole-archive)
zephyr/libzephyr.a(timeutil.c.obj)
                              (--whole-archive)
zephyr/libzephyr.a(heap.c.obj)
                              (--whole-archive)
zephyr/libzephyr.a(heap-validate.c.obj)
                              (--whole-archive)
zephyr/libzephyr.a(bitarray.c.obj)
                              (--whole-archive)
zephyr/libzephyr.a(multi_heap.c.obj)
                              (--whole-archive)
zephyr/libzephyr.a(cbprintf_complete.c.obj)
                              (--whole-archive)
zephyr/libzephyr.a(ring_buffer.c.obj)
                              (--whole-archive)
zephyr/libzephyr.a(assert.c.obj)
                              (--whole-archive)
zephyr/libzephyr.a(configs.c.obj)
                              (--whole-archive)
zephyr/libzephyr.a(soc.c.obj)
                              (--whole-archive)
zephyr/libzephyr.a(stm32cube_hal.c.obj)
                              (--whole-archive)
zephyr/libzephyr.a(soc_config.c.obj)
                              (--whole-archive)
zephyr/libzephyr.a(mem_attr.c.obj)
                              (--whole-archive)
zephyr/libzephyr.a(tracing_none.c.obj)
                              (--whole-archive)
zephyr/libzephyr.a(kernel_service.c.obj)
                              (--whole-archive)
zephyr/libzephyr.a(device_service.c.obj)
                              (--whole-archive)
zephyr/libzephyr.a(devmem_service.c.obj)
                              (--whole-archive)
zephyr/libzephyr.a(shell_uart.c.obj)
                              (--whole-archive)
zephyr/libzephyr.a(shell.c.obj)
                              (--whole-archive)
zephyr/libzephyr.a(shell_fprintf.c.obj)
                              (--whole-archive)
zephyr/libzephyr.a(shell_utils.c.obj)
                              (--whole-archive)
zephyr/libzephyr.a(shell_ops.c.obj)
                              (--whole-archive)
zephyr/libzephyr.a(shell_help.c.obj)
                              (--whole-archive)
zephyr/libzephyr.a(shell_cmds.c.obj)
                              (--whole-archive)
zephyr/libzephyr.a(shell_history.c.obj)
                              (--whole-archive)
zephyr/libzephyr.a(shell_wildcard.c.obj)
                              (--whole-archive)
zephyr/arch/common/libarch__common.a(sw_isr_common.c.obj)
                              (--whole-archive)
zephyr/arch/arch/arm/core/libarch__arm__core.a(fatal.c.obj)
                              (--whole-archive)
zephyr/arch/arch/arm/core/libarch__arm__core.a(nmi.c.obj)
                              (--whole-archive)
zephyr/arch/arch/arm/core/libarch__arm__core.a(nmi_on_reset.S.obj)
                              (--whole-archive)
zephyr/arch/arch/arm/core/libarch__arm__core.a(tls.c.obj)
                              (--whole-archive)
zephyr/arch/arch/arm/core/cortex_m/libarch__arm__core__cortex_m.a(exc_exit.S.obj)
                              (--whole-archive)
zephyr/arch/arch/arm/core/cortex_m/libarch__arm__core__cortex_m.a(fault.c.obj)
                              (--whole-archive)
zephyr/arch/arch/arm/core/cortex_m/libarch__arm__core__cortex_m.a(fault_s.S.obj)
                              (--whole-archive)
zephyr/arch/arch/arm/core/cortex_m/libarch__arm__core__cortex_m.a(fpu.c.obj)
                              (--whole-archive)
zephyr/arch/arch/arm/core/cortex_m/libarch__arm__core__cortex_m.a(reset.S.obj)
                              (--whole-archive)
zephyr/arch/arch/arm/core/cortex_m/libarch__arm__core__cortex_m.a(scb.c.obj)
                              (--whole-archive)
zephyr/arch/arch/arm/core/cortex_m/libarch__arm__core__cortex_m.a(thread_abort.c.obj)
                              (--whole-archive)
zephyr/arch/arch/arm/core/cortex_m/libarch__arm__core__cortex_m.a(vector_table.S.obj)
                              (--whole-archive)
zephyr/arch/arch/arm/core/cortex_m/libarch__arm__core__cortex_m.a(swap.c.obj)
                              (--whole-archive)
zephyr/arch/arch/arm/core/cortex_m/libarch__arm__core__cortex_m.a(swap_helper.S.obj)
                              (--whole-archive)
zephyr/arch/arch/arm/core/cortex_m/libarch__arm__core__cortex_m.a(irq_manage.c.obj)
[...]
Memory Configuration

Name             Origin             Length             Attributes
FLASH            0x0000000008000000 0x0000000000080000 xr
RAM              0x0000000020000000 0x0000000000020000 xw
IDT_LIST         0x00000000fffff7ff 0x0000000000000800 xw
*default*        0x0000000000000000 0xffffffffffffffff

Linker script and memory map

LOAD zephyr/CMakeFiles/zephyr_pre0.dir/misc/empty_file.c.obj
LOAD zephyr/CMakeFiles/offsets.dir/./arch/arm/core/offsets/offsets.c.obj
LOAD app/libapp.a
LOAD zephyr/libzephyr.a
LOAD zephyr/arch/common/libarch__common.a
LOAD zephyr/arch/arch/arm/core/libarch__arm__core.a
LOAD zephyr/arch/arch/arm/core/cortex_m/libarch__arm__core__cortex_m.a
LOAD zephyr/arch/arch/arm/core/mpu/libarch__arm__core__mpu.a
LOAD zephyr/lib/libc/picolibc/liblib__libc__picolibc.a
LOAD zephyr/lib/libc/common/liblib__libc__common.a
LOAD zephyr/lib/posix/liblib__posix.a
LOAD zephyr/subsys/zbus/libsubsys__zbus.a
LOAD zephyr/drivers/interrupt_controller/libdrivers__interrupt_controller.a
LOAD zephyr/drivers/clock_control/libdrivers__clock_control.a
LOAD zephyr/drivers/console/libdrivers__console.a
LOAD zephyr/drivers/gpio/libdrivers__gpio.a
LOAD zephyr/drivers/pinctrl/libdrivers__pinctrl.a
LOAD zephyr/drivers/reset/libdrivers__reset.a
LOAD zephyr/drivers/serial/libdrivers__serial.a
LOAD zephyr/drivers/timer/libdrivers__timer.a
LOAD modules/stm32/stm32cube/lib..__modules__hal__stm32__stm32cube.a
LOAD zephyr/kernel/libkernel.a
LOAD /home/gustavo/zephyr-sdk-0.16.3/arm-zephyr-eabi/bin/../lib/gcc/arm-zephyr-eabi/12.2.0/thumb/v7e-m/nofp/libgcc.a
LOAD zephyr/arch/common/libisr_tables.a
LOAD /home/gustavo/zephyr-sdk-0.16.3/arm-zephyr-eabi/bin/../lib/gcc/../../picolibc/arm-zephyr-eabi/lib/thumb/v7e-m/nofp/libc.a
LOAD /home/gustavo/zephyr-sdk-0.16.3/arm-zephyr-eabi/bin/../lib/gcc/arm-zephyr-eabi/12.2.0/thumb/v7e-m/nofp/libgcc.a
                0x0000000000000020                _region_min_align = 0x20

.rel.plt        0x0000000008000000        0x0
 *(SORT_BY_ALIGNMENT(.rel.plt))
                [!provide]                        PROVIDE (__rel_iplt_start = .)
 *(SORT_BY_ALIGNMENT(.rel.iplt))
 .rel.iplt      0x0000000008000000        0x0 app/libapp.a(main.c.obj)
                [!provide]                        PROVIDE (__rel_iplt_end = .)

.rela.plt       0x0000000000000000        0x0
 *(SORT_BY_ALIGNMENT(.rela.plt))
                [!provide]                        PROVIDE (__rela_iplt_start = .)
 *(SORT_BY_ALIGNMENT(.rela.iplt))
                [!provide]                        PROVIDE (__rela_iplt_end = .)

.rel.dyn
 *(SORT_BY_ALIGNMENT(.rel.*))

.rela.dyn
 *(SORT_BY_ALIGNMENT(.rela.*))

/DISCARD/
 *(SORT_BY_ALIGNMENT(.plt))

/DISCARD/
 *(SORT_BY_ALIGNMENT(.iplt))
                0x0000000008000000                __rom_region_start = 0x8000000

rom_start       0x0000000008000000      0x1d8
                0x0000000008000000                __rom_start_address = .
 FILL mask 0x00
                0x0000000008000000                . = (. + (0x0 - (. - __rom_start_address)))
                0x0000000008000000                . = ALIGN (0x4)
                0x0000000008000000                . = ALIGN (0x80)
                0x0000000008000000                . = ALIGN (0x200)
                0x0000000008000000                _vector_start = .
 *(SORT_BY_ALIGNMENT(.exc_vector_table))
 *(SORT_BY_ALIGNMENT(.exc_vector_table.*))
 .exc_vector_table._vector_table_section
                0x0000000008000000       0x40 zephyr/arch/arch/arm/core/cortex_m/libarch__arm__core__cortex_m.a(vector_table.S.obj)
                0x0000000008000000                _vector_table
 *(SORT_BY_ALIGNMENT(.vectors))
                0x00000000080001d8                _vector_end = .
                0x0000000008000040                . = ALIGN (0x4)
 *(SORT_BY_ALIGNMENT(.gnu.linkonce.irq_vector_table*))
 .gnu.linkonce.irq_vector_table
                0x0000000008000040      0x198 zephyr/arch/common/libisr_tables.a(isr_tables.c.obj)
                0x0000000008000040                _irq_vector_table
                0x00000000080001d8                _vector_end = .

text            0x00000000080001d8     0x9760
                0x00000000080001d8                __text_region_start = .
 *(SORT_BY_ALIGNMENT(.text))
 .text          0x00000000080001d8       0xa0 /home/gustavo/zephyr-sdk-0.16.3/arm-zephyr-eabi/bin/../lib/gcc/arm-zephyr-eabi/12.2.0/thumb/v7e-m/nofp/libgcc.a(_aeabi_ldivmod.o)
                0x00000000080001d8                __aeabi_ldivmod
 .text          0x0000000008000278       0x30 /home/gustavo/zephyr-sdk-0.16.3/arm-zephyr-eabi/bin/../lib/gcc/arm-zephyr-eabi/12.2.0/thumb/v7e-m/nofp/libgcc.a(_aeabi_uldivmod.o)
                0x0000000008000278                __aeabi_uldivmod
 .text          0x00000000080002a8        0x4 /home/gustavo/zephyr-sdk-0.16.3/arm-zephyr-eabi/bin/../lib/gcc/arm-zephyr-eabi/12.2.0/thumb/v7e-m/nofp/libgcc.a(_dvmd_tls.o)
                0x00000000080002a8                __aeabi_ldiv0
                0x00000000080002a8                __aeabi_idiv0
 .text          0x00000000080002ac      0x2a0 /home/gustavo/zephyr-sdk-0.16.3/arm-zephyr-eabi/bin/../lib/gcc/arm-zephyr-eabi/12.2.0/thumb/v7e-m/nofp/libgcc.a(_udivmoddi4.o)
                0x00000000080002ac                __udivmoddi4
 .text          0x000000000800054c       0x14 /home/gustavo/zephyr-sdk-0.16.3/arm-zephyr-eabi/bin/../lib/gcc/../../picolibc/arm-zephyr-eabi/lib/thumb/v7e-m/nofp/libc.a(strcmp.S.o)
                0x000000000800054c                strcmp
 .text          0x0000000008000560       0x10 /home/gustavo/zephyr-sdk-0.16.3/arm-zephyr-eabi/bin/../lib/gcc/../../picolibc/arm-zephyr-eabi/lib/thumb/v7e-m/nofp/libc.a(strcpy.S.o)
                0x0000000008000560                strcpy
 .text          0x0000000008000570       0x10 /home/gustavo/zephyr-sdk-0.16.3/arm-zephyr-eabi/bin/../lib/gcc/../../picolibc/arm-zephyr-eabi/lib/thumb/v7e-m/nofp/libc.a(strlen.S.o)
                0x0000000008000570                strlen
 *(SORT_BY_ALIGNMENT(.text.*))
 .text.cmd_kernel_uptime
                0x0000000008000580       0xe0 zephyr/libzephyr.a(kernel_service.c.obj)
 .text.cmd_validar
                0x0000000008000660       0x48 app/libapp.a(main.c.obj)
 .text.button_pressed
                0x00000000080006a8       0x30 app/libapp.a(main.c.obj)
 .text.blink    0x00000000080006d8       0x80 app/libapp.a(main.c.obj)
                0x00000000080006d8                blink
 .text.blink_handler
                0x0000000008000758       0x10 app/libapp.a(main.c.obj)
                0x0000000008000758                blink_handler
 .text.blink_scheduler
                0x0000000008000768       0x1c app/libapp.a(main.c.obj)
                0x0000000008000768                blink_scheduler
 .text.button_thread
                0x0000000008000784       0xbc app/libapp.a(main.c.obj)
                0x0000000008000784                button_thread
 .text.blink0_work_init
                0x0000000008000840       0x10 app/libapp.a(main.c.obj)
                0x0000000008000840                blink0_work_init
 .text.main     0x0000000008000850       0x28 app/libapp.a(main.c.obj)
                0x0000000008000850                main
 .text.getopt   0x0000000008000878       0xf8 zephyr/libzephyr.a(getopt.c.obj)
                0x0000000008000878                getopt
 .text.z_getopt_global_state_update
                0x0000000008000970       0x34 zephyr/libzephyr.a(getopt_common.c.obj)
                0x0000000008000970                z_getopt_global_state_update
 .text.getopt_state_get
                0x00000000080009a4        0x8 zephyr/libzephyr.a(getopt_common.c.obj)
                0x00000000080009a4                getopt_state_get
 .text.char_out
                0x00000000080009ac        0xc zephyr/libzephyr.a(printk.c.obj)
 .text.__printk_hook_install
                0x00000000080009b8        0xc zephyr/libzephyr.a(printk.c.obj)
                0x00000000080009b8                __printk_hook_install
 .text.vprintk  0x00000000080009c4       0x30 zephyr/libzephyr.a(printk.c.obj)
                0x00000000080009c4                vprintk
 .text.z_thread_entry
                0x00000000080009f4       0x34 zephyr/libzephyr.a(thread_entry.c.obj)
                0x00000000080009f4                z_thread_entry
 .text.stm32g4_init
                0x0000000008000a28       0x4c zephyr/libzephyr.a(soc.c.obj)
 .text.st_stm32_common_config
                0x0000000008000a74       0x14 zephyr/libzephyr.a(soc_config.c.obj)
 .text.mem_attr_get_regions
                0x0000000008000a88        0xc zephyr/libzephyr.a(mem_attr.c.obj)
                0x0000000008000a88                mem_attr_get_regions
 .text.cmd_kernel_version
                0x0000000008000a94       0x2c zephyr/libzephyr.a(kernel_service.c.obj)
 .text.cmd_kernel_threads
                0x0000000008000ac0       0x38 zephyr/libzephyr.a(kernel_service.c.obj)
 .text.shell_tdata_dump
                0x0000000008000af8      0x120 zephyr/libzephyr.a(kernel_service.c.obj)
 .text.cmd_kernel_stacks
                0x0000000008000c18       0x74 zephyr/libzephyr.a(kernel_service.c.obj)
 .text.cmd_kernel_cycles
                0x0000000008000c8c       0x1c zephyr/libzephyr.a(kernel_service.c.obj)
 .text.cmd_kernel_sleep
                0x0000000008000ca8       0x3c zephyr/libzephyr.a(kernel_service.c.obj)
 .text.shell_stack_dump
                0x0000000008000ce4       0x64 zephyr/libzephyr.a(kernel_service.c.obj)
 .text.cmd_device_list
                0x0000000008000d48       0x8c zephyr/libzephyr.a(device_service.c.obj)
 .text.cmd_devmem
                0x0000000008000dd4       0xcc zephyr/libzephyr.a(devmem_service.c.obj)
 .text.cmd_dump
                0x0000000008000ea0      0x190 zephyr/libzephyr.a(devmem_service.c.obj)
 .text.set_bypass.isra.0
                0x0000000008001030       0x50 zephyr/libzephyr.a(devmem_service.c.obj)
 .text.bypass_cb
                0x0000000008001080      0x118 zephyr/libzephyr.a(devmem_service.c.obj)
 .text.cmd_load
                0x0000000008001198       0xd8 zephyr/libzephyr.a(devmem_service.c.obj)
 .text.enable_shell_uart
                0x0000000008001270       0x34 zephyr/libzephyr.a(shell_uart.c.obj)
 .text.init     0x00000000080012a4       0x64 zephyr/libzephyr.a(shell_uart.c.obj)
 .text.shell_internal_help_print
                0x0000000008001308       0x20 zephyr/libzephyr.a(shell.c.obj)
 .text.kill_handler
                0x0000000008001328       0x50 zephyr/libzephyr.a(shell.c.obj)
 .text.z_cursor_next_line_move.isra.0
                0x0000000008001378        0xc zephyr/libzephyr.a(shell.c.obj)
 .text.history_handle
                0x0000000008001384       0xa8 zephyr/libzephyr.a(shell.c.obj)
 .text.execute  0x000000000800142c      0x2c0 zephyr/libzephyr.a(shell.c.obj)
 .text.state_set.constprop.0
                0x00000000080016ec       0x4c zephyr/libzephyr.a(shell.c.obj)
 .text.shell_process
                0x0000000008001738      0x6c8 zephyr/libzephyr.a(shell.c.obj)
                0x0000000008001738                shell_process
 .text.shell_init
                0x0000000008001e00       0xf8 zephyr/libzephyr.a(shell.c.obj)
                0x0000000008001e00                shell_init
 .text.shell_start
                0x0000000008001ef8       0x54 zephyr/libzephyr.a(shell.c.obj)
                0x0000000008001ef8                shell_start
 .text.shell_thread
                0x0000000008001f4c       0xa0 zephyr/libzephyr.a(shell.c.obj)
                0x0000000008001f4c                shell_thread
 .text.cmd_help
                0x0000000008001fec       0x4c zephyr/libzephyr.a(shell.c.obj)
 .text.shell_hexdump_line
                0x0000000008002038       0xe8 zephyr/libzephyr.a(shell.c.obj)
                0x0000000008002038                shell_hexdump_line
 .text.z_shell_fprintf_fmt
                0x0000000008002120       0x28 zephyr/libzephyr.a(shell_fprintf.c.obj)
                0x0000000008002120                z_shell_fprintf_fmt
 .text.z_shell_make_argv
                0x0000000008002148      0x1b8 zephyr/libzephyr.a(shell_utils.c.obj)
                0x0000000008002148                z_shell_make_argv
 .text.z_shell_cmd_get
                0x0000000008002300       0x74 zephyr/libzephyr.a(shell_utils.c.obj)
                0x0000000008002300                z_shell_cmd_get
 .text.z_shell_spaces_trim
                0x0000000008002374       0x6c zephyr/libzephyr.a(shell_utils.c.obj)
                0x0000000008002374                z_shell_spaces_trim
 .text.z_shell_cmd_trim
                0x00000000080023e0       0x70 zephyr/libzephyr.a(shell_utils.c.obj)
                0x00000000080023e0                z_shell_cmd_trim
 .text.shell_strtoul
                0x0000000008002450       0x54 zephyr/libzephyr.a(shell_utils.c.obj)
                0x0000000008002450                shell_strtoul
 .text.z_clear_eos
                0x00000000080024a4       0x18 zephyr/libzephyr.a(shell_ops.c.obj)
 .text.z_cursor_next_line_move.isra.0
                0x00000000080024bc        0xc zephyr/libzephyr.a(shell_ops.c.obj)
 .text.z_shell_op_cursor_vert_move
                0x00000000080024c8       0x2c zephyr/libzephyr.a(shell_ops.c.obj)
                0x00000000080024c8                z_shell_op_cursor_vert_move
 .text.z_shell_op_cursor_horiz_move
                0x00000000080024f4       0x2c zephyr/libzephyr.a(shell_ops.c.obj)
                0x00000000080024f4                z_shell_op_cursor_horiz_move
 .text.z_shell_op_cursor_word_move
                0x0000000008002520       0x78 zephyr/libzephyr.a(shell_ops.c.obj)
                0x0000000008002520                z_shell_op_cursor_word_move
 .text.z_shell_print_cmd
                0x0000000008002598       0x78 zephyr/libzephyr.a(shell_ops.c.obj)
                0x0000000008002598                z_shell_print_cmd
 .text.z_shell_vt100_color_set
                0x0000000008002610       0x40 zephyr/libzephyr.a(shell_ops.c.obj)
                0x0000000008002610                z_shell_vt100_color_set
 .text.z_shell_vt100_colors_restore
                0x0000000008002650       0x3c zephyr/libzephyr.a(shell_ops.c.obj)
                0x0000000008002650                z_shell_vt100_colors_restore
 .text.z_shell_op_word_remove
                0x000000000800268c       0xc0 zephyr/libzephyr.a(shell_ops.c.obj)
                0x000000000800268c                z_shell_op_word_remove
 .text.reprint_from_cursor
                0x000000000800274c       0x74 zephyr/libzephyr.a(shell_ops.c.obj)
 .text.z_shell_op_char_insert
                0x00000000080027c0       0x6c zephyr/libzephyr.a(shell_ops.c.obj)
                0x00000000080027c0                z_shell_op_char_insert
 .text.z_shell_print_prompt_and_cmd
                0x000000000800282c       0x30 zephyr/libzephyr.a(shell_ops.c.obj)
                0x000000000800282c                z_shell_print_prompt_and_cmd
 .text.z_cursor_next_line_move.isra.0
                0x000000000800285c        0xc zephyr/libzephyr.a(shell_help.c.obj)
 .text.formatted_text_print.constprop.0
                0x0000000008002868       0xe4 zephyr/libzephyr.a(shell_help.c.obj)
 .text.z_shell_help_subcmd_print
                0x000000000800294c       0xb4 zephyr/libzephyr.a(shell_help.c.obj)
                0x000000000800294c                z_shell_help_subcmd_print
 .text.z_shell_help_cmd_print
                0x0000000008002a00       0x40 zephyr/libzephyr.a(shell_help.c.obj)
                0x0000000008002a00                z_shell_help_cmd_print
 .text.z_shell_help_request
                0x0000000008002a40       0x28 zephyr/libzephyr.a(shell_help.c.obj)
                0x0000000008002a40                z_shell_help_request
 .text.cmd_resize_default
                0x0000000008002a68       0x2c zephyr/libzephyr.a(shell_cmds.c.obj)
 .text.cmd_shell_stats_show
                0x0000000008002a94       0x18 zephyr/libzephyr.a(shell_cmds.c.obj)
 .text.cmd_backends
                0x0000000008002aac       0x54 zephyr/libzephyr.a(shell_cmds.c.obj)
 .text.cmd_prompt_off
                0x0000000008002b00       0x10 zephyr/libzephyr.a(shell_cmds.c.obj)
 .text.cmd_history
                0x0000000008002b10       0x44 zephyr/libzephyr.a(shell_cmds.c.obj)
 .text.cmd_get_retval
                0x0000000008002b54       0x1c zephyr/libzephyr.a(shell_cmds.c.obj)
 .text.cmd_echo
                0x0000000008002b70       0x58 zephyr/libzephyr.a(shell_cmds.c.obj)
 .text.cmd_clear
                0x0000000008002bc8       0x34 zephyr/libzephyr.a(shell_cmds.c.obj)
 .text.cmd_resize
                0x0000000008002bfc      0x1a8 zephyr/libzephyr.a(shell_cmds.c.obj)
 .text.z_shell_wildcard_process
                0x0000000008002da4       0xe4 zephyr/libzephyr.a(shell_wildcard.c.obj)
                0x0000000008002da4                z_shell_wildcard_process
 .text.z_SysNmiOnReset
                0x0000000008002e88        0x8 zephyr/arch/arch/arm/core/libarch__arm__core.a(nmi_on_reset.S.obj)
                0x0000000008002e88                z_SysNmiOnReset
 .text.arch_tls_stack_setup
                0x0000000008002e90       0x60 zephyr/arch/arch/arm/core/libarch__arm__core.a(tls.c.obj)
                0x0000000008002e90                arch_tls_stack_setup
 .text._HandlerModeExit
                0x0000000008002ef0       0x1c zephyr/arch/arch/arm/core/cortex_m/libarch__arm__core__cortex_m.a(exc_exit.S.obj)
                0x0000000008002ef0                z_arm_exc_exit
                0x0000000008002ef0                z_arm_int_exit
 .text.mem_manage_fault
                0x0000000008002f0c       0xa0 zephyr/arch/arch/arm/core/cortex_m/libarch__arm__core__cortex_m.a(fault.c.obj)
 .text.usage_fault.constprop.0
                0x0000000008002fac       0x54 zephyr/arch/arch/arm/core/cortex_m/libarch__arm__core__cortex_m.a(fault.c.obj)
 .text.bus_fault.constprop.0
                0x0000000008003000       0x6c zephyr/arch/arch/arm/core/cortex_m/libarch__arm__core__cortex_m.a(fault.c.obj)
 .text.z_arm_fault
                0x000000000800306c      0x128 zephyr/arch/arch/arm/core/cortex_m/libarch__arm__core__cortex_m.a(fault.c.obj)
                0x000000000800306c                z_arm_fault
 .text.z_arm_fault_init
                0x0000000008003194       0x10 zephyr/arch/arch/arm/core/cortex_m/libarch__arm__core__cortex_m.a(fault.c.obj)
                0x0000000008003194                z_arm_fault_init
 .text.__fault  0x00000000080031a4       0x14 zephyr/arch/arch/arm/core/cortex_m/libarch__arm__core__cortex_m.a(fault_s.S.obj)
                0x00000000080031a4                z_arm_bus_fault
                0x00000000080031a4                z_arm_usage_fault
                0x00000000080031a4                z_arm_mpu_fault
                0x00000000080031a4                z_arm_exc_spurious
                0x00000000080031a4                z_arm_debug_monitor
                0x00000000080031a4                z_arm_hard_fault
 .text._reset_section
                0x00000000080031b8       0x38 zephyr/arch/arch/arm/core/cortex_m/libarch__arm__core__cortex_m.a(reset.S.obj)
                0x00000000080031b8                z_arm_reset
                0x00000000080031b8                __start
 .text.z_impl_k_thread_abort
                0x00000000080031f0       0x2c zephyr/arch/arch/arm/core/cortex_m/libarch__arm__core__cortex_m.a(thread_abort.c.obj)
                0x00000000080031f0                z_impl_k_thread_abort
 .text.arch_swap
                0x000000000800321c       0x34 zephyr/arch/arch/arm/core/cortex_m/libarch__arm__core__cortex_m.a(swap.c.obj)
                0x000000000800321c                arch_swap
 .text.z_arm_pendsv
                0x0000000008003250       0x7c zephyr/arch/arch/arm/core/cortex_m/libarch__arm__core__cortex_m.a(swap_helper.S.obj)
                0x0000000008003250                z_arm_pendsv
 .text.z_arm_svc
                0x00000000080032cc       0x20 zephyr/arch/arch/arm/core/cortex_m/libarch__arm__core__cortex_m.a(swap_helper.S.obj)
                0x00000000080032cc                z_arm_svc
 .text.arch_irq_enable
                0x00000000080032ec       0x1c zephyr/arch/arch/arm/core/cortex_m/libarch__arm__core__cortex_m.a(irq_manage.c.obj)
                0x00000000080032ec                arch_irq_enable
 .text.z_arm_irq_priority_set
                0x0000000008003308       0x30 zephyr/arch/arch/arm/core/cortex_m/libarch__arm__core__cortex_m.a(irq_manage.c.obj)
                0x0000000008003308                z_arm_irq_priority_set
 .text.z_arm_prep_c
                0x0000000008003338       0x48 zephyr/arch/arch/arm/core/cortex_m/libarch__arm__core__cortex_m.a(prep_c.c.obj)
                0x0000000008003338                z_arm_prep_c
 .text.arch_new_thread
                0x0000000008003380       0x38 zephyr/arch/arch/arm/core/cortex_m/libarch__arm__core__cortex_m.a(thread.c.obj)
                0x0000000008003380                arch_new_thread
 .text.z_check_thread_stack_fail
                0x00000000080033b8       0x30 zephyr/arch/arch/arm/core/cortex_m/libarch__arm__core__cortex_m.a(thread.c.obj)
                0x00000000080033b8                z_check_thread_stack_fail
 .text.arch_switch_to_main_thread
                0x00000000080033e8       0x40 zephyr/arch/arch/arm/core/cortex_m/libarch__arm__core__cortex_m.a(thread.c.obj)
                0x00000000080033e8                arch_switch_to_main_thread
 .text.z_arm_cpu_idle_init
                0x0000000008003428        0xc zephyr/arch/arch/arm/core/cortex_m/libarch__arm__core__cortex_m.a(cpu_idle.S.obj)
                0x0000000008003428                z_arm_cpu_idle_init
 .text.arch_cpu_idle
                0x0000000008003434       0x1c zephyr/arch/arch/arm/core/cortex_m/libarch__arm__core__cortex_m.a(cpu_idle.S.obj)
                0x0000000008003434                arch_cpu_idle
 .text.z_arm_interrupt_init
                0x0000000008003450       0x18 zephyr/arch/arch/arm/core/cortex_m/libarch__arm__core__cortex_m.a(irq_init.c.obj)
                0x0000000008003450                z_arm_interrupt_init
 .text._isr_wrapper
                0x0000000008003468       0x28 zephyr/arch/arch/arm/core/cortex_m/libarch__arm__core__cortex_m.a(isr_wrapper.S.obj)
                0x0000000008003468                _isr_wrapper
 .text.z_arm_configure_static_mpu_regions
                0x0000000008003490       0x18 zephyr/arch/arch/arm/core/mpu/libarch__arm__core__mpu.a(arm_core_mpu.c.obj)
                0x0000000008003490                z_arm_configure_static_mpu_regions
 .text.z_arm_configure_dynamic_mpu_regions
                0x00000000080034a8       0x24 zephyr/arch/arch/arm/core/mpu/libarch__arm__core__mpu.a(arm_core_mpu.c.obj)
                0x00000000080034a8                z_arm_configure_dynamic_mpu_regions
 .text.region_init
                0x00000000080034cc       0x28 zephyr/arch/arch/arm/core/mpu/libarch__arm__core__mpu.a(arm_mpu.c.obj)
 .text.arm_core_mpu_enable
                0x00000000080034f4       0x18 zephyr/arch/arch/arm/core/mpu/libarch__arm__core__mpu.a(arm_mpu.c.obj)
                0x00000000080034f4                arm_core_mpu_enable
 .text.arm_core_mpu_disable
                0x000000000800350c       0x14 zephyr/arch/arch/arm/core/mpu/libarch__arm__core__mpu.a(arm_mpu.c.obj)
                0x000000000800350c                arm_core_mpu_disable
 .text.arm_core_mpu_configure_static_mpu_regions
                0x0000000008003520       0x14 zephyr/arch/arch/arm/core/mpu/libarch__arm__core__mpu.a(arm_mpu.c.obj)
                0x0000000008003520                arm_core_mpu_configure_static_mpu_regions
 .text.arm_core_mpu_configure_dynamic_mpu_regions
                0x0000000008003534       0x30 zephyr/arch/arch/arm/core/mpu/libarch__arm__core__mpu.a(arm_mpu.c.obj)
                0x0000000008003534                arm_core_mpu_configure_dynamic_mpu_regions
 .text.z_arm_mpu_init
                0x0000000008003564      0x124 zephyr/arch/arch/arm/core/mpu/libarch__arm__core__mpu.a(arm_mpu.c.obj)
                0x0000000008003564                z_arm_mpu_init
 .text.z_impl_zephyr_fputc
                0x0000000008003688       0x10 zephyr/lib/libc/picolibc/liblib__libc__picolibc.a(libc-hooks.c.obj)
                0x0000000008003688                z_impl_zephyr_fputc
 .text.__stdout_hook_install
                0x0000000008003698       0x18 zephyr/lib/libc/picolibc/liblib__libc__picolibc.a(libc-hooks.c.obj)
                0x0000000008003698                __stdout_hook_install
 .text.cbvprintf
                0x00000000080036b0       0x38 zephyr/lib/libc/picolibc/liblib__libc__picolibc.a(libc-hooks.c.obj)
                0x00000000080036b0                cbvprintf
 .text.malloc_prepare
                0x00000000080036e8       0x24 zephyr/lib/libc/common/liblib__libc__common.a(malloc.c.obj)
 .text.foldcase
                0x000000000800370c       0x18 zephyr/lib/posix/liblib__posix.a(fnmatch.c.obj)
 .text._zbus_vded_exec
                0x0000000008003724       0x90 zephyr/subsys/zbus/libsubsys__zbus.a(zbus.c.obj)
 .text._zbus_init
                0x00000000080037b4       0x6c zephyr/subsys/zbus/libsubsys__zbus.a(zbus.c.obj)
                0x00000000080037b4                _zbus_init
 .text.stm32_exti_isr
                0x0000000008003820       0x4c zephyr/drivers/interrupt_controller/libdrivers__interrupt_controller.a(intc_exti_stm32.c.obj)
 .text.stm32_fill_irq_table
                0x000000000800386c       0x18 zephyr/drivers/interrupt_controller/libdrivers__interrupt_controller.a(intc_exti_stm32.c.obj)
 .text.stm32_exti_enable
                0x0000000008003884       0x24 zephyr/drivers/interrupt_controller/libdrivers__interrupt_controller.a(intc_exti_stm32.c.obj)
                0x0000000008003884                stm32_exti_enable
 .text.stm32_exti_disable
                0x00000000080038a8       0x18 zephyr/drivers/interrupt_controller/libdrivers__interrupt_controller.a(intc_exti_stm32.c.obj)
                0x00000000080038a8                stm32_exti_disable
 .text.stm32_exti_trigger
                0x00000000080038c0       0x60 zephyr/drivers/interrupt_controller/libdrivers__interrupt_controller.a(intc_exti_stm32.c.obj)
                0x00000000080038c0                stm32_exti_trigger
 .text.stm32_exti_set_callback
                0x0000000008003920       0x30 zephyr/drivers/interrupt_controller/libdrivers__interrupt_controller.a(intc_exti_stm32.c.obj)
                0x0000000008003920                stm32_exti_set_callback
 .text.stm32_exti_unset_callback
                0x0000000008003950       0x14 zephyr/drivers/interrupt_controller/libdrivers__interrupt_controller.a(intc_exti_stm32.c.obj)
                0x0000000008003950                stm32_exti_unset_callback
 .text.stm32_clock_control_get_subsys_rate
                0x0000000008003964       0x94 zephyr/drivers/clock_control/libdrivers__clock_control.a(clock_stm32_ll_common.c.obj)
 .text.stm32_clock_control_init
                0x00000000080039f8      0x13c zephyr/drivers/clock_control/libdrivers__clock_control.a(clock_stm32_ll_common.c.obj)
                0x00000000080039f8                stm32_clock_control_init
 .text.get_pllsrc_frequency
                0x0000000008003b34        0x8 zephyr/drivers/clock_control/libdrivers__clock_control.a(clock_stm32g4.c.obj)
                0x0000000008003b34                get_pllsrc_frequency
 .text.config_pll_sysclock
                0x0000000008003b3c       0x34 zephyr/drivers/clock_control/libdrivers__clock_control.a(clock_stm32g4.c.obj)
                0x0000000008003b3c                config_pll_sysclock
 .text.config_enable_default_clocks
                0x0000000008003b70       0x20 zephyr/drivers/clock_control/libdrivers__clock_control.a(clock_stm32g4.c.obj)
                0x0000000008003b70                config_enable_default_clocks
 .text.uart_console_init
                0x0000000008003b90       0x28 zephyr/drivers/console/libdrivers__console.a(uart_console.c.obj)
 .text.console_out
                0x0000000008003bb8       0x28 zephyr/drivers/console/libdrivers__console.a(uart_console.c.obj)
 .text.gpio_stm32_init
                0x0000000008003be0       0x30 zephyr/drivers/gpio/libdrivers__gpio.a(gpio_stm32.c.obj)
 .text.gpio_stm32_pin_interrupt_configure
                0x0000000008003c10      0x110 zephyr/drivers/gpio/libdrivers__gpio.a(gpio_stm32.c.obj)
 .text.pinctrl_configure_pins
                0x0000000008003d20       0x84 zephyr/drivers/pinctrl/libdrivers__pinctrl.a(pinctrl_stm32.c.obj)
                0x0000000008003d20                pinctrl_configure_pins
 .text.uart_stm32_cfg2ll_stopbits
                0x0000000008003da4       0x38 zephyr/drivers/serial/libdrivers__serial.a(uart_stm32.c.obj)
 .text.uart_stm32_irq_err_enable
                0x0000000008003ddc       0x64 zephyr/drivers/serial/libdrivers__serial.a(uart_stm32.c.obj)
 .text.uart_stm32_irq_err_disable
                0x0000000008003e40       0x64 zephyr/drivers/serial/libdrivers__serial.a(uart_stm32.c.obj)
 .text.lpuartdiv_calc
                0x0000000008003ea4       0x30 zephyr/drivers/serial/libdrivers__serial.a(uart_stm32.c.obj)
                0x0000000008003ea4                lpuartdiv_calc
 .text.uart_stm32_set_baudrate
                0x0000000008003ed4       0xbc zephyr/drivers/serial/libdrivers__serial.a(uart_stm32.c.obj)
 .text.uart_stm32_configure
                0x0000000008003f90      0x108 zephyr/drivers/serial/libdrivers__serial.a(uart_stm32.c.obj)
 .text.uart_stm32_init
                0x0000000008004098      0x160 zephyr/drivers/serial/libdrivers__serial.a(uart_stm32.c.obj)
 .text.elapsed  0x00000000080041f8       0x4c zephyr/drivers/timer/libdrivers__timer.a(cortex_m_systick.c.obj)
 .text.sys_clock_driver_init
                0x0000000008004244       0x38 zephyr/drivers/timer/libdrivers__timer.a(cortex_m_systick.c.obj)
 .text.sys_clock_isr
                0x000000000800427c       0x54 zephyr/drivers/timer/libdrivers__timer.a(cortex_m_systick.c.obj)
                0x000000000800427c                sys_clock_isr
 .text.sys_clock_set_timeout
                0x00000000080042d0       0xf8 zephyr/drivers/timer/libdrivers__timer.a(cortex_m_systick.c.obj)
                0x00000000080042d0                sys_clock_set_timeout
 .text.sys_clock_elapsed
                0x00000000080043c8       0x40 zephyr/drivers/timer/libdrivers__timer.a(cortex_m_systick.c.obj)
                0x00000000080043c8                sys_clock_elapsed
 .text.sys_clock_cycle_get_32
                0x0000000008004408       0x2c zephyr/drivers/timer/libdrivers__timer.a(cortex_m_systick.c.obj)
                0x0000000008004408                sys_clock_cycle_get_32
 .text.HAL_RCC_GetSysClockFreq
                0x0000000008004434       0x6c modules/stm32/stm32cube/lib..__modules__hal__stm32__stm32cube.a(stm32g4xx_hal_rcc.c.obj)
                0x0000000008004434                HAL_RCC_GetSysClockFreq
 .text.LL_SetFlashLatency
                0x00000000080044a0       0xcc modules/stm32/stm32cube/lib..__modules__hal__stm32__stm32cube.a(stm32g4xx_ll_utils.c.obj)
                0x00000000080044a0                LL_SetFlashLatency
 .text.z_impl_k_busy_wait
                0x000000000800456c       0x30 zephyr/kernel/libkernel.a(busy_wait.c.obj)
                0x000000000800456c                z_impl_k_busy_wait
 .text.z_device_get_all_static
                0x000000000800459c       0x18 zephyr/kernel/libkernel.a(device.c.obj)
                0x000000000800459c                z_device_get_all_static
 .text.z_fatal_error
                0x00000000080045b4       0x30 zephyr/kernel/libkernel.a(fatal.c.obj)
                0x00000000080045b4                z_fatal_error
 .text.z_sys_init_run_level
                0x00000000080045e4       0x48 zephyr/kernel/libkernel.a(init.c.obj)
 .text.bg_thread_main
                0x000000000800462c       0x34 zephyr/kernel/libkernel.a(init.c.obj)
 .text.z_bss_zero
                0x0000000008004660       0x18 zephyr/kernel/libkernel.a(init.c.obj)
                0x0000000008004660                z_bss_zero
 .text.z_init_cpu
                0x0000000008004678       0xa8 zephyr/kernel/libkernel.a(init.c.obj)
                0x0000000008004678                z_init_cpu
 .text.z_cstart
                0x0000000008004720       0xdc zephyr/kernel/libkernel.a(init.c.obj)
                0x0000000008004720                z_cstart
 .text.k_thread_foreach
                0x00000000080047fc       0x38 zephyr/kernel/libkernel.a(thread.c.obj)
                0x00000000080047fc                k_thread_foreach
 .text.z_thread_monitor_exit
                0x0000000008004834       0x44 zephyr/kernel/libkernel.a(thread.c.obj)
                0x0000000008004834                z_thread_monitor_exit
 .text.z_impl_k_thread_name_set
                0x0000000008004878       0x20 zephyr/kernel/libkernel.a(thread.c.obj)
                0x0000000008004878                z_impl_k_thread_name_set
 .text.k_thread_state_str
                0x0000000008004898       0x90 zephyr/kernel/libkernel.a(thread.c.obj)
                0x0000000008004898                k_thread_state_str
 .text.z_setup_new_thread
                0x0000000008004928       0xfc zephyr/kernel/libkernel.a(thread.c.obj)
                0x0000000008004928                z_setup_new_thread
 .text.z_impl_k_thread_create
                0x0000000008004a24       0x58 zephyr/kernel/libkernel.a(thread.c.obj)
                0x0000000008004a24                z_impl_k_thread_create
 .text.z_init_static_threads
                0x0000000008004a7c       0x98 zephyr/kernel/libkernel.a(thread.c.obj)
                0x0000000008004a7c                z_init_static_threads
 .text.z_thread_mark_switched_in
                0x0000000008004b14        0xc zephyr/kernel/libkernel.a(thread.c.obj)
                0x0000000008004b14                z_thread_mark_switched_in
 .text.sys_kernel_version_get
                0x0000000008004b20        0x8 zephyr/kernel/libkernel.a(version.c.obj)
                0x0000000008004b20                sys_kernel_version_get
 .text.z_impl_k_msgq_put
                0x0000000008004b28       0xac zephyr/kernel/libkernel.a(msg_q.c.obj)
                0x0000000008004b28                z_impl_k_msgq_put
 .text.z_impl_k_msgq_get
                0x0000000008004bd4       0xb4 zephyr/kernel/libkernel.a(msg_q.c.obj)
                0x0000000008004bd4                z_impl_k_msgq_get
 .text.z_impl_k_mutex_lock
                0x0000000008004c88       0xf4 zephyr/kernel/libkernel.a(mutex.c.obj)
                0x0000000008004c88                z_impl_k_mutex_lock
 .text.z_impl_k_mutex_unlock
                0x0000000008004d7c       0x7c zephyr/kernel/libkernel.a(mutex.c.obj)
                0x0000000008004d7c                z_impl_k_mutex_unlock
 .text.z_impl_k_sem_give
                0x0000000008004df8       0x4c zephyr/kernel/libkernel.a(sem.c.obj)
                0x0000000008004df8                z_impl_k_sem_give
 .text.work_queue_main
                0x0000000008004e44      0x138 zephyr/kernel/libkernel.a(work.c.obj)
 .text.submit_to_queue_locked
                0x0000000008004f7c       0xb4 zephyr/kernel/libkernel.a(work.c.obj)
 .text.k_work_submit
                0x0000000008005030        0xc zephyr/kernel/libkernel.a(work.c.obj)
                0x0000000008005030                k_work_submit
 .text.k_work_queue_start
                0x000000000800503c       0x70 zephyr/kernel/libkernel.a(work.c.obj)
                0x000000000800503c                k_work_queue_start
 .text.k_work_reschedule_for_queue
                0x00000000080050ac       0x5c zephyr/kernel/libkernel.a(work.c.obj)
                0x00000000080050ac                k_work_reschedule_for_queue
 .text.k_work_reschedule
                0x0000000008005108        0xc zephyr/kernel/libkernel.a(work.c.obj)
                0x0000000008005108                k_work_reschedule
 .text.sliceable
                0x0000000008005114       0x3c zephyr/kernel/libkernel.a(sched.c.obj)
 .text.slice_timeout
                0x0000000008005150       0x20 zephyr/kernel/libkernel.a(sched.c.obj)
 .text.z_reset_time_slice
                0x0000000008005170       0x50 zephyr/kernel/libkernel.a(sched.c.obj)
                0x0000000008005170                z_reset_time_slice
 .text.update_cache
                0x00000000080051c0       0x3c zephyr/kernel/libkernel.a(sched.c.obj)
 .text.move_thread_to_end_of_prio_q
                0x00000000080051fc       0x74 zephyr/kernel/libkernel.a(sched.c.obj)
 .text.ready_thread
                0x0000000008005270       0x68 zephyr/kernel/libkernel.a(sched.c.obj)
 .text.unready_thread
                0x00000000080052d8       0x30 zephyr/kernel/libkernel.a(sched.c.obj)
 .text.pend_locked
                0x0000000008005308       0x30 zephyr/kernel/libkernel.a(sched.c.obj)
 .text.z_thread_halt
                0x0000000008005338       0xac zephyr/kernel/libkernel.a(sched.c.obj)
 .text.z_time_slice
                0x00000000080053e4       0x60 zephyr/kernel/libkernel.a(sched.c.obj)
                0x00000000080053e4                z_time_slice
 .text.z_pend_curr
                0x0000000008005444       0x3c zephyr/kernel/libkernel.a(sched.c.obj)
                0x0000000008005444                z_pend_curr
 .text.z_set_prio
                0x0000000008005480       0x8c zephyr/kernel/libkernel.a(sched.c.obj)
                0x0000000008005480                z_set_prio
 .text.z_reschedule
                0x000000000800550c       0x24 zephyr/kernel/libkernel.a(sched.c.obj)
                0x000000000800550c                z_reschedule
 .text.z_sched_start
                0x0000000008005530       0x3c zephyr/kernel/libkernel.a(sched.c.obj)
                0x0000000008005530                z_sched_start
 .text.k_sched_lock
                0x000000000800556c       0x28 zephyr/kernel/libkernel.a(sched.c.obj)
                0x000000000800556c                k_sched_lock
 .text.k_sched_unlock
                0x0000000008005594       0x38 zephyr/kernel/libkernel.a(sched.c.obj)
                0x0000000008005594                k_sched_unlock
 .text.z_sched_init
                0x00000000080055cc       0x10 zephyr/kernel/libkernel.a(sched.c.obj)
                0x00000000080055cc                z_sched_init
 .text.z_impl_k_yield
                0x00000000080055dc       0x7c zephyr/kernel/libkernel.a(sched.c.obj)
                0x00000000080055dc                z_impl_k_yield
 .text.z_tick_sleep
                0x0000000008005658       0x88 zephyr/kernel/libkernel.a(sched.c.obj)
 .text.z_impl_k_sleep
                0x00000000080056e0       0x28 zephyr/kernel/libkernel.a(sched.c.obj)
                0x00000000080056e0                z_impl_k_sleep
 .text.z_impl_k_sched_current_thread_query
                0x0000000008005708        0xc zephyr/kernel/libkernel.a(sched.c.obj)
                0x0000000008005708                z_impl_k_sched_current_thread_query
 .text.z_sched_wait
                0x0000000008005714       0x24 zephyr/kernel/libkernel.a(sched.c.obj)
                0x0000000008005714                z_sched_wait
 .text.z_data_copy
                0x0000000008005738       0x34 zephyr/kernel/libkernel.a(xip.c.obj)
                0x0000000008005738                z_data_copy
 .text.elapsed  0x000000000800576c       0x14 zephyr/kernel/libkernel.a(timeout.c.obj)
 .text.next_timeout
                0x0000000008005780       0x40 zephyr/kernel/libkernel.a(timeout.c.obj)
 .text.remove_timeout
                0x00000000080057c0       0x38 zephyr/kernel/libkernel.a(timeout.c.obj)
 .text.z_add_timeout
                0x00000000080057f8       0xec zephyr/kernel/libkernel.a(timeout.c.obj)
                0x00000000080057f8                z_add_timeout
 .text.sys_clock_announce
                0x00000000080058e4       0xd4 zephyr/kernel/libkernel.a(timeout.c.obj)
                0x00000000080058e4                sys_clock_announce
 .text.sys_clock_tick_get
                0x00000000080059b8       0x34 zephyr/kernel/libkernel.a(timeout.c.obj)
                0x00000000080059b8                sys_clock_tick_get
 .text.z_impl_k_poll
                0x00000000080059ec       0xb8 zephyr/kernel/libkernel.a(poll.c.obj)
                0x00000000080059ec                z_impl_k_poll
 .text.z_impl_k_poll_signal_raise
                0x0000000008005aa4       0x50 zephyr/kernel/libkernel.a(poll.c.obj)
                0x0000000008005aa4                z_impl_k_poll_signal_raise
 .text.z_sched_usage_start
                0x0000000008005af4       0x18 zephyr/kernel/libkernel.a(usage.c.obj)
                0x0000000008005af4                z_sched_usage_start
 .text.z_sched_usage_stop
                0x0000000008005b0c       0x58 zephyr/kernel/libkernel.a(usage.c.obj)
                0x0000000008005b0c                z_sched_usage_stop
 .text.z_sched_cpu_usage
                0x0000000008005b64       0x88 zephyr/kernel/libkernel.a(usage.c.obj)
                0x0000000008005b64                z_sched_cpu_usage
 .text.z_sched_thread_usage
                0x0000000008005bec       0x80 zephyr/kernel/libkernel.a(usage.c.obj)
                0x0000000008005bec                z_sched_thread_usage
 .text.k_thread_system_pool_assign
                0x0000000008005c6c        0xc zephyr/kernel/libkernel.a(mempool.c.obj)
                0x0000000008005c6c                k_thread_system_pool_assign
 .text.boot_banner
                0x0000000008005c78        0xc zephyr/kernel/libkernel.a(banner.c.obj)
                0x0000000008005c78                boot_banner
 .text.statics_init
                0x0000000008005c84       0x24 zephyr/kernel/libkernel.a(kheap.c.obj)
 .text.k_sys_work_q_init
                0x0000000008005ca8       0x34 zephyr/kernel/libkernel.a(system_work_q.c.obj)
 .text.snprintf
                0x0000000008005cdc       0x58 /home/gustavo/zephyr-sdk-0.16.3/arm-zephyr-eabi/bin/../lib/gcc/../../picolibc/arm-zephyr-eabi/lib/thumb/v7e-m/nofp/libc.a(libc_tinystdio_snprintf.c.o)
                0x0000000008005cdc                snprintf
 .text.strtol   0x0000000008005d34       0xe0 /home/gustavo/zephyr-sdk-0.16.3/arm-zephyr-eabi/bin/../lib/gcc/../../picolibc/arm-zephyr-eabi/lib/thumb/v7e-m/nofp/libc.a(libc_tinystdio_strtol.c.o)
                0x0000000008005d34                strtol
 .text.strtoul  0x0000000008005e14       0xc8 /home/gustavo/zephyr-sdk-0.16.3/arm-zephyr-eabi/bin/../lib/gcc/../../picolibc/arm-zephyr-eabi/lib/thumb/v7e-m/nofp/libc.a(libc_tinystdio_strtoul.c.o)
                0x0000000008005e14                strtoul
 .text.skip_to_arg
                0x0000000008005edc      0x138 /home/gustavo/zephyr-sdk-0.16.3/arm-zephyr-eabi/bin/../lib/gcc/../../picolibc/arm-zephyr-eabi/lib/thumb/v7e-m/nofp/libc.a(libc_tinystdio_vfprintf.c.o)
 .text.vfprintf
                0x0000000008006014      0xbac /home/gustavo/zephyr-sdk-0.16.3/arm-zephyr-eabi/bin/../lib/gcc/../../picolibc/arm-zephyr-eabi/lib/thumb/v7e-m/nofp/libc.a(libc_tinystdio_vfprintf.c.o)
                0x0000000008006014                __d_vfprintf
                0x0000000008006014                vfprintf
 .text.div10    0x0000000008006bc0       0x28 /home/gustavo/zephyr-sdk-0.16.3/arm-zephyr-eabi/bin/../lib/gcc/../../picolibc/arm-zephyr-eabi/lib/thumb/v7e-m/nofp/libc.a(libc_tinystdio_dtoa_ryu.c.o)
 .text.__dtoa_engine
                0x0000000008006be8      0x4a4 /home/gustavo/zephyr-sdk-0.16.3/arm-zephyr-eabi/bin/../lib/gcc/../../picolibc/arm-zephyr-eabi/lib/thumb/v7e-m/nofp/libc.a(libc_tinystdio_dtoa_ryu.c.o)
                0x0000000008006be8                __dtoa_engine
 .text.__pow5Factor
                0x000000000800708c       0x30 /home/gustavo/zephyr-sdk-0.16.3/arm-zephyr-eabi/bin/../lib/gcc/../../picolibc/arm-zephyr-eabi/lib/thumb/v7e-m/nofp/libc.a(libc_tinystdio_ryu_table.c.o)
                0x000000000800708c                __pow5Factor
 .text.__double_computePow5
                0x00000000080070bc       0xe8 /home/gustavo/zephyr-sdk-0.16.3/arm-zephyr-eabi/bin/../lib/gcc/../../picolibc/arm-zephyr-eabi/lib/thumb/v7e-m/nofp/libc.a(libc_tinystdio_ryu_table.c.o)
                0x00000000080070bc                __double_computePow5
 .text.__double_computeInvPow5
                0x00000000080071a4       0xf8 /home/gustavo/zephyr-sdk-0.16.3/arm-zephyr-eabi/bin/../lib/gcc/../../picolibc/arm-zephyr-eabi/lib/thumb/v7e-m/nofp/libc.a(libc_tinystdio_ryu_table.c.o)
                0x00000000080071a4                __double_computeInvPow5
 .text.__log10Pow2
                0x000000000800729c        0xc /home/gustavo/zephyr-sdk-0.16.3/arm-zephyr-eabi/bin/../lib/gcc/../../picolibc/arm-zephyr-eabi/lib/thumb/v7e-m/nofp/libc.a(libc_tinystdio_ryu_log10.c.o)
                0x000000000800729c                __log10Pow2
 .text.__log10Pow5
                0x00000000080072a8        0xc /home/gustavo/zephyr-sdk-0.16.3/arm-zephyr-eabi/bin/../lib/gcc/../../picolibc/arm-zephyr-eabi/lib/thumb/v7e-m/nofp/libc.a(libc_tinystdio_ryu_log10.c.o)
                0x00000000080072a8                __log10Pow5
 .text.__pow5bits
                0x00000000080072b4       0x10 /home/gustavo/zephyr-sdk-0.16.3/arm-zephyr-eabi/bin/../lib/gcc/../../picolibc/arm-zephyr-eabi/lib/thumb/v7e-m/nofp/libc.a(libc_tinystdio_ryu_pow5bits.c.o)
                0x00000000080072b4                __pow5bits
 .text._OffsetAbsSyms
                0x00000000080072c4        0x2 zephyr/CMakeFiles/offsets.dir/./arch/arm/core/offsets/offsets.c.obj
                0x00000000080072c4                _OffsetAbsSyms
 .text.gpio_pin_configure_dt
                0x00000000080072c6       0x2a app/libapp.a(main.c.obj)
 .text.arch_printk_char_out
                0x00000000080072f0        0x4 zephyr/libzephyr.a(printk.c.obj)
                0x00000000080072f0                arch_printk_char_out
 .text.printk   0x00000000080072f4       0x1a zephyr/libzephyr.a(printk.c.obj)
                0x00000000080072f4                printk
 .text.chunk_size
                0x000000000800730e        0xa zephyr/libzephyr.a(heap.c.obj)
 .text.free_list_add
                0x0000000008007318       0x4e zephyr/libzephyr.a(heap.c.obj)
 .text.sys_heap_init
                0x0000000008007366       0x7a zephyr/libzephyr.a(heap.c.obj)
                0x0000000008007366                sys_heap_init
 .text.ring_buf_put_claim
                0x00000000080073e0       0x3e zephyr/libzephyr.a(ring_buffer.c.obj)
                0x00000000080073e0                ring_buf_put_claim
 .text.ring_buf_put_finish
                0x000000000800741e       0x2a zephyr/libzephyr.a(ring_buffer.c.obj)
                0x000000000800741e                ring_buf_put_finish
 .text.ring_buf_put
                0x0000000008007448       0x3e zephyr/libzephyr.a(ring_buffer.c.obj)
                0x0000000008007448                ring_buf_put
 .text.ring_buf_get_claim
                0x0000000008007486       0x40 zephyr/libzephyr.a(ring_buffer.c.obj)
                0x0000000008007486                ring_buf_get_claim
 .text.ring_buf_get_finish
                0x00000000080074c6       0x2a zephyr/libzephyr.a(ring_buffer.c.obj)
                0x00000000080074c6                ring_buf_get_finish
 .text.ring_buf_get
                0x00000000080074f0       0x40 zephyr/libzephyr.a(ring_buffer.c.obj)
                0x00000000080074f0                ring_buf_get
 .text._ConfigAbsSyms
                0x0000000008007530        0x2 zephyr/libzephyr.a(configs.c.obj)
                0x0000000008007530                _ConfigAbsSyms
 .text.uart_irq_tx_disable
                0x0000000008007532        0xa zephyr/libzephyr.a(shell_uart.c.obj)
 .text.enable   0x000000000800753c       0x12 zephyr/libzephyr.a(shell_uart.c.obj)
 .text.read     0x000000000800754e       0x12 zephyr/libzephyr.a(shell_uart.c.obj)
 .text.uninit   0x0000000008007560       0x20 zephyr/libzephyr.a(shell_uart.c.obj)
 .text.write    0x0000000008007580       0x6c zephyr/libzephyr.a(shell_uart.c.obj)
 .text.uart_callback
                0x00000000080075ec       0xe2 zephyr/libzephyr.a(shell_uart.c.obj)
 .text.cmd_buffer_clear
                0x00000000080076ce       0x12 zephyr/libzephyr.a(shell.c.obj)
 .text.atomic_or
                0x00000000080076e0       0x1e zephyr/libzephyr.a(shell.c.obj)
 .text.atomic_and
                0x00000000080076fe       0x1e zephyr/libzephyr.a(shell.c.obj)
 .text.shell_signal_handle
                0x000000000800771c       0x2c zephyr/libzephyr.a(shell.c.obj)
 .text.z_shell_strlen
                0x0000000008007748        0xc zephyr/libzephyr.a(shell.c.obj)
 .text.z_shell_raw_fprintf
                0x0000000008007754       0x1a zephyr/libzephyr.a(shell.c.obj)
 .text.k_mutex_lock.constprop.0.isra.0
                0x000000000800776e        0x4 zephyr/libzephyr.a(shell.c.obj)
 .text.transport_evt_handler
                0x0000000008007772       0x14 zephyr/libzephyr.a(shell.c.obj)
 .text.z_flag_cmd_ctx_set.isra.0
                0x0000000008007786       0x16 zephyr/libzephyr.a(shell.c.obj)
 .text.z_flag_history_exit_set.isra.0
                0x000000000800779c       0x14 zephyr/libzephyr.a(shell.c.obj)
 .text.z_flag_insert_mode_set.isra.0
                0x00000000080077b0       0x1e zephyr/libzephyr.a(shell.c.obj)
 .text.k_mutex_unlock.isra.0
                0x00000000080077ce        0x4 zephyr/libzephyr.a(shell.c.obj)
 .text.shell_vfprintf
                0x00000000080077d2       0x8a zephyr/libzephyr.a(shell.c.obj)
                0x00000000080077d2                shell_vfprintf
 .text.shell_fprintf
                0x000000000800785c       0x1a zephyr/libzephyr.a(shell.c.obj)
                0x000000000800785c                shell_fprintf
 .text.shell_prompt_change
                0x0000000008007876       0x20 zephyr/libzephyr.a(shell.c.obj)
                0x0000000008007876                shell_prompt_change
 .text.shell_get_return_value
                0x0000000008007896       0x10 zephyr/libzephyr.a(shell.c.obj)
                0x0000000008007896                shell_get_return_value
 .text.shell_set_bypass
                0x00000000080078a6        0xc zephyr/libzephyr.a(shell.c.obj)
                0x00000000080078a6                shell_set_bypass
 .text.z_shell_fprintf_buffer_flush
                0x00000000080078b2       0x18 zephyr/libzephyr.a(shell_fprintf.c.obj)
                0x00000000080078b2                z_shell_fprintf_buffer_flush
 .text.out_func
                0x00000000080078ca       0x3c zephyr/libzephyr.a(shell_fprintf.c.obj)
 .text.z_shell_strlen
                0x0000000008007906        0xc zephyr/libzephyr.a(shell_utils.c.obj)
 .text.z_column_span_with_buffer_offsets_get
                0x0000000008007912       0x1e zephyr/libzephyr.a(shell_utils.c.obj)
                0x0000000008007912                z_column_span_with_buffer_offsets_get
 .text.z_row_span_with_buffer_offsets_get
                0x0000000008007930       0x16 zephyr/libzephyr.a(shell_utils.c.obj)
                0x0000000008007930                z_row_span_with_buffer_offsets_get
 .text.z_shell_multiline_data_calc
                0x0000000008007946       0x2c zephyr/libzephyr.a(shell_utils.c.obj)
                0x0000000008007946                z_shell_multiline_data_calc
 .text.z_shell_pattern_remove
                0x0000000008007972       0x4e zephyr/libzephyr.a(shell_utils.c.obj)
                0x0000000008007972                z_shell_pattern_remove
 .text.z_shell_find_cmd
                0x00000000080079c0       0x56 zephyr/libzephyr.a(shell_utils.c.obj)
                0x00000000080079c0                z_shell_find_cmd
 .text.z_shell_get_last_command
                0x0000000008007a16       0x5c zephyr/libzephyr.a(shell_utils.c.obj)
                0x0000000008007a16                z_shell_get_last_command
 .text.z_shell_raw_fprintf
                0x0000000008007a72       0x1a zephyr/libzephyr.a(shell_ops.c.obj)
 .text.full_line_cmd.isra.0
                0x0000000008007a8c       0x24 zephyr/libzephyr.a(shell_ops.c.obj)
 .text.z_shell_cursor_in_empty_line
                0x0000000008007ab0       0x2e zephyr/libzephyr.a(shell_ops.c.obj)
                0x0000000008007ab0                z_shell_cursor_in_empty_line
 .text.z_shell_op_cond_next_line
                0x0000000008007ade       0x1e zephyr/libzephyr.a(shell_ops.c.obj)
                0x0000000008007ade                z_shell_op_cond_next_line
 .text.z_shell_op_cursor_position_synchronize
                0x0000000008007afc       0x46 zephyr/libzephyr.a(shell_ops.c.obj)
                0x0000000008007afc                z_shell_op_cursor_position_synchronize
 .text.z_shell_op_cursor_move
                0x0000000008007b42       0x48 zephyr/libzephyr.a(shell_ops.c.obj)
                0x0000000008007b42                z_shell_op_cursor_move
 .text.z_shell_op_cursor_home_move
                0x0000000008007b8a        0xc zephyr/libzephyr.a(shell_ops.c.obj)
                0x0000000008007b8a                z_shell_op_cursor_home_move
 .text.z_shell_op_cursor_end_move
                0x0000000008007b96        0xe zephyr/libzephyr.a(shell_ops.c.obj)
                0x0000000008007b96                z_shell_op_cursor_end_move
 .text.z_shell_op_left_arrow
                0x0000000008007ba4       0x10 zephyr/libzephyr.a(shell_ops.c.obj)
                0x0000000008007ba4                z_shell_op_left_arrow
 .text.z_shell_op_right_arrow
                0x0000000008007bb4       0x12 zephyr/libzephyr.a(shell_ops.c.obj)
                0x0000000008007bb4                z_shell_op_right_arrow
 .text.z_shell_op_delete_from_cursor
                0x0000000008007bc6       0x16 zephyr/libzephyr.a(shell_ops.c.obj)
                0x0000000008007bc6                z_shell_op_delete_from_cursor
 .text.z_shell_cmd_line_erase
                0x0000000008007bdc       0x34 zephyr/libzephyr.a(shell_ops.c.obj)
                0x0000000008007bdc                z_shell_cmd_line_erase
 .text.z_shell_write
                0x0000000008007c10       0x88 zephyr/libzephyr.a(shell_ops.c.obj)
                0x0000000008007c10                z_shell_write
 .text.z_shell_print_stream
                0x0000000008007c98        0x4 zephyr/libzephyr.a(shell_ops.c.obj)
                0x0000000008007c98                z_shell_print_stream
 .text.z_shell_vfprintf
                0x0000000008007c9c       0x4a zephyr/libzephyr.a(shell_ops.c.obj)
                0x0000000008007c9c                z_shell_vfprintf
 .text.z_shell_fprintf
                0x0000000008007ce6       0x1a zephyr/libzephyr.a(shell_ops.c.obj)
                0x0000000008007ce6                z_shell_fprintf
 .text.data_insert
                0x0000000008007d00       0x66 zephyr/libzephyr.a(shell_ops.c.obj)
 .text.z_shell_op_completion_insert
                0x0000000008007d66        0x4 zephyr/libzephyr.a(shell_ops.c.obj)
                0x0000000008007d66                z_shell_op_completion_insert
 .text.z_shell_op_char_delete
                0x0000000008007d6a       0x36 zephyr/libzephyr.a(shell_ops.c.obj)
                0x0000000008007d6a                z_shell_op_char_delete
 .text.z_shell_op_char_backspace
                0x0000000008007da0       0x22 zephyr/libzephyr.a(shell_ops.c.obj)
                0x0000000008007da0                z_shell_op_char_backspace
 .text.z_shell_raw_fprintf
                0x0000000008007dc2       0x1a zephyr/libzephyr.a(shell_help.c.obj)
 .text.cmd_comment
                0x0000000008007ddc        0x4 zephyr/libzephyr.a(shell_cmds.c.obj)
 .text.cmd_shell_stats_reset
                0x0000000008007de0        0x8 zephyr/libzephyr.a(shell_cmds.c.obj)
 .text.z_shell_raw_fprintf
                0x0000000008007de8       0x1a zephyr/libzephyr.a(shell_cmds.c.obj)
 .text.cmd_prompt_on
                0x0000000008007e02        0xc zephyr/libzephyr.a(shell_cmds.c.obj)
 .text.cmd_vt100_off
                0x0000000008007e0e       0x22 zephyr/libzephyr.a(shell_cmds.c.obj)
 .text.cmd_bacskpace_mode_delete
                0x0000000008007e30       0x22 zephyr/libzephyr.a(shell_cmds.c.obj)
 .text.cmd_colors_off
                0x0000000008007e52       0x22 zephyr/libzephyr.a(shell_cmds.c.obj)
 .text.cmd_bacskpace_mode_backspace
                0x0000000008007e74       0x22 zephyr/libzephyr.a(shell_cmds.c.obj)
 .text.cmd_echo_off
                0x0000000008007e96       0x22 zephyr/libzephyr.a(shell_cmds.c.obj)
 .text.cmd_colors_on
                0x0000000008007eb8       0x22 zephyr/libzephyr.a(shell_cmds.c.obj)
 .text.cmd_vt100_on
                0x0000000008007eda       0x22 zephyr/libzephyr.a(shell_cmds.c.obj)
 .text.cmd_echo_on
                0x0000000008007efc       0x22 zephyr/libzephyr.a(shell_cmds.c.obj)
 .text.remove_from_tail.part.0
                0x0000000008007f1e       0x24 zephyr/libzephyr.a(shell_history.c.obj)
 .text.z_shell_history_mode_exit
                0x0000000008007f42        0x6 zephyr/libzephyr.a(shell_history.c.obj)
                0x0000000008007f42                z_shell_history_mode_exit
 .text.z_shell_history_get
                0x0000000008007f48       0x56 zephyr/libzephyr.a(shell_history.c.obj)
                0x0000000008007f48                z_shell_history_get
 .text.z_shell_history_purge
                0x0000000008007f9e       0x18 zephyr/libzephyr.a(shell_history.c.obj)
                0x0000000008007f9e                z_shell_history_purge
 .text.z_shell_history_put
                0x0000000008007fb6       0xd0 zephyr/libzephyr.a(shell_history.c.obj)
                0x0000000008007fb6                z_shell_history_put
 .text.z_shell_history_init
                0x0000000008008086        0xc zephyr/libzephyr.a(shell_history.c.obj)
                0x0000000008008086                z_shell_history_init
 .text.z_shell_has_wildcard
                0x0000000008008092       0x28 zephyr/libzephyr.a(shell_wildcard.c.obj)
                0x0000000008008092                z_shell_has_wildcard
 .text.z_shell_wildcard_prepare
                0x00000000080080ba       0x40 zephyr/libzephyr.a(shell_wildcard.c.obj)
                0x00000000080080ba                z_shell_wildcard_prepare
 .text.z_shell_wildcard_finalize
                0x00000000080080fa       0x1e zephyr/libzephyr.a(shell_wildcard.c.obj)
                0x00000000080080fa                z_shell_wildcard_finalize
 .text.z_arm_fatal_error
                0x0000000008008118        0x4 zephyr/arch/arch/arm/core/libarch__arm__core.a(fatal.c.obj)
                0x0000000008008118                z_arm_fatal_error
 .text.z_do_kernel_oops
                0x000000000800811c        0x8 zephyr/arch/arch/arm/core/libarch__arm__core.a(fatal.c.obj)
                0x000000000800811c                z_do_kernel_oops
 .text.z_arm_nmi
                0x0000000008008124        0xe zephyr/arch/arch/arm/core/libarch__arm__core.a(nmi.c.obj)
                0x0000000008008124                z_arm_nmi
 .text.z_irq_spurious
                0x0000000008008132        0x8 zephyr/arch/arch/arm/core/cortex_m/libarch__arm__core__cortex_m.a(irq_manage.c.obj)
                0x0000000008008132                z_irq_spurious
 .text.size_to_mpu_rasr_size
                0x000000000800813a       0x20 zephyr/arch/arch/arm/core/mpu/libarch__arm__core__mpu.a(arm_mpu.c.obj)
 .text.mpu_configure_regions
                0x000000000800815a       0x5c zephyr/arch/arch/arm/core/mpu/libarch__arm__core__mpu.a(arm_mpu.c.obj)
 .text.cbputc   0x00000000080081b6        0xc zephyr/lib/libc/picolibc/liblib__libc__picolibc.a(libc-hooks.c.obj)
 .text.picolibc_put
                0x00000000080081c2        0xa zephyr/lib/libc/picolibc/liblib__libc__picolibc.a(libc-hooks.c.obj)
 .text.fnmatchx
                0x00000000080081cc      0x23c zephyr/lib/posix/liblib__posix.a(fnmatch.c.obj)
 .text.fnmatch  0x0000000008008408        0x6 zephyr/lib/posix/liblib__posix.a(fnmatch.c.obj)
                0x0000000008008408                fnmatch
 .text._zbus_notify_observer.constprop.0
                0x000000000800840e       0x2e zephyr/subsys/zbus/libsubsys__zbus.a(zbus.c.obj)
 .text.zbus_chan_pub
                0x000000000800843c       0x62 zephyr/subsys/zbus/libsubsys__zbus.a(zbus.c.obj)
                0x000000000800843c                zbus_chan_pub
 .text.zbus_chan_read
                0x000000000800849e       0x28 zephyr/subsys/zbus/libsubsys__zbus.a(zbus.c.obj)
                0x000000000800849e                zbus_chan_read
 .text.zbus_sub_wait
                0x00000000080084c6        0x6 zephyr/subsys/zbus/libsubsys__zbus.a(zbus.c.obj)
                0x00000000080084c6                zbus_sub_wait
 .text.stm32_exti_init
                0x00000000080084cc       0x92 zephyr/drivers/interrupt_controller/libdrivers__interrupt_controller.a(intc_exti_stm32.c.obj)
 .text.stm32_clock_control_on
                0x000000000800855e       0x24 zephyr/drivers/clock_control/libdrivers__clock_control.a(clock_stm32_ll_common.c.obj)
 .text.stm32_clock_control_off
                0x0000000008008582       0x24 zephyr/drivers/clock_control/libdrivers__clock_control.a(clock_stm32_ll_common.c.obj)
 .text.stm32_clock_control_configure
                0x00000000080085a6       0x5c zephyr/drivers/clock_control/libdrivers__clock_control.a(clock_stm32_ll_common.c.obj)
 .text.stm32_clock_control_get_status
                0x0000000008008602       0x36 zephyr/drivers/clock_control/libdrivers__clock_control.a(clock_stm32_ll_common.c.obj)
 .text.gpio_stm32_port_get_raw
                0x0000000008008638        0xc zephyr/drivers/gpio/libdrivers__gpio.a(gpio_stm32.c.obj)
 .text.gpio_stm32_port_set_masked_raw
                0x0000000008008644       0x12 zephyr/drivers/gpio/libdrivers__gpio.a(gpio_stm32.c.obj)
 .text.gpio_stm32_port_set_bits_raw
                0x0000000008008656        0xa zephyr/drivers/gpio/libdrivers__gpio.a(gpio_stm32.c.obj)
 .text.gpio_stm32_port_clear_bits_raw
                0x0000000008008660        0xa zephyr/drivers/gpio/libdrivers__gpio.a(gpio_stm32.c.obj)
 .text.gpio_stm32_port_toggle_bits
                0x000000000800866a        0xe zephyr/drivers/gpio/libdrivers__gpio.a(gpio_stm32.c.obj)
 .text.gpio_stm32_manage_callback
                0x0000000008008678       0x52 zephyr/drivers/gpio/libdrivers__gpio.a(gpio_stm32.c.obj)
 .text.gpio_stm32_configure_raw.isra.0
                0x00000000080086ca      0x106 zephyr/drivers/gpio/libdrivers__gpio.a(gpio_stm32.c.obj)
 .text.gpio_stm32_config
                0x00000000080087d0       0x72 zephyr/drivers/gpio/libdrivers__gpio.a(gpio_stm32.c.obj)
 .text.gpio_stm32_isr
                0x0000000008008842       0x2e zephyr/drivers/gpio/libdrivers__gpio.a(gpio_stm32.c.obj)
 .text.gpio_stm32_configure
                0x0000000008008870       0x2a zephyr/drivers/gpio/libdrivers__gpio.a(gpio_stm32.c.obj)
                0x0000000008008870                gpio_stm32_configure
 .text.pinctrl_lookup_state
                0x000000000800889a       0x26 zephyr/drivers/pinctrl/libdrivers__pinctrl.a(common.c.obj)
                0x000000000800889a                pinctrl_lookup_state
 .text.reset_stm32_status
                0x00000000080088c0       0x20 zephyr/drivers/reset/libdrivers__reset.a(reset_stm32.c.obj)
 .text.reset_stm32_line_assert
                0x00000000080088e0       0x1c zephyr/drivers/reset/libdrivers__reset.a(reset_stm32.c.obj)
 .text.reset_stm32_line_deassert
                0x00000000080088fc       0x1e zephyr/drivers/reset/libdrivers__reset.a(reset_stm32.c.obj)
 .text.reset_stm32_line_toggle
                0x000000000800891a       0x16 zephyr/drivers/reset/libdrivers__reset.a(reset_stm32.c.obj)
 .text.uart_stm32_ll2cfg_databits
                0x0000000008008930       0x2a zephyr/drivers/serial/libdrivers__serial.a(uart_stm32.c.obj)
 .text.uart_stm32_err_check
                0x000000000800895a       0x62 zephyr/drivers/serial/libdrivers__serial.a(uart_stm32.c.obj)
 .text.uart_stm32_irq_tx_enable
                0x00000000080089bc       0x16 zephyr/drivers/serial/libdrivers__serial.a(uart_stm32.c.obj)
 .text.uart_stm32_irq_tx_disable
                0x00000000080089d2       0x16 zephyr/drivers/serial/libdrivers__serial.a(uart_stm32.c.obj)
 .text.uart_stm32_irq_rx_enable
                0x00000000080089e8       0x16 zephyr/drivers/serial/libdrivers__serial.a(uart_stm32.c.obj)
 .text.uart_stm32_irq_rx_disable
                0x00000000080089fe       0x16 zephyr/drivers/serial/libdrivers__serial.a(uart_stm32.c.obj)
 .text.uart_stm32_irq_rx_ready
                0x0000000008008a14        0xc zephyr/drivers/serial/libdrivers__serial.a(uart_stm32.c.obj)
 .text.uart_stm32_irq_update
                0x0000000008008a20        0x4 zephyr/drivers/serial/libdrivers__serial.a(uart_stm32.c.obj)
 .text.uart_stm32_irq_callback_set
                0x0000000008008a24        0x8 zephyr/drivers/serial/libdrivers__serial.a(uart_stm32.c.obj)
 .text.uart_stm32_isr
                0x0000000008008a2c        0xc zephyr/drivers/serial/libdrivers__serial.a(uart_stm32.c.obj)
 .text.uart_stm32_irq_config_func_0
                0x0000000008008a38       0x16 zephyr/drivers/serial/libdrivers__serial.a(uart_stm32.c.obj)
 .text.uart_stm32_irq_config_func_1
                0x0000000008008a4e       0x16 zephyr/drivers/serial/libdrivers__serial.a(uart_stm32.c.obj)
 .text.uart_stm32_irq_tx_complete
                0x0000000008008a64        0xc zephyr/drivers/serial/libdrivers__serial.a(uart_stm32.c.obj)
 .text.uart_stm32_irq_tx_ready
                0x0000000008008a70       0x14 zephyr/drivers/serial/libdrivers__serial.a(uart_stm32.c.obj)
 .text.uart_stm32_config_get
                0x0000000008008a84       0x92 zephyr/drivers/serial/libdrivers__serial.a(uart_stm32.c.obj)
 .text.uart_stm32_fifo_fill
                0x0000000008008b16       0x64 zephyr/drivers/serial/libdrivers__serial.a(uart_stm32.c.obj)
 .text.uart_stm32_poll_out
                0x0000000008008b7a       0x3a zephyr/drivers/serial/libdrivers__serial.a(uart_stm32.c.obj)
 .text.uart_stm32_irq_is_pending
                0x0000000008008bb4       0x24 zephyr/drivers/serial/libdrivers__serial.a(uart_stm32.c.obj)
 .text.uart_stm32_fifo_read
                0x0000000008008bd8       0x4c zephyr/drivers/serial/libdrivers__serial.a(uart_stm32.c.obj)
 .text.uart_stm32_poll_in
                0x0000000008008c24       0x22 zephyr/drivers/serial/libdrivers__serial.a(uart_stm32.c.obj)
 .text.uart_stm32_parameters_set
                0x0000000008008c46      0x136 zephyr/drivers/serial/libdrivers__serial.a(uart_stm32.c.obj)
 .text.z_device_state_init
                0x0000000008008d7c        0x2 zephyr/kernel/libkernel.a(device.c.obj)
                0x0000000008008d7c                z_device_state_init
 .text.z_device_is_ready
                0x0000000008008d7e       0x16 zephyr/kernel/libkernel.a(device.c.obj)
                0x0000000008008d7e                z_device_is_ready
 .text.arch_system_halt
                0x0000000008008d94       0x12 zephyr/kernel/libkernel.a(fatal.c.obj)
                0x0000000008008d94                arch_system_halt
 .text.k_sys_fatal_error_handler
                0x0000000008008da6        0x6 zephyr/kernel/libkernel.a(fatal.c.obj)
                0x0000000008008da6                k_sys_fatal_error_handler
 .text.z_early_memset
                0x0000000008008dac        0x4 zephyr/kernel/libkernel.a(init.c.obj)
                0x0000000008008dac                z_early_memset
 .text.z_early_memcpy
                0x0000000008008db0        0x4 zephyr/kernel/libkernel.a(init.c.obj)
                0x0000000008008db0                z_early_memcpy
 .text.k_is_in_isr
                0x0000000008008db4        0xc zephyr/kernel/libkernel.a(thread.c.obj)
                0x0000000008008db4                k_is_in_isr
 .text.k_thread_name_get
                0x0000000008008dc0        0x4 zephyr/kernel/libkernel.a(thread.c.obj)
                0x0000000008008dc0                k_thread_name_get
 .text.z_impl_k_thread_start
                0x0000000008008dc4        0x4 zephyr/kernel/libkernel.a(thread.c.obj)
                0x0000000008008dc4                z_impl_k_thread_start
 .text.z_stack_space_get
                0x0000000008008dc8       0x18 zephyr/kernel/libkernel.a(thread.c.obj)
                0x0000000008008dc8                z_stack_space_get
 .text.z_impl_k_thread_stack_space_get
                0x0000000008008de0        0xa zephyr/kernel/libkernel.a(thread.c.obj)
                0x0000000008008de0                z_impl_k_thread_stack_space_get
 .text.z_thread_mark_switched_out
                0x0000000008008dea        0x4 zephyr/kernel/libkernel.a(thread.c.obj)
                0x0000000008008dea                z_thread_mark_switched_out
 .text.k_thread_runtime_stats_get
                0x0000000008008dee       0x14 zephyr/kernel/libkernel.a(thread.c.obj)
                0x0000000008008dee                k_thread_runtime_stats_get
 .text.k_thread_runtime_stats_all_get
                0x0000000008008e02       0x5a zephyr/kernel/libkernel.a(thread.c.obj)
                0x0000000008008e02                k_thread_runtime_stats_all_get
 .text.idle     0x0000000008008e5c       0x18 zephyr/kernel/libkernel.a(idle.c.obj)
                0x0000000008008e5c                idle
 .text.adjust_owner_prio.isra.0
                0x0000000008008e74       0x10 zephyr/kernel/libkernel.a(mutex.c.obj)
 .text.z_impl_k_mutex_init
                0x0000000008008e84        0xe zephyr/kernel/libkernel.a(mutex.c.obj)
                0x0000000008008e84                z_impl_k_mutex_init
 .text.flag_test_and_clear
                0x0000000008008e92       0x16 zephyr/kernel/libkernel.a(work.c.obj)
 .text.unschedule_locked
                0x0000000008008ea8       0x1e zephyr/kernel/libkernel.a(work.c.obj)
 .text.notify_queue_locked.isra.0
                0x0000000008008ec6        0xe zephyr/kernel/libkernel.a(work.c.obj)
 .text.work_timeout
                0x0000000008008ed4       0x3e zephyr/kernel/libkernel.a(work.c.obj)
 .text.k_work_init
                0x0000000008008f12       0x12 zephyr/kernel/libkernel.a(work.c.obj)
                0x0000000008008f12                k_work_init
 .text.z_work_submit_to_queue
                0x0000000008008f24       0x28 zephyr/kernel/libkernel.a(work.c.obj)
                0x0000000008008f24                z_work_submit_to_queue
 .text.k_work_submit_to_queue
                0x0000000008008f4c       0x22 zephyr/kernel/libkernel.a(work.c.obj)
                0x0000000008008f4c                k_work_submit_to_queue
 .text.sys_dlist_remove
                0x0000000008008f6e       0x10 zephyr/kernel/libkernel.a(sched.c.obj)
 .text.unpend_thread_no_timeout
                0x0000000008008f7e       0x14 zephyr/kernel/libkernel.a(sched.c.obj)
 .text.z_sched_prio_cmp
                0x0000000008008f92       0x12 zephyr/kernel/libkernel.a(sched.c.obj)
                0x0000000008008f92                z_sched_prio_cmp
 .text.add_to_waitq_locked
                0x0000000008008fa4       0x50 zephyr/kernel/libkernel.a(sched.c.obj)
 .text.z_ready_thread
                0x0000000008008ff4       0x20 zephyr/kernel/libkernel.a(sched.c.obj)
                0x0000000008008ff4                z_ready_thread
 .text.z_impl_k_thread_suspend
                0x0000000008009014       0x36 zephyr/kernel/libkernel.a(sched.c.obj)
                0x0000000008009014                z_impl_k_thread_suspend
 .text.z_sched_wake_thread
                0x000000000800904a       0x44 zephyr/kernel/libkernel.a(sched.c.obj)
                0x000000000800904a                z_sched_wake_thread
 .text.z_thread_timeout
                0x000000000800908e        0x8 zephyr/kernel/libkernel.a(sched.c.obj)
                0x000000000800908e                z_thread_timeout
 .text.z_unpend1_no_timeout
                0x0000000008009096       0x2e zephyr/kernel/libkernel.a(sched.c.obj)
                0x0000000008009096                z_unpend1_no_timeout
 .text.z_unpend_first_thread
                0x00000000080090c4       0x38 zephyr/kernel/libkernel.a(sched.c.obj)
                0x00000000080090c4                z_unpend_first_thread
 .text.z_unpend_thread
                0x00000000080090fc       0x30 zephyr/kernel/libkernel.a(sched.c.obj)
                0x00000000080090fc                z_unpend_thread
 .text.z_reschedule_irqlock
                0x000000000800912c       0x18 zephyr/kernel/libkernel.a(sched.c.obj)
                0x000000000800912c                z_reschedule_irqlock
 .text.z_reschedule_unlocked
                0x0000000008009144       0x14 zephyr/kernel/libkernel.a(sched.c.obj)
 .text.z_thread_abort
                0x0000000008009158       0x42 zephyr/kernel/libkernel.a(sched.c.obj)
                0x0000000008009158                z_thread_abort
 .text.z_sched_wake
                0x000000000800919a       0x48 zephyr/kernel/libkernel.a(sched.c.obj)
                0x000000000800919a                z_sched_wake
 .text.z_abort_timeout
                0x00000000080091e2       0x2c zephyr/kernel/libkernel.a(timeout.c.obj)
                0x00000000080091e2                z_abort_timeout
 .text.sys_clock_tick_get_32
                0x000000000800920e        0x8 zephyr/kernel/libkernel.a(timeout.c.obj)
                0x000000000800920e                sys_clock_tick_get_32
 .text.z_impl_k_uptime_ticks
                0x0000000008009216        0x4 zephyr/kernel/libkernel.a(timeout.c.obj)
                0x0000000008009216                z_impl_k_uptime_ticks
 .text.sys_timepoint_calc
                0x000000000800921a       0x48 zephyr/kernel/libkernel.a(timeout.c.obj)
                0x000000000800921a                sys_timepoint_calc
 .text.sys_timepoint_timeout
                0x0000000008009262       0x42 zephyr/kernel/libkernel.a(timeout.c.obj)
                0x0000000008009262                sys_timepoint_timeout
 .text.z_impl_k_timer_stop
                0x00000000080092a4       0x3a zephyr/kernel/libkernel.a(timer.c.obj)
                0x00000000080092a4                z_impl_k_timer_stop
 .text.clear_event_registrations
                0x00000000080092de       0x5e zephyr/kernel/libkernel.a(poll.c.obj)
 .text.add_event
                0x000000000800933c       0x62 zephyr/kernel/libkernel.a(poll.c.obj)
 .text.register_events
                0x000000000800939e       0xee zephyr/kernel/libkernel.a(poll.c.obj)
 .text.signal_poll_event
                0x000000000800948c       0x8c zephyr/kernel/libkernel.a(poll.c.obj)
 .text.k_poll_event_init
                0x0000000008009518       0x1e zephyr/kernel/libkernel.a(poll.c.obj)
                0x0000000008009518                k_poll_event_init
 .text.z_handle_obj_poll_events
                0x0000000008009536       0x36 zephyr/kernel/libkernel.a(poll.c.obj)
                0x0000000008009536                z_handle_obj_poll_events
 .text.z_impl_k_poll_signal_init
                0x000000000800956c        0xa zephyr/kernel/libkernel.a(poll.c.obj)
                0x000000000800956c                z_impl_k_poll_signal_init
 .text.z_impl_k_poll_signal_reset
                0x0000000008009576        0x6 zephyr/kernel/libkernel.a(poll.c.obj)
                0x0000000008009576                z_impl_k_poll_signal_reset
 .text.z_impl_k_poll_signal_check
                0x000000000800957c        0xa zephyr/kernel/libkernel.a(poll.c.obj)
                0x000000000800957c                z_impl_k_poll_signal_check
 .text.sched_cpu_update_usage
                0x0000000008009586       0x20 zephyr/kernel/libkernel.a(usage.c.obj)
 .text.k_heap_init
                0x00000000080095a6       0x10 zephyr/kernel/libkernel.a(kheap.c.obj)
                0x00000000080095a6                k_heap_init
 .text.memcmp   0x00000000080095b6       0x20 /home/gustavo/zephyr-sdk-0.16.3/arm-zephyr-eabi/bin/../lib/gcc/../../picolibc/arm-zephyr-eabi/lib/thumb/v7e-m/nofp/libc.a(libc_string_memcmp.c.o)
                0x00000000080095b6                memcmp
 .text.strchr   0x00000000080095d6       0x1a /home/gustavo/zephyr-sdk-0.16.3/arm-zephyr-eabi/bin/../lib/gcc/../../picolibc/arm-zephyr-eabi/lib/thumb/v7e-m/nofp/libc.a(libc_string_strchr.c.o)
                0x00000000080095d6                strchr
 .text.strncmp  0x00000000080095f0       0x24 /home/gustavo/zephyr-sdk-0.16.3/arm-zephyr-eabi/bin/../lib/gcc/../../picolibc/arm-zephyr-eabi/lib/thumb/v7e-m/nofp/libc.a(libc_string_strncmp.c.o)
                0x00000000080095f0                strncmp
 .text.strncpy  0x0000000008009614       0x20 /home/gustavo/zephyr-sdk-0.16.3/arm-zephyr-eabi/bin/../lib/gcc/../../picolibc/arm-zephyr-eabi/lib/thumb/v7e-m/nofp/libc.a(libc_string_strncpy.c.o)
                0x0000000008009614                strncpy
 .text.strnlen  0x0000000008009634       0x18 /home/gustavo/zephyr-sdk-0.16.3/arm-zephyr-eabi/bin/../lib/gcc/../../picolibc/arm-zephyr-eabi/lib/thumb/v7e-m/nofp/libc.a(libc_string_strnlen.c.o)
                0x0000000008009634                strnlen
 .text.strstr   0x000000000800964c       0x2c /home/gustavo/zephyr-sdk-0.16.3/arm-zephyr-eabi/bin/../lib/gcc/../../picolibc/arm-zephyr-eabi/lib/thumb/v7e-m/nofp/libc.a(libc_string_strstr.c.o)
                0x000000000800964c                strstr
 .text.__ultoa_invert
                0x0000000008009678       0x58 /home/gustavo/zephyr-sdk-0.16.3/arm-zephyr-eabi/bin/../lib/gcc/../../picolibc/arm-zephyr-eabi/lib/thumb/v7e-m/nofp/libc.a(libc_tinystdio_vfprintf.c.o)
 .text.mulShiftAll64
                0x00000000080096d0      0x176 /home/gustavo/zephyr-sdk-0.16.3/arm-zephyr-eabi/bin/../lib/gcc/../../picolibc/arm-zephyr-eabi/lib/thumb/v7e-m/nofp/libc.a(libc_tinystdio_dtoa_ryu.c.o)
 .text.__umul128
                0x0000000008009846       0x36 /home/gustavo/zephyr-sdk-0.16.3/arm-zephyr-eabi/bin/../lib/gcc/../../picolibc/arm-zephyr-eabi/lib/thumb/v7e-m/nofp/libc.a(libc_tinystdio_ryu_umul128.c.o)
                0x0000000008009846                __umul128
 .text.__shiftright128
                0x000000000800987c       0x3e /home/gustavo/zephyr-sdk-0.16.3/arm-zephyr-eabi/bin/../lib/gcc/../../picolibc/arm-zephyr-eabi/lib/thumb/v7e-m/nofp/libc.a(libc_tinystdio_ryu_umul128.c.o)
                0x000000000800987c                __shiftright128
 .text.memcpy   0x00000000080098ba       0x1c /home/gustavo/zephyr-sdk-0.16.3/arm-zephyr-eabi/bin/../lib/gcc/../../picolibc/arm-zephyr-eabi/lib/thumb/v7e-m/nofp/libc.a(memcpy.c.o)
                0x00000000080098ba                memcpy
                0x00000000080098ba                __aeabi_memcpy
                0x00000000080098ba                __aeabi_memcpy4
                0x00000000080098ba                __aeabi_memcpy8
 .text.memmove  0x00000000080098d6       0x34 /home/gustavo/zephyr-sdk-0.16.3/arm-zephyr-eabi/bin/../lib/gcc/../../picolibc/arm-zephyr-eabi/lib/thumb/v7e-m/nofp/libc.a(memmove.c.o)
                0x00000000080098d6                memmove
                0x00000000080098d6                __aeabi_memmove8
                0x00000000080098d6                __aeabi_memmove
                0x00000000080098d6                __aeabi_memmove4
 .text.memset   0x000000000800990a       0x10 /home/gustavo/zephyr-sdk-0.16.3/arm-zephyr-eabi/bin/../lib/gcc/../../picolibc/arm-zephyr-eabi/lib/thumb/v7e-m/nofp/libc.a(memset.c.o)
                0x000000000800990a                memset
 .text.__file_str_put
                0x000000000800991a       0x10 /home/gustavo/zephyr-sdk-0.16.3/arm-zephyr-eabi/bin/../lib/gcc/../../picolibc/arm-zephyr-eabi/lib/thumb/v7e-m/nofp/libc.a(libc_tinystdio_filestrput.c.o)
                0x000000000800991a                __file_str_put
 *(SORT_BY_ALIGNMENT(.TEXT.*))
 *fill*         0x000000000800992a        0x2 
 .TEXT.__aeabi_read_tp
                0x000000000800992c        0xc zephyr/arch/arch/arm/core/cortex_m/libarch__arm__core__cortex_m.a(__aeabi_read_tp.S.obj)
                0x000000000800992c                __aeabi_read_tp
 *(SORT_BY_ALIGNMENT(.gnu.linkonce.t.*))
 *(SORT_BY_ALIGNMENT(.glue_7t))
 .glue_7t       0x0000000008009938        0x0 linker stubs
 *(SORT_BY_ALIGNMENT(.glue_7))
 .glue_7        0x0000000008009938        0x0 linker stubs
 *(SORT_BY_ALIGNMENT(.vfp11_veneer))
 .vfp11_veneer  0x0000000008009938        0x0 linker stubs
 *(SORT_BY_ALIGNMENT(.v4_bx))
 .v4_bx         0x0000000008009938        0x0 linker stubs
                0x0000000008009938                . = ALIGN (0x4)
                0x0000000008009938                __text_region_end = .

.ARM.exidx      0x0000000008009938        0x8
                0x0000000008009938                __exidx_start = .
 *(SORT_BY_ALIGNMENT(.ARM.exidx*) SORT_BY_ALIGNMENT(gnu.linkonce.armexidx.*))
 .ARM.exidx     0x0000000008009938        0x8 /home/gustavo/zephyr-sdk-0.16.3/arm-zephyr-eabi/bin/../lib/gcc/arm-zephyr-eabi/12.2.0/thumb/v7e-m/nofp/libgcc.a(_udivmoddi4.o)
 .ARM.exidx     0x0000000008009940        0x0 /home/gustavo/zephyr-sdk-0.16.3/arm-zephyr-eabi/bin/../lib/gcc/../../picolibc/arm-zephyr-eabi/lib/thumb/v7e-m/nofp/libc.a(strcmp.S.o)
                                          0x8 (size before relaxing)
 .ARM.exidx     0x0000000008009940        0x0 /home/gustavo/zephyr-sdk-0.16.3/arm-zephyr-eabi/bin/../lib/gcc/../../picolibc/arm-zephyr-eabi/lib/thumb/v7e-m/nofp/libc.a(strcpy.S.o)
                                          0x8 (size before relaxing)
 .ARM.exidx     0x0000000008009940        0x0 /home/gustavo/zephyr-sdk-0.16.3/arm-zephyr-eabi/bin/../lib/gcc/../../picolibc/arm-zephyr-eabi/lib/thumb/v7e-m/nofp/libc.a(strlen.S.o)
                                          0x8 (size before relaxing)
                0x0000000008009940                __exidx_end = .
                0x0000000008009940                __rodata_region_start = .

initlevel       0x0000000008009940       0xa8
                0x0000000008009940                __init_start = .
                0x0000000008009940                __init_EARLY_start = .
 *(SORT_BY_NAME(SORT_BY_ALIGNMENT(.z_init_EARLY?_*)))
 *(SORT_BY_NAME(SORT_BY_ALIGNMENT(.z_init_EARLY??_*)))
                0x0000000008009940                __init_PRE_KERNEL_1_start = .
 *(SORT_BY_NAME(SORT_BY_ALIGNMENT(.z_init_PRE_KERNEL_1?_*)))
 .z_init_PRE_KERNEL_10_0_
                0x0000000008009940        0x8 zephyr/libzephyr.a(soc.c.obj)
 .z_init_PRE_KERNEL_11_00009_
                0x0000000008009948        0x8 zephyr/drivers/clock_control/libdrivers__clock_control.a(clock_stm32_ll_common.c.obj)
 .z_init_PRE_KERNEL_11_0_
                0x0000000008009950        0x8 zephyr/libzephyr.a(soc_config.c.obj)
 *(SORT_BY_NAME(SORT_BY_ALIGNMENT(.z_init_PRE_KERNEL_1??_*)))
 .z_init_PRE_KERNEL_130_0_
                0x0000000008009958        0x8 zephyr/kernel/libkernel.a(kheap.c.obj)
 .z_init_PRE_KERNEL_135_00035_
                0x0000000008009960        0x8 zephyr/drivers/reset/libdrivers__reset.a(reset_stm32.c.obj)
 .z_init_PRE_KERNEL_140_00017_
                0x0000000008009968        0x8 zephyr/drivers/gpio/libdrivers__gpio.a(gpio_stm32.c.obj)
 .z_init_PRE_KERNEL_140_00029_
                0x0000000008009970        0x8 zephyr/drivers/gpio/libdrivers__gpio.a(gpio_stm32.c.obj)
 .z_init_PRE_KERNEL_140_00064_
                0x0000000008009978        0x8 zephyr/drivers/interrupt_controller/libdrivers__interrupt_controller.a(intc_exti_stm32.c.obj)
 .z_init_PRE_KERNEL_140_00089_
                0x0000000008009980        0x8 zephyr/drivers/gpio/libdrivers__gpio.a(gpio_stm32.c.obj)
 .z_init_PRE_KERNEL_140_00108_
                0x0000000008009988        0x8 zephyr/drivers/gpio/libdrivers__gpio.a(gpio_stm32.c.obj)
 .z_init_PRE_KERNEL_140_00109_
                0x0000000008009990        0x8 zephyr/drivers/gpio/libdrivers__gpio.a(gpio_stm32.c.obj)
 .z_init_PRE_KERNEL_140_00110_
                0x0000000008009998        0x8 zephyr/drivers/gpio/libdrivers__gpio.a(gpio_stm32.c.obj)
 .z_init_PRE_KERNEL_140_00111_
                0x00000000080099a0        0x8 zephyr/drivers/gpio/libdrivers__gpio.a(gpio_stm32.c.obj)
 .z_init_PRE_KERNEL_155_00075_
                0x00000000080099a8        0x8 zephyr/drivers/serial/libdrivers__serial.a(uart_stm32.c.obj)
 .z_init_PRE_KERNEL_155_00078_
                0x00000000080099b0        0x8 zephyr/drivers/serial/libdrivers__serial.a(uart_stm32.c.obj)
 .z_init_PRE_KERNEL_160_0_
                0x00000000080099b8        0x8 zephyr/drivers/console/libdrivers__console.a(uart_console.c.obj)
                0x00000000080099c0                __init_PRE_KERNEL_2_start = .
 *(SORT_BY_NAME(SORT_BY_ALIGNMENT(.z_init_PRE_KERNEL_2?_*)))
 .z_init_PRE_KERNEL_20_0_
                0x00000000080099c0        0x8 zephyr/drivers/timer/libdrivers__timer.a(cortex_m_systick.c.obj)
 *(SORT_BY_NAME(SORT_BY_ALIGNMENT(.z_init_PRE_KERNEL_2??_*)))
                0x00000000080099c8                __init_POST_KERNEL_start = .
 *(SORT_BY_NAME(SORT_BY_ALIGNMENT(.z_init_POST_KERNEL?_*)))
 .z_init_POST_KERNEL0_0_
                0x00000000080099c8        0x8 zephyr/libzephyr.a(shell_uart.c.obj)
 *(SORT_BY_NAME(SORT_BY_ALIGNMENT(.z_init_POST_KERNEL??_*)))
 .z_init_POST_KERNEL40_0_
                0x00000000080099d0        0x8 zephyr/lib/libc/common/liblib__libc__common.a(malloc.c.obj)
 .z_init_POST_KERNEL40_0_
                0x00000000080099d8        0x8 zephyr/kernel/libkernel.a(system_work_q.c.obj)
                0x00000000080099e0                __init_APPLICATION_start = .
 *(SORT_BY_NAME(SORT_BY_ALIGNMENT(.z_init_APPLICATION?_*)))
 .z_init_APPLICATION5_0_
                0x00000000080099e0        0x8 zephyr/subsys/zbus/libsubsys__zbus.a(zbus.c.obj)
 *(SORT_BY_NAME(SORT_BY_ALIGNMENT(.z_init_APPLICATION??_*)))
                0x00000000080099e8                __init_SMP_start = .
 *(SORT_BY_NAME(SORT_BY_ALIGNMENT(.z_init_SMP?_*)))
 *(SORT_BY_NAME(SORT_BY_ALIGNMENT(.z_init_SMP??_*)))
                0x00000000080099e8                __init_end = .

device_area     0x00000000080099e8       0xf0
                0x00000000080099e8                _device_list_start = .
 *(SORT_BY_NAME(SORT_BY_ALIGNMENT(._device.static.*_?_*)))
 ._device.static.1_1_
                0x00000000080099e8       0x14 zephyr/drivers/clock_control/libdrivers__clock_control.a(clock_stm32_ll_common.c.obj)
                0x00000000080099e8                __device_dts_ord_9
 *(SORT_BY_NAME(SORT_BY_ALIGNMENT(._device.static.*_??_*)))
 ._device.static.1_35_
                0x00000000080099fc       0x14 zephyr/drivers/reset/libdrivers__reset.a(reset_stm32.c.obj)
                0x00000000080099fc                __device_dts_ord_35
 ._device.static.1_40_
                0x0000000008009a10       0x14 zephyr/drivers/interrupt_controller/libdrivers__interrupt_controller.a(intc_exti_stm32.c.obj)
                0x0000000008009a10                __device_dts_ord_64
 ._device.static.1_40_
                0x0000000008009a24       0x8c zephyr/drivers/gpio/libdrivers__gpio.a(gpio_stm32.c.obj)
                0x0000000008009a24                __device_dts_ord_111
                0x0000000008009a38                __device_dts_ord_110
                0x0000000008009a4c                __device_dts_ord_109
                0x0000000008009a60                __device_dts_ord_108
                0x0000000008009a74                __device_dts_ord_29
                0x0000000008009a88                __device_dts_ord_89
                0x0000000008009a9c                __device_dts_ord_17
 ._device.static.1_55_
                0x0000000008009ab0       0x28 zephyr/drivers/serial/libdrivers__serial.a(uart_stm32.c.obj)
                0x0000000008009ab0                __device_dts_ord_75
                0x0000000008009ac4                __device_dts_ord_78
                0x0000000008009ad8                _device_list_end = .

sw_isr_table    0x0000000008009ad8      0x330
                0x0000000008009ad8                . = ALIGN (0x4)
 *(SORT_BY_ALIGNMENT(.gnu.linkonce.sw_isr_table*))
 .gnu.linkonce.sw_isr_table
                0x0000000008009ad8      0x330 zephyr/arch/common/libisr_tables.a(isr_tables.c.obj)
                0x0000000008009ad8                _sw_isr_table

initlevel_error
                0x0000000008009940        0x0
 *(SORT_BY_NAME(SORT_BY_ALIGNMENT(.z_init_[_A-Z0-9]*)))
                0x0000000000000001                ASSERT ((SIZEOF (initlevel_error) == 0x0), Undefined initialization levels used.)

app_shmem_regions
                0x0000000008009e08        0x0
                0x0000000008009e08                __app_shmem_regions_start = .
 *(SORT_BY_NAME(SORT_BY_ALIGNMENT(.app_regions.*)))
                0x0000000008009e08                __app_shmem_regions_end = .

k_p4wq_initparam_area
                0x0000000008009e08        0x0
                0x0000000008009e08                _k_p4wq_initparam_list_start = .
 *(SORT_BY_NAME(SORT_BY_ALIGNMENT(._k_p4wq_initparam.static.*)))
                0x0000000008009e08                _k_p4wq_initparam_list_end = .

_static_thread_data_area
                0x0000000008009e08       0x30
                0x0000000008009e08                __static_thread_data_list_start = .
 *(SORT_BY_NAME(SORT_BY_ALIGNMENT(.__static_thread_data.static.*)))
 .__static_thread_data.static._k_thread_data_button_thread_id_
                0x0000000008009e08       0x30 app/libapp.a(main.c.obj)
                0x0000000008009e08                _k_thread_data_button_thread_id
                0x0000000008009e38                __static_thread_data_list_end = .

device_deps     0x0000000008009e38        0x0
                0x0000000008009e38                __device_deps_start = .
 *(SORT_BY_NAME(SORT_BY_ALIGNMENT(.__device_deps_pass2*)))
                0x0000000008009e38                __device_deps_end = .

ztest           0x0000000008009e38        0x0
                0x0000000008009e38                _ztest_expected_result_entry_list_start = .
 *(SORT_BY_NAME(SORT_BY_ALIGNMENT(._ztest_expected_result_entry.static.*)))
                0x0000000008009e38                _ztest_expected_result_entry_list_end = .
                0x0000000008009e38                _ztest_suite_node_list_start = .
 *(SORT_BY_NAME(SORT_BY_ALIGNMENT(._ztest_suite_node.static.*)))
                0x0000000008009e38                _ztest_suite_node_list_end = .
                0x0000000008009e38                _ztest_unit_test_list_start = .
 *(SORT_BY_NAME(SORT_BY_ALIGNMENT(._ztest_unit_test.static.*)))
                0x0000000008009e38                _ztest_unit_test_list_end = .
                0x0000000008009e38                _ztest_test_rule_list_start = .
 *(SORT_BY_NAME(SORT_BY_ALIGNMENT(._ztest_test_rule.static.*)))
                0x0000000008009e38                _ztest_test_rule_list_end = .

bt_l2cap_fixed_chan_area
                0x0000000008009e38        0x0
                0x0000000008009e38                _bt_l2cap_fixed_chan_list_start = .
 *(SORT_BY_NAME(SORT_BY_ALIGNMENT(._bt_l2cap_fixed_chan.static.*)))
                0x0000000008009e38                _bt_l2cap_fixed_chan_list_end = .

bt_gatt_service_static_area
                0x0000000008009e38        0x0
                0x0000000008009e38                _bt_gatt_service_static_list_start = .
 *(SORT_BY_NAME(SORT_BY_ALIGNMENT(._bt_gatt_service_static.static.*)))
                0x0000000008009e38                _bt_gatt_service_static_list_end = .

log_strings_area
                0x0000000008009e38        0x0
                0x0000000008009e38                _log_strings_list_start = .
 *(SORT_BY_NAME(SORT_BY_ALIGNMENT(._log_strings.static.*)))
                0x0000000008009e38                _log_strings_list_end = .

log_const_area  0x0000000008009e38        0x0
                0x0000000008009e38                _log_const_list_start = .
 *(SORT_BY_NAME(SORT_BY_ALIGNMENT(._log_const.static.*)))
                0x0000000008009e38                _log_const_list_end = .

log_backend_area
                0x0000000008009e38        0x0
                0x0000000008009e38                _log_backend_list_start = .
 *(SORT_BY_NAME(SORT_BY_ALIGNMENT(._log_backend.static.*)))
                0x0000000008009e38                _log_backend_list_end = .

log_link_area   0x0000000008009e38        0x0
                0x0000000008009e38                _log_link_list_start = .
 *(SORT_BY_NAME(SORT_BY_ALIGNMENT(._log_link.static.*)))
                0x0000000008009e38                _log_link_list_end = .

tracing_backend_area
                0x0000000008009e38        0x0
                0x0000000008009e38                _tracing_backend_list_start = .
 *(SORT_BY_NAME(SORT_BY_ALIGNMENT(._tracing_backend.static.*)))
                0x0000000008009e38                _tracing_backend_list_end = .

zephyr_dbg_info
 *(SORT_BY_ALIGNMENT(.dbg_thread_info))

zbus_channel_area
                0x0000000008009e38       0x18
                0x0000000008009e38                _zbus_channel_list_start = .
 *(SORT_BY_NAME(SORT_BY_ALIGNMENT(._zbus_channel.static.*)))
 ._zbus_channel.static.count_button_
                0x0000000008009e38       0x18 app/libapp.a(main.c.obj)
                0x0000000008009e38                count_button
                0x0000000008009e50                _zbus_channel_list_end = .

zbus_channel_observation_area
                0x0000000008009e50        0x8
                0x0000000008009e50                _zbus_channel_observation_list_start = .
 *(SORT_BY_NAME(SORT_BY_ALIGNMENT(._zbus_channel_observation.static.*)))
 ._zbus_channel_observation.static.count_button00_
                0x0000000008009e50        0x8 app/libapp.a(main.c.obj)
                0x0000000008009e50                count_button00
                0x0000000008009e58                _zbus_channel_observation_list_end = .

symbol_to_keep  0x0000000008009e58        0x0
                0x0000000008009e58                __symbol_to_keep_start = .
 *(SORT_BY_NAME(SORT_BY_ALIGNMENT(.symbol_to_keep*)))
                0x0000000008009e58                __symbol_to_keep_end = .

shell_area      0x0000000008009e58       0x2c
                0x0000000008009e58                _shell_list_start = .
 *(SORT_BY_NAME(SORT_BY_ALIGNMENT(._shell.static.*)))
 ._shell.static.shell_uart_
                0x0000000008009e58       0x2c zephyr/libzephyr.a(shell_uart.c.obj)
                0x0000000008009e84                _shell_list_end = .

shell_root_cmds_area
                0x0000000008009e84       0x2c
                0x0000000008009e84                _shell_root_cmds_list_start = .
 *(SORT_BY_NAME(SORT_BY_ALIGNMENT(._shell_root_cmds.static.*)))
 ._shell_root_cmds.static.shell_cmd_clear_
                0x0000000008009e84        0x4 zephyr/libzephyr.a(shell_cmds.c.obj)
 ._shell_root_cmds.static.shell_cmd_device_
                0x0000000008009e88        0x4 zephyr/libzephyr.a(device_service.c.obj)
 ._shell_root_cmds.static.shell_cmd_devmem_
                0x0000000008009e8c        0x4 zephyr/libzephyr.a(devmem_service.c.obj)
 ._shell_root_cmds.static.shell_cmd_help_
                0x0000000008009e90        0x4 zephyr/libzephyr.a(shell.c.obj)